../Third_party/FreeRTOS/queue.c:2384:19:prvIsQueueEmpty	8	static
../Third_party/FreeRTOS/queue.c:2160:19:prvCopyDataToQueue	24	static
../Third_party/FreeRTOS/queue.c:2243:13:prvCopyDataFromQueue	4	static
../Third_party/FreeRTOS/queue.c:2264:13:prvUnlockQueue	16	static
../Third_party/FreeRTOS/queue.c:266:12:xQueueGenericReset	16	static,ignoring_inline_asm
../Third_party/FreeRTOS/queue.c:398:19:xQueueGenericCreate	24	static
../Third_party/FreeRTOS/queue.c:805:12:xQueueGenericSend	48	static,ignoring_inline_asm
../Third_party/FreeRTOS/queue.c:542:19:xQueueCreateMutex	16	static
../Third_party/FreeRTOS/queue.c:1017:12:xQueueGenericSendFromISR	24	static,ignoring_inline_asm
../Third_party/FreeRTOS/queue.c:1184:12:xQueueGiveFromISR	16	static,ignoring_inline_asm
../Third_party/FreeRTOS/queue.c:1352:12:xQueueReceive	40	static,ignoring_inline_asm
../Third_party/FreeRTOS/queue.c:1495:12:xQueueSemaphoreTake	40	static,ignoring_inline_asm
../Third_party/FreeRTOS/queue.c:1714:12:xQueuePeek	40	static,ignoring_inline_asm
../Third_party/FreeRTOS/queue.c:1865:12:xQueueReceiveFromISR	24	static,ignoring_inline_asm
../Third_party/FreeRTOS/queue.c:1960:12:xQueuePeekFromISR	16	static,ignoring_inline_asm
../Third_party/FreeRTOS/queue.c:2015:13:uxQueueMessagesWaiting	8	static
../Third_party/FreeRTOS/queue.c:2031:13:uxQueueSpacesAvailable	8	static
../Third_party/FreeRTOS/queue.c:2048:13:uxQueueMessagesWaitingFromISR	0	static
../Third_party/FreeRTOS/queue.c:2104:17:uxQueueGetQueueNumber	0	static
../Third_party/FreeRTOS/queue.c:2114:10:vQueueSetQueueNumber	0	static
../Third_party/FreeRTOS/queue.c:2125:13:ucQueueGetQueueType	0	static
../Third_party/FreeRTOS/queue.c:2405:12:xQueueIsQueueEmptyFromISR	0	static
../Third_party/FreeRTOS/queue.c:2446:12:xQueueIsQueueFullFromISR	0	static
../Third_party/FreeRTOS/queue.c:2755:10:vQueueAddToRegistry	16	static
../Third_party/FreeRTOS/queue.c:2803:18:pcQueueGetName	0	static
../Third_party/FreeRTOS/queue.c:2834:10:vQueueUnregisterQueue	8	static
../Third_party/FreeRTOS/queue.c:2060:6:vQueueDelete	8	static
