../Third_party/FreeRTOS/tasks.c:5310:13:prvAddCurrentTaskToDelayedList	24	static
../Third_party/FreeRTOS/tasks.c:4006:13:prvResetNextTaskUnblockTime	0	static
../Third_party/FreeRTOS/tasks.c:3441:8:prvIdleTask	8	static,ignoring_inline_asm
../Third_party/FreeRTOS/tasks.c:728:16:xTaskCreate	40	static,ignoring_inline_asm
../Third_party/FreeRTOS/tasks.c:1157:10:vTaskDelete	24	static,ignoring_inline_asm
../Third_party/FreeRTOS/tasks.c:1391:16:eTaskGetState	24	static
../Third_party/FreeRTOS/tasks.c:1488:17:uxTaskPriorityGet	8	static
../Third_party/FreeRTOS/tasks.c:1510:17:uxTaskPriorityGetFromISR	0	static,ignoring_inline_asm
../Third_party/FreeRTOS/tasks.c:1550:10:vTaskPrioritySet	24	static,ignoring_inline_asm
../Third_party/FreeRTOS/tasks.c:1868:10:vTaskResume	24	static,ignoring_inline_asm
../Third_party/FreeRTOS/tasks.c:1922:16:xTaskResumeFromISR	24	static,ignoring_inline_asm
../Third_party/FreeRTOS/tasks.c:1997:6:vTaskStartScheduler	16	static,ignoring_inline_asm
../Third_party/FreeRTOS/tasks.c:2125:6:vTaskEndScheduler	0	static,ignoring_inline_asm
../Third_party/FreeRTOS/tasks.c:2136:6:vTaskSuspendAll	0	static,ignoring_inline_asm
../Third_party/FreeRTOS/tasks.c:2332:12:xTaskGetTickCount	0	static
../Third_party/FreeRTOS/tasks.c:2347:12:xTaskGetTickCountFromISR	0	static
../Third_party/FreeRTOS/tasks.c:2378:13:uxTaskGetNumberOfTasks	0	static
../Third_party/FreeRTOS/tasks.c:2386:8:pcTaskGetName	0	static
../Third_party/FreeRTOS/tasks.c:2736:12:xTaskIncrementTick	40	static
../Third_party/FreeRTOS/tasks.c:2220:12:xTaskResumeAll	40	static,ignoring_inline_asm
../Third_party/FreeRTOS/tasks.c:1259:16:xTaskDelayUntil	16	static,ignoring_inline_asm
../Third_party/FreeRTOS/tasks.c:1346:10:vTaskDelay	8	static,ignoring_inline_asm
../Third_party/FreeRTOS/tasks.c:2638:12:xTaskCatchUpTicks	8	static
../Third_party/FreeRTOS/tasks.c:3021:6:vTaskSwitchContext	12	static,ignoring_inline_asm
../Third_party/FreeRTOS/tasks.c:1716:10:vTaskSuspend	24	static,ignoring_inline_asm
../Third_party/FreeRTOS/tasks.c:3097:6:vTaskPlaceOnEventList	8	static
../Third_party/FreeRTOS/tasks.c:3122:6:vTaskPlaceOnUnorderedEventList	8	static
../Third_party/FreeRTOS/tasks.c:3183:12:xTaskRemoveFromEventList	20	static
../Third_party/FreeRTOS/tasks.c:3251:6:vTaskRemoveFromUnorderedEventList	20	static
../Third_party/FreeRTOS/tasks.c:3300:6:vTaskSetTimeOutState	8	static
../Third_party/FreeRTOS/tasks.c:3312:6:vTaskInternalSetTimeOutState	0	static
../Third_party/FreeRTOS/tasks.c:3320:12:xTaskCheckForTimeOut	16	static
../Third_party/FreeRTOS/tasks.c:3385:6:vTaskMissedYield	0	static
../Third_party/FreeRTOS/tasks.c:3393:17:uxTaskGetTaskNumber	0	static
../Third_party/FreeRTOS/tasks.c:3416:10:vTaskSetTaskNumber	0	static
../Third_party/FreeRTOS/tasks.c:3728:10:vTaskGetInfo	16	static
../Third_party/FreeRTOS/tasks.c:3827:24:prvListTasksWithinSingleList	40	static
../Third_party/FreeRTOS/tasks.c:2533:17:uxTaskGetSystemState	32	static
../Third_party/FreeRTOS/tasks.c:4029:18:xTaskGetCurrentTaskHandle	0	static
../Third_party/FreeRTOS/tasks.c:4074:16:xTaskPriorityInherit	24	static
../Third_party/FreeRTOS/tasks.c:4164:16:xTaskPriorityDisinherit	24	static
../Third_party/FreeRTOS/tasks.c:4244:10:vTaskPriorityDisinheritAfterTimeout	16	static
../Third_party/FreeRTOS/tasks.c:4671:12:uxTaskResetEventItemValue	0	static
../Third_party/FreeRTOS/tasks.c:4687:18:pvTaskIncrementMutexHeldCount	0	static
../Third_party/FreeRTOS/tasks.c:4704:14:ulTaskGenericNotifyTake	24	static,ignoring_inline_asm
../Third_party/FreeRTOS/tasks.c:4776:16:xTaskGenericNotifyWait	32	static,ignoring_inline_asm
../Third_party/FreeRTOS/tasks.c:4862:16:xTaskGenericNotify	24	static,ignoring_inline_asm
../Third_party/FreeRTOS/tasks.c:4985:16:xTaskGenericNotifyFromISR	20	static,ignoring_inline_asm
../Third_party/FreeRTOS/tasks.c:5124:10:vTaskGenericNotifyGiveFromISR	20	static,ignoring_inline_asm
../Third_party/FreeRTOS/tasks.c:5213:16:xTaskGenericNotifyStateClear	16	static
../Third_party/FreeRTOS/tasks.c:5247:14:ulTaskGenericNotifyValueClear	16	static
