Archive member included to satisfy reference by file (symbol)

e:/programs/stm32cubeide_1.6.1/stm32cubeide/plugins/com.st.stm32cube.ide.mcu.externaltools.gnu-tools-for-stm32.10.3-2021.10.win32_1.0.0.202111181127/tools/bin/../lib/gcc/arm-none-eabi/10.3.1/../../../../arm-none-eabi/lib/thumb/v7-m/nofp\libc_nano.a(lib_a-errno.o)
                              ./Core/Src/syscalls.o (__errno)
e:/programs/stm32cubeide_1.6.1/stm32cubeide/plugins/com.st.stm32cube.ide.mcu.externaltools.gnu-tools-for-stm32.10.3-2021.10.win32_1.0.0.202111181127/tools/bin/../lib/gcc/arm-none-eabi/10.3.1/../../../../arm-none-eabi/lib/thumb/v7-m/nofp\libc_nano.a(lib_a-exit.o)
                              e:/programs/stm32cubeide_1.6.1/stm32cubeide/plugins/com.st.stm32cube.ide.mcu.externaltools.gnu-tools-for-stm32.10.3-2021.10.win32_1.0.0.202111181127/tools/bin/../lib/gcc/arm-none-eabi/10.3.1/../../../../arm-none-eabi/lib/thumb/v7-m/nofp/crt0.o (exit)
e:/programs/stm32cubeide_1.6.1/stm32cubeide/plugins/com.st.stm32cube.ide.mcu.externaltools.gnu-tools-for-stm32.10.3-2021.10.win32_1.0.0.202111181127/tools/bin/../lib/gcc/arm-none-eabi/10.3.1/../../../../arm-none-eabi/lib/thumb/v7-m/nofp\libc_nano.a(lib_a-impure.o)
                              e:/programs/stm32cubeide_1.6.1/stm32cubeide/plugins/com.st.stm32cube.ide.mcu.externaltools.gnu-tools-for-stm32.10.3-2021.10.win32_1.0.0.202111181127/tools/bin/../lib/gcc/arm-none-eabi/10.3.1/../../../../arm-none-eabi/lib/thumb/v7-m/nofp\libc_nano.a(lib_a-exit.o) (_global_impure_ptr)
e:/programs/stm32cubeide_1.6.1/stm32cubeide/plugins/com.st.stm32cube.ide.mcu.externaltools.gnu-tools-for-stm32.10.3-2021.10.win32_1.0.0.202111181127/tools/bin/../lib/gcc/arm-none-eabi/10.3.1/../../../../arm-none-eabi/lib/thumb/v7-m/nofp\libc_nano.a(lib_a-init.o)
                              e:/programs/stm32cubeide_1.6.1/stm32cubeide/plugins/com.st.stm32cube.ide.mcu.externaltools.gnu-tools-for-stm32.10.3-2021.10.win32_1.0.0.202111181127/tools/bin/../lib/gcc/arm-none-eabi/10.3.1/../../../../arm-none-eabi/lib/thumb/v7-m/nofp/crt0.o (__libc_init_array)
e:/programs/stm32cubeide_1.6.1/stm32cubeide/plugins/com.st.stm32cube.ide.mcu.externaltools.gnu-tools-for-stm32.10.3-2021.10.win32_1.0.0.202111181127/tools/bin/../lib/gcc/arm-none-eabi/10.3.1/../../../../arm-none-eabi/lib/thumb/v7-m/nofp\libc_nano.a(lib_a-memcpy-stub.o)
                              ./Third_party/FreeRTOS/queue.o (memcpy)
e:/programs/stm32cubeide_1.6.1/stm32cubeide/plugins/com.st.stm32cube.ide.mcu.externaltools.gnu-tools-for-stm32.10.3-2021.10.win32_1.0.0.202111181127/tools/bin/../lib/gcc/arm-none-eabi/10.3.1/../../../../arm-none-eabi/lib/thumb/v7-m/nofp\libc_nano.a(lib_a-memset.o)
                              e:/programs/stm32cubeide_1.6.1/stm32cubeide/plugins/com.st.stm32cube.ide.mcu.externaltools.gnu-tools-for-stm32.10.3-2021.10.win32_1.0.0.202111181127/tools/bin/../lib/gcc/arm-none-eabi/10.3.1/../../../../arm-none-eabi/lib/thumb/v7-m/nofp/crt0.o (memset)
e:/programs/stm32cubeide_1.6.1/stm32cubeide/plugins/com.st.stm32cube.ide.mcu.externaltools.gnu-tools-for-stm32.10.3-2021.10.win32_1.0.0.202111181127/tools/bin/../lib/gcc/arm-none-eabi/10.3.1/../../../../arm-none-eabi/lib/thumb/v7-m/nofp\libc_nano.a(lib_a-sprintf.o)
                              ./app/libs/M66_lib/M66.o (sprintf)
e:/programs/stm32cubeide_1.6.1/stm32cubeide/plugins/com.st.stm32cube.ide.mcu.externaltools.gnu-tools-for-stm32.10.3-2021.10.win32_1.0.0.202111181127/tools/bin/../lib/gcc/arm-none-eabi/10.3.1/../../../../arm-none-eabi/lib/thumb/v7-m/nofp\libc_nano.a(lib_a-sscanf.o)
                              ./app/libs/M66_lib/M66.o (sscanf)
e:/programs/stm32cubeide_1.6.1/stm32cubeide/plugins/com.st.stm32cube.ide.mcu.externaltools.gnu-tools-for-stm32.10.3-2021.10.win32_1.0.0.202111181127/tools/bin/../lib/gcc/arm-none-eabi/10.3.1/../../../../arm-none-eabi/lib/thumb/v7-m/nofp\libc_nano.a(lib_a-stdio.o)
                              e:/programs/stm32cubeide_1.6.1/stm32cubeide/plugins/com.st.stm32cube.ide.mcu.externaltools.gnu-tools-for-stm32.10.3-2021.10.win32_1.0.0.202111181127/tools/bin/../lib/gcc/arm-none-eabi/10.3.1/../../../../arm-none-eabi/lib/thumb/v7-m/nofp\libc_nano.a(lib_a-sscanf.o) (__seofread)
e:/programs/stm32cubeide_1.6.1/stm32cubeide/plugins/com.st.stm32cube.ide.mcu.externaltools.gnu-tools-for-stm32.10.3-2021.10.win32_1.0.0.202111181127/tools/bin/../lib/gcc/arm-none-eabi/10.3.1/../../../../arm-none-eabi/lib/thumb/v7-m/nofp\libc_nano.a(lib_a-strcmp.o)
                              ./app/libs/M66_lib/M66.o (strcmp)
e:/programs/stm32cubeide_1.6.1/stm32cubeide/plugins/com.st.stm32cube.ide.mcu.externaltools.gnu-tools-for-stm32.10.3-2021.10.win32_1.0.0.202111181127/tools/bin/../lib/gcc/arm-none-eabi/10.3.1/../../../../arm-none-eabi/lib/thumb/v7-m/nofp\libc_nano.a(lib_a-strcpy.o)
                              ./app/libs/M66_lib/M66.o (strcpy)
[...]
Memory Configuration

Name             Origin             Length             Attributes
RAM              0x0000000020000000 0x0000000000004000 xrw
FLASH            0x0000000008000000 0x0000000000008000 xr
*default*        0x0000000000000000 0xffffffffffffffff

Linker script and memory map

LOAD e:/programs/stm32cubeide_1.6.1/stm32cubeide/plugins/com.st.stm32cube.ide.mcu.externaltools.gnu-tools-for-stm32.10.3-2021.10.win32_1.0.0.202111181127/tools/bin/../lib/gcc/arm-none-eabi/10.3.1/thumb/v7-m/nofp/crti.o
LOAD e:/programs/stm32cubeide_1.6.1/stm32cubeide/plugins/com.st.stm32cube.ide.mcu.externaltools.gnu-tools-for-stm32.10.3-2021.10.win32_1.0.0.202111181127/tools/bin/../lib/gcc/arm-none-eabi/10.3.1/thumb/v7-m/nofp/crtbegin.o
LOAD e:/programs/stm32cubeide_1.6.1/stm32cubeide/plugins/com.st.stm32cube.ide.mcu.externaltools.gnu-tools-for-stm32.10.3-2021.10.win32_1.0.0.202111181127/tools/bin/../lib/gcc/arm-none-eabi/10.3.1/../../../../arm-none-eabi/lib/thumb/v7-m/nofp/crt0.o
LOAD ./Core/Src/adc.o
LOAD ./Core/Src/dma.o
LOAD ./Core/Src/gpio.o
LOAD ./Core/Src/i2c.o
LOAD ./Core/Src/main.o
LOAD ./Core/Src/spi.o
LOAD ./Core/Src/stm32l1xx_hal_msp.o
LOAD ./Core/Src/stm32l1xx_hal_timebase_tim.o
LOAD ./Core/Src/stm32l1xx_it.o
LOAD ./Core/Src/syscalls.o
LOAD ./Core/Src/sysmem.o
LOAD ./Core/Src/system_stm32l1xx.o
LOAD ./Core/Src/tim.o
LOAD ./Core/Src/usart.o
LOAD ./Core/Startup/startup_stm32l152c6txa.o
LOAD ./Drivers/STM32L1xx_HAL_Driver/Src/stm32l1xx_hal.o
LOAD ./Drivers/STM32L1xx_HAL_Driver/Src/stm32l1xx_hal_adc.o
LOAD ./Drivers/STM32L1xx_HAL_Driver/Src/stm32l1xx_hal_adc_ex.o
LOAD ./Drivers/STM32L1xx_HAL_Driver/Src/stm32l1xx_hal_cortex.o
LOAD ./Drivers/STM32L1xx_HAL_Driver/Src/stm32l1xx_hal_dma.o
LOAD ./Drivers/STM32L1xx_HAL_Driver/Src/stm32l1xx_hal_exti.o
LOAD ./Drivers/STM32L1xx_HAL_Driver/Src/stm32l1xx_hal_flash.o
LOAD ./Drivers/STM32L1xx_HAL_Driver/Src/stm32l1xx_hal_flash_ex.o
LOAD ./Drivers/STM32L1xx_HAL_Driver/Src/stm32l1xx_hal_flash_ramfunc.o
LOAD ./Drivers/STM32L1xx_HAL_Driver/Src/stm32l1xx_hal_gpio.o
LOAD ./Drivers/STM32L1xx_HAL_Driver/Src/stm32l1xx_hal_i2c.o
LOAD ./Drivers/STM32L1xx_HAL_Driver/Src/stm32l1xx_hal_pwr.o
LOAD ./Drivers/STM32L1xx_HAL_Driver/Src/stm32l1xx_hal_pwr_ex.o
LOAD ./Drivers/STM32L1xx_HAL_Driver/Src/stm32l1xx_hal_rcc.o
LOAD ./Drivers/STM32L1xx_HAL_Driver/Src/stm32l1xx_hal_rcc_ex.o
LOAD ./Drivers/STM32L1xx_HAL_Driver/Src/stm32l1xx_hal_spi.o
LOAD ./Drivers/STM32L1xx_HAL_Driver/Src/stm32l1xx_hal_tim.o
LOAD ./Drivers/STM32L1xx_HAL_Driver/Src/stm32l1xx_hal_tim_ex.o
LOAD ./Drivers/STM32L1xx_HAL_Driver/Src/stm32l1xx_hal_uart.o
LOAD ./Third_party/FreeRTOS/croutine.o
LOAD ./Third_party/FreeRTOS/event_groups.o
LOAD ./Third_party/FreeRTOS/list.o
LOAD ./Third_party/FreeRTOS/queue.o
LOAD ./Third_party/FreeRTOS/stream_buffer.o
LOAD ./Third_party/FreeRTOS/tasks.o
LOAD ./Third_party/FreeRTOS/timers.o
LOAD ./Third_party/FreeRTOS/portable/GCC/ARM_CM3/port.o
LOAD ./Third_party/FreeRTOS/portable/MemMang/heap_4.o
LOAD ./app/app.o
LOAD ./app/interface/interface.o
LOAD ./app/libs/M66_lib/M66.o
LOAD ./app/libs/circbuffer_lib/circbuffer.o
LOAD ./app/libs/config_lib/config.o
LOAD ./app/libs/flash_lib/flash.o
LOAD ./app/libs/lcd_lib/lcd.o
LOAD ./app/libs/numpad_lib/numpad.o
LOAD ./app/tasks/core_tasks/init_task/init_task.o
LOAD ./app/tasks/core_tasks/manager_task/manager_task.o
LOAD ./app/tasks/core_tasks/uart_task/uart_task.o
LOAD ./app/tasks/gsm_task/gsm_task.o
LOAD ./app/tasks/io_task/io_task.o
LOAD ./app/tasks/lcd_task/lcd_task.o
LOAD ./app/tasks/numpad_task/numpad_task.o
START GROUP
LOAD e:/programs/stm32cubeide_1.6.1/stm32cubeide/plugins/com.st.stm32cube.ide.mcu.externaltools.gnu-tools-for-stm32.10.3-2021.10.win32_1.0.0.202111181127/tools/bin/../lib/gcc/arm-none-eabi/10.3.1/../../../../arm-none-eabi/lib/thumb/v7-m/nofp\libc_nano.a
LOAD e:/programs/stm32cubeide_1.6.1/stm32cubeide/plugins/com.st.stm32cube.ide.mcu.externaltools.gnu-tools-for-stm32.10.3-2021.10.win32_1.0.0.202111181127/tools/bin/../lib/gcc/arm-none-eabi/10.3.1/../../../../arm-none-eabi/lib/thumb/v7-m/nofp\libm.a
END GROUP
START GROUP
LOAD e:/programs/stm32cubeide_1.6.1/stm32cubeide/plugins/com.st.stm32cube.ide.mcu.externaltools.gnu-tools-for-stm32.10.3-2021.10.win32_1.0.0.202111181127/tools/bin/../lib/gcc/arm-none-eabi/10.3.1/thumb/v7-m/nofp\libgcc.a
LOAD e:/programs/stm32cubeide_1.6.1/stm32cubeide/plugins/com.st.stm32cube.ide.mcu.externaltools.gnu-tools-for-stm32.10.3-2021.10.win32_1.0.0.202111181127/tools/bin/../lib/gcc/arm-none-eabi/10.3.1/../../../../arm-none-eabi/lib/thumb/v7-m/nofp\libc_nano.a
END GROUP
START GROUP
LOAD e:/programs/stm32cubeide_1.6.1/stm32cubeide/plugins/com.st.stm32cube.ide.mcu.externaltools.gnu-tools-for-stm32.10.3-2021.10.win32_1.0.0.202111181127/tools/bin/../lib/gcc/arm-none-eabi/10.3.1/thumb/v7-m/nofp\libgcc.a
LOAD e:/programs/stm32cubeide_1.6.1/stm32cubeide/plugins/com.st.stm32cube.ide.mcu.externaltools.gnu-tools-for-stm32.10.3-2021.10.win32_1.0.0.202111181127/tools/bin/../lib/gcc/arm-none-eabi/10.3.1/../../../../arm-none-eabi/lib/thumb/v7-m/nofp\libc_nano.a
LOAD e:/programs/stm32cubeide_1.6.1/stm32cubeide/plugins/com.st.stm32cube.ide.mcu.externaltools.gnu-tools-for-stm32.10.3-2021.10.win32_1.0.0.202111181127/tools/bin/../lib/gcc/arm-none-eabi/10.3.1/../../../../arm-none-eabi/lib/thumb/v7-m/nofp\libnosys.a
END GROUP
START GROUP
LOAD e:/programs/stm32cubeide_1.6.1/stm32cubeide/plugins/com.st.stm32cube.ide.mcu.externaltools.gnu-tools-for-stm32.10.3-2021.10.win32_1.0.0.202111181127/tools/bin/../lib/gcc/arm-none-eabi/10.3.1/thumb/v7-m/nofp\libgcc.a
LOAD e:/programs/stm32cubeide_1.6.1/stm32cubeide/plugins/com.st.stm32cube.ide.mcu.externaltools.gnu-tools-for-stm32.10.3-2021.10.win32_1.0.0.202111181127/tools/bin/../lib/gcc/arm-none-eabi/10.3.1/../../../../arm-none-eabi/lib/thumb/v7-m/nofp\libc_nano.a
LOAD e:/programs/stm32cubeide_1.6.1/stm32cubeide/plugins/com.st.stm32cube.ide.mcu.externaltools.gnu-tools-for-stm32.10.3-2021.10.win32_1.0.0.202111181127/tools/bin/../lib/gcc/arm-none-eabi/10.3.1/../../../../arm-none-eabi/lib/thumb/v7-m/nofp\libnosys.a
END GROUP
LOAD e:/programs/stm32cubeide_1.6.1/stm32cubeide/plugins/com.st.stm32cube.ide.mcu.externaltools.gnu-tools-for-stm32.10.3-2021.10.win32_1.0.0.202111181127/tools/bin/../lib/gcc/arm-none-eabi/10.3.1/thumb/v7-m/nofp/crtend.o
LOAD e:/programs/stm32cubeide_1.6.1/stm32cubeide/plugins/com.st.stm32cube.ide.mcu.externaltools.gnu-tools-for-stm32.10.3-2021.10.win32_1.0.0.202111181127/tools/bin/../lib/gcc/arm-none-eabi/10.3.1/thumb/v7-m/nofp/crtn.o
                0x0000000020004000                _estack = (ORIGIN (RAM) + LENGTH (RAM))
                0x0000000000000200                _Min_Heap_Size = 0x200
                0x0000000000000400                _Min_Stack_Size = 0x400

.isr_vector     0x0000000008000000      0x13c
                0x0000000008000000                . = ALIGN (0x4)
 *(.isr_vector)
 .isr_vector    0x0000000008000000      0x13c ./Core/Startup/startup_stm32l152c6txa.o
                0x0000000008000000                g_pfnVectors
                0x000000000800013c                . = ALIGN (0x4)

.text           0x0000000008000140     0x7508
                0x0000000008000140                . = ALIGN (0x4)
 *(.text)
 .text          0x0000000008000140       0x40 e:/programs/stm32cubeide_1.6.1/stm32cubeide/plugins/com.st.stm32cube.ide.mcu.externaltools.gnu-tools-for-stm32.10.3-2021.10.win32_1.0.0.202111181127/tools/bin/../lib/gcc/arm-none-eabi/10.3.1/thumb/v7-m/nofp/crtbegin.o
 .text          0x0000000008000180       0x14 e:/programs/stm32cubeide_1.6.1/stm32cubeide/plugins/com.st.stm32cube.ide.mcu.externaltools.gnu-tools-for-stm32.10.3-2021.10.win32_1.0.0.202111181127/tools/bin/../lib/gcc/arm-none-eabi/10.3.1/../../../../arm-none-eabi/lib/thumb/v7-m/nofp\libc_nano.a(lib_a-strcmp.o)
                0x0000000008000180                strcmp
 .text          0x0000000008000194       0x10 e:/programs/stm32cubeide_1.6.1/stm32cubeide/plugins/com.st.stm32cube.ide.mcu.externaltools.gnu-tools-for-stm32.10.3-2021.10.win32_1.0.0.202111181127/tools/bin/../lib/gcc/arm-none-eabi/10.3.1/../../../../arm-none-eabi/lib/thumb/v7-m/nofp\libc_nano.a(lib_a-strlen.o)
                0x0000000008000194                strlen
 .text          0x00000000080001a4      0x254 e:/programs/stm32cubeide_1.6.1/stm32cubeide/plugins/com.st.stm32cube.ide.mcu.externaltools.gnu-tools-for-stm32.10.3-2021.10.win32_1.0.0.202111181127/tools/bin/../lib/gcc/arm-none-eabi/10.3.1/thumb/v7-m/nofp\libgcc.a(_arm_muldf3.o)
                0x00000000080001a4                __muldf3
                0x00000000080001a4                __aeabi_dmul
 .text          0x00000000080003f8      0x378 e:/programs/stm32cubeide_1.6.1/stm32cubeide/plugins/com.st.stm32cube.ide.mcu.externaltools.gnu-tools-for-stm32.10.3-2021.10.win32_1.0.0.202111181127/tools/bin/../lib/gcc/arm-none-eabi/10.3.1/thumb/v7-m/nofp\libgcc.a(_arm_addsubdf3.o)
                0x00000000080003f8                __aeabi_drsub
                0x0000000008000400                __aeabi_dsub
                0x0000000008000400                __subdf3
                0x0000000008000404                __aeabi_dadd
                0x0000000008000404                __adddf3
                0x000000000800067c                __floatunsidf
                0x000000000800067c                __aeabi_ui2d
                0x000000000800069c                __floatsidf
                0x000000000800069c                __aeabi_i2d
                0x00000000080006c0                __aeabi_f2d
                0x00000000080006c0                __extendsfdf2
                0x0000000008000704                __floatundidf
                0x0000000008000704                __aeabi_ul2d
                0x0000000008000714                __floatdidf
                0x0000000008000714                __aeabi_l2d
 .text          0x0000000008000770      0x110 e:/programs/stm32cubeide_1.6.1/stm32cubeide/plugins/com.st.stm32cube.ide.mcu.externaltools.gnu-tools-for-stm32.10.3-2021.10.win32_1.0.0.202111181127/tools/bin/../lib/gcc/arm-none-eabi/10.3.1/thumb/v7-m/nofp\libgcc.a(_arm_cmpdf2.o)
                0x0000000008000770                __gtdf2
                0x0000000008000770                __gedf2
                0x0000000008000778                __ltdf2
                0x0000000008000778                __ledf2
                0x0000000008000780                __nedf2
                0x0000000008000780                __eqdf2
                0x0000000008000780                __cmpdf2
                0x00000000080007fc                __aeabi_cdrcmple
                0x000000000800080c                __aeabi_cdcmpeq
                0x000000000800080c                __aeabi_cdcmple
                0x000000000800081c                __aeabi_dcmpeq
                0x0000000008000830                __aeabi_dcmplt
                0x0000000008000844                __aeabi_dcmple
                0x0000000008000858                __aeabi_dcmpge
                0x000000000800086c                __aeabi_dcmpgt
 .text          0x0000000008000880       0xa0 e:/programs/stm32cubeide_1.6.1/stm32cubeide/plugins/com.st.stm32cube.ide.mcu.externaltools.gnu-tools-for-stm32.10.3-2021.10.win32_1.0.0.202111181127/tools/bin/../lib/gcc/arm-none-eabi/10.3.1/thumb/v7-m/nofp\libgcc.a(_arm_truncdfsf2.o)
                0x0000000008000880                __truncdfsf2
                0x0000000008000880                __aeabi_d2f
 .text          0x0000000008000920      0x2a0 e:/programs/stm32cubeide_1.6.1/stm32cubeide/plugins/com.st.stm32cube.ide.mcu.externaltools.gnu-tools-for-stm32.10.3-2021.10.win32_1.0.0.202111181127/tools/bin/../lib/gcc/arm-none-eabi/10.3.1/thumb/v7-m/nofp\libgcc.a(_arm_muldivsf3.o)
                0x0000000008000920                __mulsf3
                0x0000000008000920                __aeabi_fmul
                0x0000000008000a88                __aeabi_fdiv
                0x0000000008000a88                __divsf3
 .text          0x0000000008000bc0       0x30 e:/programs/stm32cubeide_1.6.1/stm32cubeide/plugins/com.st.stm32cube.ide.mcu.externaltools.gnu-tools-for-stm32.10.3-2021.10.win32_1.0.0.202111181127/tools/bin/../lib/gcc/arm-none-eabi/10.3.1/thumb/v7-m/nofp\libgcc.a(_aeabi_uldivmod.o)
                0x0000000008000bc0                __aeabi_uldivmod
 .text          0x0000000008000bf0      0x2d4 e:/programs/stm32cubeide_1.6.1/stm32cubeide/plugins/com.st.stm32cube.ide.mcu.externaltools.gnu-tools-for-stm32.10.3-2021.10.win32_1.0.0.202111181127/tools/bin/../lib/gcc/arm-none-eabi/10.3.1/thumb/v7-m/nofp\libgcc.a(_udivmoddi4.o)
                0x0000000008000bf0                __udivmoddi4
 .text          0x0000000008000ec4        0x4 e:/programs/stm32cubeide_1.6.1/stm32cubeide/plugins/com.st.stm32cube.ide.mcu.externaltools.gnu-tools-for-stm32.10.3-2021.10.win32_1.0.0.202111181127/tools/bin/../lib/gcc/arm-none-eabi/10.3.1/thumb/v7-m/nofp\libgcc.a(_dvmd_tls.o)
                0x0000000008000ec4                __aeabi_idiv0
                0x0000000008000ec4                __aeabi_ldiv0
 *(.text*)
 .text.MX_ADC_Init
                0x0000000008000ec8       0x64 ./Core/Src/adc.o
                0x0000000008000ec8                MX_ADC_Init
 .text.HAL_ADC_MspInit
                0x0000000008000f2c       0x5c ./Core/Src/adc.o
                0x0000000008000f2c                HAL_ADC_MspInit
 .text.MX_DMA_Init
                0x0000000008000f88       0x30 ./Core/Src/dma.o
                0x0000000008000f88                MX_DMA_Init
 .text.MX_GPIO_Init
                0x0000000008000fb8      0x15c ./Core/Src/gpio.o
                0x0000000008000fb8                MX_GPIO_Init
 .text.MX_I2C1_Init
                0x0000000008001114       0x3c ./Core/Src/i2c.o
                0x0000000008001114                MX_I2C1_Init
 .text.HAL_I2C_MspInit
                0x0000000008001150       0x68 ./Core/Src/i2c.o
                0x0000000008001150                HAL_I2C_MspInit
 .text.SystemClock_Config
                0x00000000080011b8       0x74 ./Core/Src/main.o
                0x00000000080011b8                SystemClock_Config
 .text.startup.main
                0x000000000800122c       0x2e ./Core/Src/main.o
                0x000000000800122c                main
 *fill*         0x000000000800125a        0x2 
 .text.HAL_TIM_PeriodElapsedCallback
                0x000000000800125c       0x14 ./Core/Src/main.o
                0x000000000800125c                HAL_TIM_PeriodElapsedCallback
 .text.Error_Handler
                0x0000000008001270        0x4 ./Core/Src/main.o
                0x0000000008001270                Error_Handler
 .text.MX_SPI1_Init
                0x0000000008001274       0x44 ./Core/Src/spi.o
                0x0000000008001274                MX_SPI1_Init
 .text.HAL_SPI_MspInit
                0x00000000080012b8       0x64 ./Core/Src/spi.o
                0x00000000080012b8                HAL_SPI_MspInit
 .text.HAL_MspInit
                0x000000000800131c       0x44 ./Core/Src/stm32l1xx_hal_msp.o
                0x000000000800131c                HAL_MspInit
 .text.HAL_InitTick
                0x0000000008001360       0x98 ./Core/Src/stm32l1xx_hal_timebase_tim.o
                0x0000000008001360                HAL_InitTick
 .text.NMI_Handler
                0x00000000080013f8        0x2 ./Core/Src/stm32l1xx_it.o
                0x00000000080013f8                NMI_Handler
 .text.HardFault_Handler
                0x00000000080013fa        0x2 ./Core/Src/stm32l1xx_it.o
                0x00000000080013fa                HardFault_Handler
 .text.MemManage_Handler
                0x00000000080013fc        0x2 ./Core/Src/stm32l1xx_it.o
                0x00000000080013fc                MemManage_Handler
 .text.BusFault_Handler
                0x00000000080013fe        0x2 ./Core/Src/stm32l1xx_it.o
                0x00000000080013fe                BusFault_Handler
 .text.UsageFault_Handler
                0x0000000008001400        0x2 ./Core/Src/stm32l1xx_it.o
                0x0000000008001400                UsageFault_Handler
 .text.DebugMon_Handler
                0x0000000008001402        0x2 ./Core/Src/stm32l1xx_it.o
                0x0000000008001402                DebugMon_Handler
 .text.EXTI0_IRQHandler
                0x0000000008001404        0x6 ./Core/Src/stm32l1xx_it.o
                0x0000000008001404                EXTI0_IRQHandler
 .text.EXTI1_IRQHandler
                0x000000000800140a        0x6 ./Core/Src/stm32l1xx_it.o
                0x000000000800140a                EXTI1_IRQHandler
 .text.EXTI2_IRQHandler
                0x0000000008001410        0x6 ./Core/Src/stm32l1xx_it.o
                0x0000000008001410                EXTI2_IRQHandler
 .text.EXTI4_IRQHandler
                0x0000000008001416        0x6 ./Core/Src/stm32l1xx_it.o
                0x0000000008001416                EXTI4_IRQHandler
 .text.DMA1_Channel6_IRQHandler
                0x000000000800141c        0xc ./Core/Src/stm32l1xx_it.o
                0x000000000800141c                DMA1_Channel6_IRQHandler
 .text.EXTI9_5_IRQHandler
                0x0000000008001428       0x18 ./Core/Src/stm32l1xx_it.o
                0x0000000008001428                EXTI9_5_IRQHandler
 .text.EXTI15_10_IRQHandler
                0x0000000008001440       0x16 ./Core/Src/stm32l1xx_it.o
                0x0000000008001440                EXTI15_10_IRQHandler
 *fill*         0x0000000008001456        0x2 
 .text.TIM6_IRQHandler
                0x0000000008001458        0xc ./Core/Src/stm32l1xx_it.o
                0x0000000008001458                TIM6_IRQHandler
 .text._sbrk    0x0000000008001464       0x40 ./Core/Src/sysmem.o
                0x0000000008001464                _sbrk
 .text.SystemInit
                0x00000000080014a4        0x2 ./Core/Src/system_stm32l1xx.o
                0x00000000080014a4                SystemInit
 *fill*         0x00000000080014a6        0x2 
 .text.HAL_TIM_PWM_MspInit
                0x00000000080014a8       0x28 ./Core/Src/tim.o
                0x00000000080014a8                HAL_TIM_PWM_MspInit
 .text.HAL_TIM_MspPostInit
                0x00000000080014d0       0x4c ./Core/Src/tim.o
                0x00000000080014d0                HAL_TIM_MspPostInit
 .text.MX_TIM4_Init
                0x000000000800151c       0x74 ./Core/Src/tim.o
                0x000000000800151c                MX_TIM4_Init
 .text.MX_USART2_UART_Init
                0x0000000008001590       0x38 ./Core/Src/usart.o
                0x0000000008001590                MX_USART2_UART_Init
 .text.HAL_UART_MspInit
                0x00000000080015c8       0x9c ./Core/Src/usart.o
                0x00000000080015c8                HAL_UART_MspInit
 .text.Reset_Handler
                0x0000000008001664       0x48 ./Core/Startup/startup_stm32l152c6txa.o
                0x0000000008001664                Reset_Handler
 .text.Default_Handler
                0x00000000080016ac        0x2 ./Core/Startup/startup_stm32l152c6txa.o
                0x00000000080016ac                RTC_Alarm_IRQHandler
                0x00000000080016ac                TIM10_IRQHandler
                0x00000000080016ac                USB_HP_IRQHandler
                0x00000000080016ac                PVD_IRQHandler
                0x00000000080016ac                EXTI3_IRQHandler
                0x00000000080016ac                I2C2_EV_IRQHandler
                0x00000000080016ac                SPI1_IRQHandler
                0x00000000080016ac                USB_FS_WKUP_IRQHandler
                0x00000000080016ac                DMA1_Channel4_IRQHandler
                0x00000000080016ac                ADC1_IRQHandler
                0x00000000080016ac                USART3_IRQHandler
                0x00000000080016ac                DMA1_Channel7_IRQHandler
                0x00000000080016ac                LCD_IRQHandler
                0x00000000080016ac                TIM4_IRQHandler
                0x00000000080016ac                I2C1_EV_IRQHandler
                0x00000000080016ac                TIM3_IRQHandler
                0x00000000080016ac                RCC_IRQHandler
                0x00000000080016ac                DMA1_Channel1_IRQHandler
                0x00000000080016ac                Default_Handler
                0x00000000080016ac                TIM7_IRQHandler
                0x00000000080016ac                TIM9_IRQHandler
                0x00000000080016ac                TAMPER_STAMP_IRQHandler
                0x00000000080016ac                RTC_WKUP_IRQHandler
                0x00000000080016ac                SPI2_IRQHandler
                0x00000000080016ac                DMA1_Channel5_IRQHandler
                0x00000000080016ac                USB_LP_IRQHandler
                0x00000000080016ac                DMA1_Channel3_IRQHandler
                0x00000000080016ac                COMP_IRQHandler
                0x00000000080016ac                WWDG_IRQHandler
                0x00000000080016ac                TIM2_IRQHandler
                0x00000000080016ac                DAC_IRQHandler
                0x00000000080016ac                TIM11_IRQHandler
                0x00000000080016ac                USART2_IRQHandler
                0x00000000080016ac                I2C2_ER_IRQHandler
                0x00000000080016ac                DMA1_Channel2_IRQHandler
                0x00000000080016ac                FLASH_IRQHandler
                0x00000000080016ac                USART1_IRQHandler
                0x00000000080016ac                I2C1_ER_IRQHandler
 .text.HAL_Init
                0x00000000080016ae       0x1e ./Drivers/STM32L1xx_HAL_Driver/Src/stm32l1xx_hal.o
                0x00000000080016ae                HAL_Init
 .text.HAL_IncTick
                0x00000000080016cc       0x18 ./Drivers/STM32L1xx_HAL_Driver/Src/stm32l1xx_hal.o
                0x00000000080016cc                HAL_IncTick
 .text.HAL_GetTick
                0x00000000080016e4        0xc ./Drivers/STM32L1xx_HAL_Driver/Src/stm32l1xx_hal.o
                0x00000000080016e4                HAL_GetTick
 .text.HAL_ADC_Init
                0x00000000080016f0      0x184 ./Drivers/STM32L1xx_HAL_Driver/Src/stm32l1xx_hal_adc.o
                0x00000000080016f0                HAL_ADC_Init
 .text.HAL_ADC_PollForConversion
                0x0000000008001874       0xac ./Drivers/STM32L1xx_HAL_Driver/Src/stm32l1xx_hal_adc.o
                0x0000000008001874                HAL_ADC_PollForConversion
 .text.HAL_ADC_GetValue
                0x0000000008001920        0x6 ./Drivers/STM32L1xx_HAL_Driver/Src/stm32l1xx_hal_adc.o
                0x0000000008001920                HAL_ADC_GetValue
 *fill*         0x0000000008001926        0x2 
 .text.HAL_ADC_ConfigChannel
                0x0000000008001928      0x154 ./Drivers/STM32L1xx_HAL_Driver/Src/stm32l1xx_hal_adc.o
                0x0000000008001928                HAL_ADC_ConfigChannel
 .text.ADC_Enable
                0x0000000008001a7c       0x7c ./Drivers/STM32L1xx_HAL_Driver/Src/stm32l1xx_hal_adc.o
                0x0000000008001a7c                ADC_Enable
 .text.HAL_ADC_Start
                0x0000000008001af8       0x6e ./Drivers/STM32L1xx_HAL_Driver/Src/stm32l1xx_hal_adc.o
                0x0000000008001af8                HAL_ADC_Start
 *fill*         0x0000000008001b66        0x2 
 .text.HAL_NVIC_SetPriorityGrouping
                0x0000000008001b68       0x24 ./Drivers/STM32L1xx_HAL_Driver/Src/stm32l1xx_hal_cortex.o
                0x0000000008001b68                HAL_NVIC_SetPriorityGrouping
 .text.HAL_NVIC_SetPriority
                0x0000000008001b8c       0x64 ./Drivers/STM32L1xx_HAL_Driver/Src/stm32l1xx_hal_cortex.o
                0x0000000008001b8c                HAL_NVIC_SetPriority
 .text.HAL_NVIC_EnableIRQ
                0x0000000008001bf0       0x1c ./Drivers/STM32L1xx_HAL_Driver/Src/stm32l1xx_hal_cortex.o
                0x0000000008001bf0                HAL_NVIC_EnableIRQ
 .text.HAL_DMA_Init
                0x0000000008001c0c       0x64 ./Drivers/STM32L1xx_HAL_Driver/Src/stm32l1xx_hal_dma.o
                0x0000000008001c0c                HAL_DMA_Init
 .text.HAL_DMA_Start_IT
                0x0000000008001c70       0x7c ./Drivers/STM32L1xx_HAL_Driver/Src/stm32l1xx_hal_dma.o
                0x0000000008001c70                HAL_DMA_Start_IT
 .text.HAL_DMA_IRQHandler
                0x0000000008001cec       0x94 ./Drivers/STM32L1xx_HAL_Driver/Src/stm32l1xx_hal_dma.o
                0x0000000008001cec                HAL_DMA_IRQHandler
 .text.HAL_GPIO_Init
                0x0000000008001d80      0x18c ./Drivers/STM32L1xx_HAL_Driver/Src/stm32l1xx_hal_gpio.o
                0x0000000008001d80                HAL_GPIO_Init
 .text.HAL_GPIO_ReadPin
                0x0000000008001f0c        0xc ./Drivers/STM32L1xx_HAL_Driver/Src/stm32l1xx_hal_gpio.o
                0x0000000008001f0c                HAL_GPIO_ReadPin
 .text.HAL_GPIO_WritePin
                0x0000000008001f18        0xa ./Drivers/STM32L1xx_HAL_Driver/Src/stm32l1xx_hal_gpio.o
                0x0000000008001f18                HAL_GPIO_WritePin
 .text.HAL_GPIO_EXTI_Callback
                0x0000000008001f22        0x2 ./Drivers/STM32L1xx_HAL_Driver/Src/stm32l1xx_hal_gpio.o
                0x0000000008001f22                HAL_GPIO_EXTI_Callback
 .text.HAL_GPIO_EXTI_IRQHandler
                0x0000000008001f24       0x18 ./Drivers/STM32L1xx_HAL_Driver/Src/stm32l1xx_hal_gpio.o
                0x0000000008001f24                HAL_GPIO_EXTI_IRQHandler
 .text.I2C_IsAcknowledgeFailed
                0x0000000008001f3c       0x32 ./Drivers/STM32L1xx_HAL_Driver/Src/stm32l1xx_hal_i2c.o
 .text.I2C_WaitOnFlagUntilTimeout
                0x0000000008001f6e       0x64 ./Drivers/STM32L1xx_HAL_Driver/Src/stm32l1xx_hal_i2c.o
 .text.I2C_WaitOnMasterAddressFlagUntilTimeout
                0x0000000008001fd2       0x76 ./Drivers/STM32L1xx_HAL_Driver/Src/stm32l1xx_hal_i2c.o
 .text.I2C_WaitOnRXNEFlagUntilTimeout
                0x0000000008002048       0x5e ./Drivers/STM32L1xx_HAL_Driver/Src/stm32l1xx_hal_i2c.o
 .text.I2C_WaitOnBTFFlagUntilTimeout
                0x00000000080020a6       0x4c ./Drivers/STM32L1xx_HAL_Driver/Src/stm32l1xx_hal_i2c.o
 .text.I2C_WaitOnTXEFlagUntilTimeout
                0x00000000080020f2       0x4c ./Drivers/STM32L1xx_HAL_Driver/Src/stm32l1xx_hal_i2c.o
 *fill*         0x000000000800213e        0x2 
 .text.HAL_I2C_Init
                0x0000000008002140      0x150 ./Drivers/STM32L1xx_HAL_Driver/Src/stm32l1xx_hal_i2c.o
                0x0000000008002140                HAL_I2C_Init
 .text.HAL_I2C_Master_Transmit
                0x0000000008002290      0x1b0 ./Drivers/STM32L1xx_HAL_Driver/Src/stm32l1xx_hal_i2c.o
                0x0000000008002290                HAL_I2C_Master_Transmit
 .text.HAL_I2C_Master_Receive
                0x0000000008002440      0x2e0 ./Drivers/STM32L1xx_HAL_Driver/Src/stm32l1xx_hal_i2c.o
                0x0000000008002440                HAL_I2C_Master_Receive
 .text.RCC_SetFlashLatencyFromMSIRange
                0x0000000008002720       0x80 ./Drivers/STM32L1xx_HAL_Driver/Src/stm32l1xx_hal_rcc.o
 .text.HAL_RCC_OscConfig
                0x00000000080027a0      0x43c ./Drivers/STM32L1xx_HAL_Driver/Src/stm32l1xx_hal_rcc.o
                0x00000000080027a0                HAL_RCC_OscConfig
 .text.HAL_RCC_GetSysClockFreq
                0x0000000008002bdc       0x68 ./Drivers/STM32L1xx_HAL_Driver/Src/stm32l1xx_hal_rcc.o
                0x0000000008002bdc                HAL_RCC_GetSysClockFreq
 .text.HAL_RCC_ClockConfig
                0x0000000008002c44      0x184 ./Drivers/STM32L1xx_HAL_Driver/Src/stm32l1xx_hal_rcc.o
                0x0000000008002c44                HAL_RCC_ClockConfig
 .text.HAL_RCC_GetPCLK1Freq
                0x0000000008002dc8       0x20 ./Drivers/STM32L1xx_HAL_Driver/Src/stm32l1xx_hal_rcc.o
                0x0000000008002dc8                HAL_RCC_GetPCLK1Freq
 .text.HAL_RCC_GetPCLK2Freq
                0x0000000008002de8       0x20 ./Drivers/STM32L1xx_HAL_Driver/Src/stm32l1xx_hal_rcc.o
                0x0000000008002de8                HAL_RCC_GetPCLK2Freq
 .text.HAL_RCC_GetClockConfig
                0x0000000008002e08       0x3c ./Drivers/STM32L1xx_HAL_Driver/Src/stm32l1xx_hal_rcc.o
                0x0000000008002e08                HAL_RCC_GetClockConfig
 .text.SPI_WaitFlagStateUntilTimeout.constprop.0
                0x0000000008002e44       0xac ./Drivers/STM32L1xx_HAL_Driver/Src/stm32l1xx_hal_spi.o
 .text.SPI_EndRxTransaction
                0x0000000008002ef0       0x54 ./Drivers/STM32L1xx_HAL_Driver/Src/stm32l1xx_hal_spi.o
 .text.SPI_EndRxTxTransaction
                0x0000000008002f44       0x58 ./Drivers/STM32L1xx_HAL_Driver/Src/stm32l1xx_hal_spi.o
 .text.HAL_SPI_Init
                0x0000000008002f9c       0xa8 ./Drivers/STM32L1xx_HAL_Driver/Src/stm32l1xx_hal_spi.o
                0x0000000008002f9c                HAL_SPI_Init
 .text.HAL_SPI_Transmit
                0x0000000008003044      0x15a ./Drivers/STM32L1xx_HAL_Driver/Src/stm32l1xx_hal_spi.o
                0x0000000008003044                HAL_SPI_Transmit
 .text.HAL_SPI_TransmitReceive
                0x000000000800319e      0x1e8 ./Drivers/STM32L1xx_HAL_Driver/Src/stm32l1xx_hal_spi.o
                0x000000000800319e                HAL_SPI_TransmitReceive
 .text.HAL_SPI_Receive
                0x0000000008003386      0x148 ./Drivers/STM32L1xx_HAL_Driver/Src/stm32l1xx_hal_spi.o
                0x0000000008003386                HAL_SPI_Receive
 *fill*         0x00000000080034ce        0x2 
 .text.TIM_Base_SetConfig
                0x00000000080034d0       0x74 ./Drivers/STM32L1xx_HAL_Driver/Src/stm32l1xx_hal_tim.o
 .text.TIM_OC1_SetConfig
                0x0000000008003544       0x2c ./Drivers/STM32L1xx_HAL_Driver/Src/stm32l1xx_hal_tim.o
 .text.TIM_OC2_SetConfig
                0x0000000008003570       0x30 ./Drivers/STM32L1xx_HAL_Driver/Src/stm32l1xx_hal_tim.o
 .text.TIM_CCxChannelCmd
                0x00000000080035a0       0x1c ./Drivers/STM32L1xx_HAL_Driver/Src/stm32l1xx_hal_tim.o
 .text.HAL_TIM_Base_MspInit
                0x00000000080035bc        0x2 ./Drivers/STM32L1xx_HAL_Driver/Src/stm32l1xx_hal_tim.o
                0x00000000080035bc                HAL_TIM_Base_MspInit
 .text.HAL_TIM_Base_Init
                0x00000000080035be       0x48 ./Drivers/STM32L1xx_HAL_Driver/Src/stm32l1xx_hal_tim.o
                0x00000000080035be                HAL_TIM_Base_Init
 *fill*         0x0000000008003606        0x2 
 .text.HAL_TIM_Base_Start_IT
                0x0000000008003608       0x54 ./Drivers/STM32L1xx_HAL_Driver/Src/stm32l1xx_hal_tim.o
                0x0000000008003608                HAL_TIM_Base_Start_IT
 .text.HAL_TIM_OC_Start
                0x000000000800365c       0x90 ./Drivers/STM32L1xx_HAL_Driver/Src/stm32l1xx_hal_tim.o
                0x000000000800365c                HAL_TIM_OC_Start
 .text.HAL_TIM_OC_Stop
                0x00000000080036ec       0x46 ./Drivers/STM32L1xx_HAL_Driver/Src/stm32l1xx_hal_tim.o
                0x00000000080036ec                HAL_TIM_OC_Stop
 .text.HAL_TIM_PWM_Init
                0x0000000008003732       0x48 ./Drivers/STM32L1xx_HAL_Driver/Src/stm32l1xx_hal_tim.o
                0x0000000008003732                HAL_TIM_PWM_Init
 .text.HAL_TIM_PWM_Start
                0x000000000800377a        0x4 ./Drivers/STM32L1xx_HAL_Driver/Src/stm32l1xx_hal_tim.o
                0x000000000800377a                HAL_TIM_PWM_Start
 .text.HAL_TIM_PWM_Stop
                0x000000000800377e        0x4 ./Drivers/STM32L1xx_HAL_Driver/Src/stm32l1xx_hal_tim.o
                0x000000000800377e                HAL_TIM_PWM_Stop
 .text.HAL_TIM_PWM_ConfigChannel
                0x0000000008003782      0x102 ./Drivers/STM32L1xx_HAL_Driver/Src/stm32l1xx_hal_tim.o
                0x0000000008003782                HAL_TIM_PWM_ConfigChannel
 .text.HAL_TIM_OC_DelayElapsedCallback
                0x0000000008003884        0x2 ./Drivers/STM32L1xx_HAL_Driver/Src/stm32l1xx_hal_tim.o
                0x0000000008003884                HAL_TIM_OC_DelayElapsedCallback
 .text.HAL_TIM_IC_CaptureCallback
                0x0000000008003886        0x2 ./Drivers/STM32L1xx_HAL_Driver/Src/stm32l1xx_hal_tim.o
                0x0000000008003886                HAL_TIM_IC_CaptureCallback
 .text.HAL_TIM_PWM_PulseFinishedCallback
                0x0000000008003888        0x2 ./Drivers/STM32L1xx_HAL_Driver/Src/stm32l1xx_hal_tim.o
                0x0000000008003888                HAL_TIM_PWM_PulseFinishedCallback
 .text.HAL_TIM_TriggerCallback
                0x000000000800388a        0x2 ./Drivers/STM32L1xx_HAL_Driver/Src/stm32l1xx_hal_tim.o
                0x000000000800388a                HAL_TIM_TriggerCallback
 .text.HAL_TIM_IRQHandler
                0x000000000800388c      0x10c ./Drivers/STM32L1xx_HAL_Driver/Src/stm32l1xx_hal_tim.o
                0x000000000800388c                HAL_TIM_IRQHandler
 .text.HAL_TIMEx_MasterConfigSynchronization
                0x0000000008003998       0x5c ./Drivers/STM32L1xx_HAL_Driver/Src/stm32l1xx_hal_tim_ex.o
                0x0000000008003998                HAL_TIMEx_MasterConfigSynchronization
 .text.UART_EndRxTransfer
                0x00000000080039f4       0x2c ./Drivers/STM32L1xx_HAL_Driver/Src/stm32l1xx_hal_uart.o
 .text.UART_SetConfig
                0x0000000008003a20       0xa8 ./Drivers/STM32L1xx_HAL_Driver/Src/stm32l1xx_hal_uart.o
 .text.UART_WaitOnFlagUntilTimeout.constprop.0
                0x0000000008003ac8       0x50 ./Drivers/STM32L1xx_HAL_Driver/Src/stm32l1xx_hal_uart.o
 .text.HAL_UART_Init
                0x0000000008003b18       0x5c ./Drivers/STM32L1xx_HAL_Driver/Src/stm32l1xx_hal_uart.o
                0x0000000008003b18                HAL_UART_Init
 .text.HAL_UART_Transmit
                0x0000000008003b74       0xaa ./Drivers/STM32L1xx_HAL_Driver/Src/stm32l1xx_hal_uart.o
                0x0000000008003b74                HAL_UART_Transmit
 .text.HAL_UART_RxHalfCpltCallback
                0x0000000008003c1e        0x2 ./Drivers/STM32L1xx_HAL_Driver/Src/stm32l1xx_hal_uart.o
                0x0000000008003c1e                HAL_UART_RxHalfCpltCallback
 .text.HAL_UART_ErrorCallback
                0x0000000008003c20        0x2 ./Drivers/STM32L1xx_HAL_Driver/Src/stm32l1xx_hal_uart.o
                0x0000000008003c20                HAL_UART_ErrorCallback
 .text.UART_DMAError
                0x0000000008003c22       0x4a ./Drivers/STM32L1xx_HAL_Driver/Src/stm32l1xx_hal_uart.o
 .text.HAL_UARTEx_RxEventCallback
                0x0000000008003c6c        0x2 ./Drivers/STM32L1xx_HAL_Driver/Src/stm32l1xx_hal_uart.o
                0x0000000008003c6c                HAL_UARTEx_RxEventCallback
 .text.UART_DMARxHalfCplt
                0x0000000008003c6e       0x1a ./Drivers/STM32L1xx_HAL_Driver/Src/stm32l1xx_hal_uart.o
 .text.UART_DMAReceiveCplt
                0x0000000008003c88       0x54 ./Drivers/STM32L1xx_HAL_Driver/Src/stm32l1xx_hal_uart.o
 .text.UART_Start_Receive_DMA
                0x0000000008003cdc       0x6c ./Drivers/STM32L1xx_HAL_Driver/Src/stm32l1xx_hal_uart.o
                0x0000000008003cdc                UART_Start_Receive_DMA
 .text.HAL_UART_Receive_DMA
                0x0000000008003d48       0x30 ./Drivers/STM32L1xx_HAL_Driver/Src/stm32l1xx_hal_uart.o
                0x0000000008003d48                HAL_UART_Receive_DMA
 .text.vListInitialise
                0x0000000008003d78       0x16 ./Third_party/FreeRTOS/list.o
                0x0000000008003d78                vListInitialise
 .text.vListInitialiseItem
                0x0000000008003d8e        0x6 ./Third_party/FreeRTOS/list.o
                0x0000000008003d8e                vListInitialiseItem
 .text.vListInsertEnd
                0x0000000008003d94       0x18 ./Third_party/FreeRTOS/list.o
                0x0000000008003d94                vListInsertEnd
 .text.vListInsert
                0x0000000008003dac       0x2e ./Third_party/FreeRTOS/list.o
                0x0000000008003dac                vListInsert
 .text.uxListRemove
                0x0000000008003dda       0x20 ./Third_party/FreeRTOS/list.o
                0x0000000008003dda                uxListRemove
 .text.prvIsQueueEmpty
                0x0000000008003dfa       0x16 ./Third_party/FreeRTOS/queue.o
 .text.prvCopyDataToQueue
                0x0000000008003e10       0x6a ./Third_party/FreeRTOS/queue.o
 .text.prvCopyDataFromQueue
                0x0000000008003e7a       0x28 ./Third_party/FreeRTOS/queue.o
 .text.prvUnlockQueue
                0x0000000008003ea2       0x70 ./Third_party/FreeRTOS/queue.o
 .text.xQueueGenericReset
                0x0000000008003f12       0x7a ./Third_party/FreeRTOS/queue.o
                0x0000000008003f12                xQueueGenericReset
 .text.xQueueGenericCreate
                0x0000000008003f8c       0x4a ./Third_party/FreeRTOS/queue.o
                0x0000000008003f8c                xQueueGenericCreate
 .text.xQueueGenericSend
                0x0000000008003fd6      0x104 ./Third_party/FreeRTOS/queue.o
                0x0000000008003fd6                xQueueGenericSend
 .text.xQueueCreateMutex
                0x00000000080040da       0x36 ./Third_party/FreeRTOS/queue.o
                0x00000000080040da                xQueueCreateMutex
 .text.xQueueReceive
                0x0000000008004110       0xee ./Third_party/FreeRTOS/queue.o
                0x0000000008004110                xQueueReceive
 .text.xQueueSemaphoreTake
                0x00000000080041fe      0x126 ./Third_party/FreeRTOS/queue.o
                0x00000000080041fe                xQueueSemaphoreTake
 .text.prvAddCurrentTaskToDelayedList
                0x0000000008004324       0xa4 ./Third_party/FreeRTOS/tasks.o
 .text.prvResetNextTaskUnblockTime
                0x00000000080043c8       0x24 ./Third_party/FreeRTOS/tasks.o
 .text.prvIdleTask
                0x00000000080043ec       0x68 ./Third_party/FreeRTOS/tasks.o
 .text.xTaskCreate
                0x0000000008004454      0x1c4 ./Third_party/FreeRTOS/tasks.o
                0x0000000008004454                xTaskCreate
 .text.vTaskDelete
                0x0000000008004618       0xc4 ./Third_party/FreeRTOS/tasks.o
                0x0000000008004618                vTaskDelete
 .text.vTaskStartScheduler
                0x00000000080046dc       0x64 ./Third_party/FreeRTOS/tasks.o
                0x00000000080046dc                vTaskStartScheduler
 .text.vTaskSuspendAll
                0x0000000008004740       0x10 ./Third_party/FreeRTOS/tasks.o
                0x0000000008004740                vTaskSuspendAll
 .text.xTaskIncrementTick
                0x0000000008004750      0x160 ./Third_party/FreeRTOS/tasks.o
                0x0000000008004750                xTaskIncrementTick
 .text.xTaskResumeAll
                0x00000000080048b0      0x128 ./Third_party/FreeRTOS/tasks.o
                0x00000000080048b0                xTaskResumeAll
 .text.vTaskDelay
                0x00000000080049d8       0x2e ./Third_party/FreeRTOS/tasks.o
                0x00000000080049d8                vTaskDelay
 *fill*         0x0000000008004a06        0x2 
 .text.vTaskSwitchContext
                0x0000000008004a08       0x60 ./Third_party/FreeRTOS/tasks.o
                0x0000000008004a08                vTaskSwitchContext
 .text.vTaskPlaceOnEventList
                0x0000000008004a68       0x20 ./Third_party/FreeRTOS/tasks.o
                0x0000000008004a68                vTaskPlaceOnEventList
 .text.xTaskRemoveFromEventList
                0x0000000008004a88       0xbc ./Third_party/FreeRTOS/tasks.o
                0x0000000008004a88                xTaskRemoveFromEventList
 .text.vTaskInternalSetTimeOutState
                0x0000000008004b44       0x18 ./Third_party/FreeRTOS/tasks.o
                0x0000000008004b44                vTaskInternalSetTimeOutState
 .text.xTaskCheckForTimeOut
                0x0000000008004b5c       0x50 ./Third_party/FreeRTOS/tasks.o
                0x0000000008004b5c                xTaskCheckForTimeOut
 .text.vTaskMissedYield
                0x0000000008004bac        0xc ./Third_party/FreeRTOS/tasks.o
                0x0000000008004bac                vTaskMissedYield
 .text.xTaskPriorityInherit
                0x0000000008004bb8       0xa4 ./Third_party/FreeRTOS/tasks.o
                0x0000000008004bb8                xTaskPriorityInherit
 .text.xTaskPriorityDisinherit
                0x0000000008004c5c       0x74 ./Third_party/FreeRTOS/tasks.o
                0x0000000008004c5c                xTaskPriorityDisinherit
 .text.vTaskPriorityDisinheritAfterTimeout
                0x0000000008004cd0       0x84 ./Third_party/FreeRTOS/tasks.o
                0x0000000008004cd0                vTaskPriorityDisinheritAfterTimeout
 .text.pvTaskIncrementMutexHeldCount
                0x0000000008004d54       0x18 ./Third_party/FreeRTOS/tasks.o
                0x0000000008004d54                pvTaskIncrementMutexHeldCount
 .text.prvTaskExitError
                0x0000000008004d6c       0x20 ./Third_party/FreeRTOS/portable/GCC/ARM_CM3/port.o
 .text.prvPortStartFirstTask
                0x0000000008004d8c       0x20 ./Third_party/FreeRTOS/portable/GCC/ARM_CM3/port.o
 .text.pxPortInitialiseStack
                0x0000000008004dac       0x24 ./Third_party/FreeRTOS/portable/GCC/ARM_CM3/port.o
                0x0000000008004dac                pxPortInitialiseStack
 .text.SVC_Handler
                0x0000000008004dd0       0x24 ./Third_party/FreeRTOS/portable/GCC/ARM_CM3/port.o
                0x0000000008004dd0                SVC_Handler
 .text.vPortEnterCritical
                0x0000000008004df4       0x20 ./Third_party/FreeRTOS/portable/GCC/ARM_CM3/port.o
                0x0000000008004df4                vPortEnterCritical
 .text.vPortExitCritical
                0x0000000008004e14       0x14 ./Third_party/FreeRTOS/portable/GCC/ARM_CM3/port.o
                0x0000000008004e14                vPortExitCritical
 *fill*         0x0000000008004e28        0x8 
 .text.PendSV_Handler
                0x0000000008004e30       0x44 ./Third_party/FreeRTOS/portable/GCC/ARM_CM3/port.o
                0x0000000008004e30                PendSV_Handler
 .text.SysTick_Handler
                0x0000000008004e74       0x2c ./Third_party/FreeRTOS/portable/GCC/ARM_CM3/port.o
                0x0000000008004e74                SysTick_Handler
 .text.vPortSetupTimerInterrupt
                0x0000000008004ea0       0x24 ./Third_party/FreeRTOS/portable/GCC/ARM_CM3/port.o
                0x0000000008004ea0                vPortSetupTimerInterrupt
 .text.xPortStartScheduler
                0x0000000008004ec4       0x3c ./Third_party/FreeRTOS/portable/GCC/ARM_CM3/port.o
                0x0000000008004ec4                xPortStartScheduler
 .text.prvInsertBlockIntoFreeList
                0x0000000008004f00       0x48 ./Third_party/FreeRTOS/portable/MemMang/heap_4.o
 .text.pvPortMalloc
                0x0000000008004f48      0x108 ./Third_party/FreeRTOS/portable/MemMang/heap_4.o
                0x0000000008004f48                pvPortMalloc
 .text.vPortFree
                0x0000000008005050       0x58 ./Third_party/FreeRTOS/portable/MemMang/heap_4.o
                0x0000000008005050                vPortFree
 .text.app_main
                0x00000000080050a8       0x28 ./app/app.o
                0x00000000080050a8                app_main
 .text.interface_init
                0x00000000080050d0       0x54 ./app/interface/interface.o
                0x00000000080050d0                interface_init
 .text.AT_CPIN_callback_func
                0x0000000008005124       0x20 ./app/libs/M66_lib/M66.o
 .text.AT_CREG_callback_func
                0x0000000008005144       0x14 ./app/libs/M66_lib/M66.o
 .text.M66_send_cmd.part.0
                0x0000000008005158       0xa0 ./app/libs/M66_lib/M66.o
 .text.M66_send_cmd.constprop.0
                0x00000000080051f8       0x1e ./app/libs/M66_lib/M66.o
 *fill*         0x0000000008005216        0x2 
 .text.M66_ctrl_init
                0x0000000008005218        0xc ./app/libs/M66_lib/M66.o
                0x0000000008005218                M66_ctrl_init
 .text.M66_hw_reset
                0x0000000008005224       0x30 ./app/libs/M66_lib/M66.o
                0x0000000008005224                M66_hw_reset
 .text.M66_disable_echo
                0x0000000008005254       0x24 ./app/libs/M66_lib/M66.o
                0x0000000008005254                M66_disable_echo
 .text.M66_check_pin
                0x0000000008005278       0x28 ./app/libs/M66_lib/M66.o
                0x0000000008005278                M66_check_pin
 .text.M66_switch_radio
                0x00000000080052a0       0x40 ./app/libs/M66_lib/M66.o
                0x00000000080052a0                M66_switch_radio
 .text.M66_save_config
                0x00000000080052e0       0x24 ./app/libs/M66_lib/M66.o
                0x00000000080052e0                M66_save_config
 .text.M66_select_operator
                0x0000000008005304       0x40 ./app/libs/M66_lib/M66.o
                0x0000000008005304                M66_select_operator
 .text.M66_query_network_status
                0x0000000008005344       0x40 ./app/libs/M66_lib/M66.o
                0x0000000008005344                M66_query_network_status
 .text.M66_set_mode
                0x0000000008005384       0x3c ./app/libs/M66_lib/M66.o
                0x0000000008005384                M66_set_mode
 .text.M66_send_sms
                0x00000000080053c0       0x54 ./app/libs/M66_lib/M66.o
                0x00000000080053c0                M66_send_sms
 .text.M66_set_bt_state
                0x0000000008005414       0x40 ./app/libs/M66_lib/M66.o
                0x0000000008005414                M66_set_bt_state
 .text.M66_set_bt_name
                0x0000000008005454       0x40 ./app/libs/M66_lib/M66.o
                0x0000000008005454                M66_set_bt_name
 .text.M66_set_bt_visibility
                0x0000000008005494       0x40 ./app/libs/M66_lib/M66.o
                0x0000000008005494                M66_set_bt_visibility
 .text.circbuffer_insert
                0x00000000080054d4       0x38 ./app/libs/circbuffer_lib/circbuffer.o
                0x00000000080054d4                circbuffer_insert
 .text.circbuffer_get_all
                0x000000000800550c       0x5c ./app/libs/circbuffer_lib/circbuffer.o
                0x000000000800550c                circbuffer_get_all
 .text.spi_write
                0x0000000008005568       0x1c ./app/libs/config_lib/config.o
                0x0000000008005568                spi_write
 .text.spi_read
                0x0000000008005584       0x34 ./app/libs/config_lib/config.o
                0x0000000008005584                spi_read
 .text.delay    0x00000000080055b8        0xe ./app/libs/config_lib/config.o
                0x00000000080055b8                delay
 *fill*         0x00000000080055c6        0x2 
 .text.cs_write
                0x00000000080055c8       0x10 ./app/libs/config_lib/config.o
                0x00000000080055c8                cs_write
 .text.spi_interface_init
                0x00000000080055d8       0x2c ./app/libs/config_lib/config.o
                0x00000000080055d8                spi_interface_init
 .text.config_load
                0x0000000008005604       0x10 ./app/libs/config_lib/config.o
                0x0000000008005604                config_load
 .text.config_save
                0x0000000008005614       0x10 ./app/libs/config_lib/config.o
                0x0000000008005614                config_save
 .text.config_init
                0x0000000008005624       0x20 ./app/libs/config_lib/config.o
                0x0000000008005624                config_init
 .text.spi_control_init
                0x0000000008005644        0xc ./app/libs/flash_lib/flash.o
                0x0000000008005644                spi_control_init
 .text.write_flash
                0x0000000008005650       0x7c ./app/libs/flash_lib/flash.o
                0x0000000008005650                write_flash
 .text.read_flash
                0x00000000080056cc       0x50 ./app/libs/flash_lib/flash.o
                0x00000000080056cc                read_flash
 .text.LCD_send
                0x000000000800571c       0xe8 ./app/libs/lcd_lib/lcd.o
 .text.LCD_I2C_init
                0x0000000008005804       0x10 ./app/libs/lcd_lib/lcd.o
                0x0000000008005804                LCD_I2C_init
 .text.LCD_init
                0x0000000008005814       0x84 ./app/libs/lcd_lib/lcd.o
                0x0000000008005814                LCD_init
 .text.LCD_write
                0x0000000008005898       0x68 ./app/libs/lcd_lib/lcd.o
                0x0000000008005898                LCD_write
 .text.LCD_clear
                0x0000000008005900       0x34 ./app/libs/lcd_lib/lcd.o
                0x0000000008005900                LCD_clear
 .text.LCD_next_line
                0x0000000008005934        0x8 ./app/libs/lcd_lib/lcd.o
                0x0000000008005934                LCD_next_line
 .text.Numpad_init
                0x000000000800593c       0xa0 ./app/libs/numpad_lib/numpad.o
                0x000000000800593c                Numpad_init
 .text.Numpad_scan
                0x00000000080059dc       0x90 ./app/libs/numpad_lib/numpad.o
                0x00000000080059dc                Numpad_scan
 .text.init_task
                0x0000000008005a6c       0x26 ./app/tasks/core_tasks/init_task/init_task.o
                0x0000000008005a6c                init_task
 *fill*         0x0000000008005a92        0x2 
 .text.init_task_create
                0x0000000008005a94       0x24 ./app/tasks/core_tasks/init_task/init_task.o
                0x0000000008005a94                init_task_create
 .text.manager_task_create
                0x0000000008005ab8       0x24 ./app/tasks/core_tasks/manager_task/manager_task.o
                0x0000000008005ab8                manager_task_create
 .text.buzzer_sound
                0x0000000008005adc       0x40 ./app/tasks/core_tasks/manager_task/manager_task.o
                0x0000000008005adc                buzzer_sound
 *fill*         0x0000000008005b1c        0x4 
 .text.manager_task
                0x0000000008005b20      0x310 ./app/tasks/core_tasks/manager_task/manager_task.o
                0x0000000008005b20                manager_task
 .text.uart_task
                0x0000000008005e30       0x2c ./app/tasks/core_tasks/uart_task/uart_task.o
                0x0000000008005e30                uart_task
 .text.uart_task_create
                0x0000000008005e5c       0x24 ./app/tasks/core_tasks/uart_task/uart_task.o
                0x0000000008005e5c                uart_task_create
 .text.HAL_UART_RxCpltCallback
                0x0000000008005e80       0x28 ./app/tasks/core_tasks/uart_task/uart_task.o
                0x0000000008005e80                HAL_UART_RxCpltCallback
 .text.delay_gsm
                0x0000000008005ea8        0xe ./app/tasks/gsm_task/gsm_task.o
                0x0000000008005ea8                delay_gsm
 *fill*         0x0000000008005eb6        0x2 
 .text.gsm_task
                0x0000000008005eb8       0xd4 ./app/tasks/gsm_task/gsm_task.o
                0x0000000008005eb8                gsm_task
 .text.powerkey_switch
                0x0000000008005f8c       0x20 ./app/tasks/gsm_task/gsm_task.o
                0x0000000008005f8c                powerkey_switch
 .text.send_data
                0x0000000008005fac       0x1c ./app/tasks/gsm_task/gsm_task.o
                0x0000000008005fac                send_data
 .text.gsm_task_create
                0x0000000008005fc8       0x24 ./app/tasks/gsm_task/gsm_task.o
                0x0000000008005fc8                gsm_task_create
 *fill*         0x0000000008005fec        0x4 
 .text.io_task  0x0000000008005ff0       0xa4 ./app/tasks/io_task/io_task.o
                0x0000000008005ff0                io_task
 .text.io_task_create
                0x0000000008006094       0x24 ./app/tasks/io_task/io_task.o
                0x0000000008006094                io_task_create
 .text.lcd_task
                0x00000000080060b8       0x78 ./app/tasks/lcd_task/lcd_task.o
                0x00000000080060b8                lcd_task
 .text.i2c_write
                0x0000000008006130       0x24 ./app/tasks/lcd_task/lcd_task.o
                0x0000000008006130                i2c_write
 .text.i2c_read
                0x0000000008006154       0x40 ./app/tasks/lcd_task/lcd_task.o
                0x0000000008006154                i2c_read
 .text.i2c_delay
                0x0000000008006194        0x4 ./app/tasks/lcd_task/lcd_task.o
                0x0000000008006194                i2c_delay
 .text.lcd_task_create
                0x0000000008006198       0x24 ./app/tasks/lcd_task/lcd_task.o
                0x0000000008006198                lcd_task_create
 .text.numpad_task
                0x00000000080061bc       0xc8 ./app/tasks/numpad_task/numpad_task.o
                0x00000000080061bc                numpad_task
 .text.numpad_delay
                0x0000000008006284        0x4 ./app/tasks/numpad_task/numpad_task.o
                0x0000000008006284                numpad_delay
 .text.col0_write
                0x0000000008006288       0x10 ./app/tasks/numpad_task/numpad_task.o
                0x0000000008006288                col0_write
 .text.col1_write
                0x0000000008006298       0x10 ./app/tasks/numpad_task/numpad_task.o
                0x0000000008006298                col1_write
 .text.col2_write
                0x00000000080062a8       0x10 ./app/tasks/numpad_task/numpad_task.o
                0x00000000080062a8                col2_write
 .text.row0_read
                0x00000000080062b8       0x18 ./app/tasks/numpad_task/numpad_task.o
                0x00000000080062b8                row0_read
 .text.row1_read
                0x00000000080062d0       0x18 ./app/tasks/numpad_task/numpad_task.o
                0x00000000080062d0                row1_read
 .text.row2_read
                0x00000000080062e8       0x18 ./app/tasks/numpad_task/numpad_task.o
                0x00000000080062e8                row2_read
 .text.row3_read
                0x0000000008006300       0x18 ./app/tasks/numpad_task/numpad_task.o
                0x0000000008006300                row3_read
 .text.buzzer_write
                0x0000000008006318       0x24 ./app/tasks/numpad_task/numpad_task.o
                0x0000000008006318                buzzer_write
 .text.numpad_task_create
                0x000000000800633c       0x24 ./app/tasks/numpad_task/numpad_task.o
                0x000000000800633c                numpad_task_create
 .text.__errno  0x0000000008006360        0xc e:/programs/stm32cubeide_1.6.1/stm32cubeide/plugins/com.st.stm32cube.ide.mcu.externaltools.gnu-tools-for-stm32.10.3-2021.10.win32_1.0.0.202111181127/tools/bin/../lib/gcc/arm-none-eabi/10.3.1/../../../../arm-none-eabi/lib/thumb/v7-m/nofp\libc_nano.a(lib_a-errno.o)
                0x0000000008006360                __errno
 .text.__libc_init_array
                0x000000000800636c       0x48 e:/programs/stm32cubeide_1.6.1/stm32cubeide/plugins/com.st.stm32cube.ide.mcu.externaltools.gnu-tools-for-stm32.10.3-2021.10.win32_1.0.0.202111181127/tools/bin/../lib/gcc/arm-none-eabi/10.3.1/../../../../arm-none-eabi/lib/thumb/v7-m/nofp\libc_nano.a(lib_a-init.o)
                0x000000000800636c                __libc_init_array
 .text.memcpy   0x00000000080063b4       0x1c e:/programs/stm32cubeide_1.6.1/stm32cubeide/plugins/com.st.stm32cube.ide.mcu.externaltools.gnu-tools-for-stm32.10.3-2021.10.win32_1.0.0.202111181127/tools/bin/../lib/gcc/arm-none-eabi/10.3.1/../../../../arm-none-eabi/lib/thumb/v7-m/nofp\libc_nano.a(lib_a-memcpy-stub.o)
                0x00000000080063b4                memcpy
 .text.memset   0x00000000080063d0       0x10 e:/programs/stm32cubeide_1.6.1/stm32cubeide/plugins/com.st.stm32cube.ide.mcu.externaltools.gnu-tools-for-stm32.10.3-2021.10.win32_1.0.0.202111181127/tools/bin/../lib/gcc/arm-none-eabi/10.3.1/../../../../arm-none-eabi/lib/thumb/v7-m/nofp\libc_nano.a(lib_a-memset.o)
                0x00000000080063d0                memset
 .text.sprintf  0x00000000080063e0       0x40 e:/programs/stm32cubeide_1.6.1/stm32cubeide/plugins/com.st.stm32cube.ide.mcu.externaltools.gnu-tools-for-stm32.10.3-2021.10.win32_1.0.0.202111181127/tools/bin/../lib/gcc/arm-none-eabi/10.3.1/../../../../arm-none-eabi/lib/thumb/v7-m/nofp\libc_nano.a(lib_a-sprintf.o)
                0x00000000080063e0                siprintf
                0x00000000080063e0                sprintf
 .text.sscanf   0x0000000008006420       0x54 e:/programs/stm32cubeide_1.6.1/stm32cubeide/plugins/com.st.stm32cube.ide.mcu.externaltools.gnu-tools-for-stm32.10.3-2021.10.win32_1.0.0.202111181127/tools/bin/../lib/gcc/arm-none-eabi/10.3.1/../../../../arm-none-eabi/lib/thumb/v7-m/nofp\libc_nano.a(lib_a-sscanf.o)
                0x0000000008006420                siscanf
                0x0000000008006420                sscanf
 .text.__seofread
                0x0000000008006474        0x4 e:/programs/stm32cubeide_1.6.1/stm32cubeide/plugins/com.st.stm32cube.ide.mcu.externaltools.gnu-tools-for-stm32.10.3-2021.10.win32_1.0.0.202111181127/tools/bin/../lib/gcc/arm-none-eabi/10.3.1/../../../../arm-none-eabi/lib/thumb/v7-m/nofp\libc_nano.a(lib_a-stdio.o)
                0x0000000008006474                __seofread
 .text.strcpy   0x0000000008006478       0x10 e:/programs/stm32cubeide_1.6.1/stm32cubeide/plugins/com.st.stm32cube.ide.mcu.externaltools.gnu-tools-for-stm32.10.3-2021.10.win32_1.0.0.202111181127/tools/bin/../lib/gcc/arm-none-eabi/10.3.1/../../../../arm-none-eabi/lib/thumb/v7-m/nofp\libc_nano.a(lib_a-strcpy.o)
                0x0000000008006478                strcpy
 .text.__ssputs_r
                0x0000000008006488       0xb6 e:/programs/stm32cubeide_1.6.1/stm32cubeide/plugins/com.st.stm32cube.ide.mcu.externaltools.gnu-tools-for-stm32.10.3-2021.10.win32_1.0.0.202111181127/tools/bin/../lib/gcc/arm-none-eabi/10.3.1/../../../../arm-none-eabi/lib/thumb/v7-m/nofp\libc_nano.a(lib_a-nano-svfprintf.o)
                0x0000000008006488                __ssputs_r
 *fill*         0x000000000800653e        0x2 
 .text._svfprintf_r
                0x0000000008006540      0x200 e:/programs/stm32cubeide_1.6.1/stm32cubeide/plugins/com.st.stm32cube.ide.mcu.externaltools.gnu-tools-for-stm32.10.3-2021.10.win32_1.0.0.202111181127/tools/bin/../lib/gcc/arm-none-eabi/10.3.1/../../../../arm-none-eabi/lib/thumb/v7-m/nofp\libc_nano.a(lib_a-nano-svfprintf.o)
                0x0000000008006540                _svfiprintf_r
                0x0000000008006540                _svfprintf_r
 .text._sungetc_r
                0x0000000008006740       0x7a e:/programs/stm32cubeide_1.6.1/stm32cubeide/plugins/com.st.stm32cube.ide.mcu.externaltools.gnu-tools-for-stm32.10.3-2021.10.win32_1.0.0.202111181127/tools/bin/../lib/gcc/arm-none-eabi/10.3.1/../../../../arm-none-eabi/lib/thumb/v7-m/nofp\libc_nano.a(lib_a-nano-svfscanf.o)
                0x0000000008006740                _sungetc_r
 .text.__ssrefill_r
                0x00000000080067ba       0x3a e:/programs/stm32cubeide_1.6.1/stm32cubeide/plugins/com.st.stm32cube.ide.mcu.externaltools.gnu-tools-for-stm32.10.3-2021.10.win32_1.0.0.202111181127/tools/bin/../lib/gcc/arm-none-eabi/10.3.1/../../../../arm-none-eabi/lib/thumb/v7-m/nofp\libc_nano.a(lib_a-nano-svfscanf.o)
                0x00000000080067ba                __ssrefill_r
 .text.__ssvfscanf_r
                0x00000000080067f4      0x2f4 e:/programs/stm32cubeide_1.6.1/stm32cubeide/plugins/com.st.stm32cube.ide.mcu.externaltools.gnu-tools-for-stm32.10.3-2021.10.win32_1.0.0.202111181127/tools/bin/../lib/gcc/arm-none-eabi/10.3.1/../../../../arm-none-eabi/lib/thumb/v7-m/nofp\libc_nano.a(lib_a-nano-svfscanf.o)
                0x00000000080067f4                __ssvfiscanf_r
                0x00000000080067f4                __ssvfscanf_r
 .text._printf_common
                0x0000000008006ae8       0xde e:/programs/stm32cubeide_1.6.1/stm32cubeide/plugins/com.st.stm32cube.ide.mcu.externaltools.gnu-tools-for-stm32.10.3-2021.10.win32_1.0.0.202111181127/tools/bin/../lib/gcc/arm-none-eabi/10.3.1/../../../../arm-none-eabi/lib/thumb/v7-m/nofp\libc_nano.a(lib_a-nano-vfprintf_i.o)
                0x0000000008006ae8                _printf_common
 *fill*         0x0000000008006bc6        0x2 
 .text._printf_i
                0x0000000008006bc8      0x24c e:/programs/stm32cubeide_1.6.1/stm32cubeide/plugins/com.st.stm32cube.ide.mcu.externaltools.gnu-tools-for-stm32.10.3-2021.10.win32_1.0.0.202111181127/tools/bin/../lib/gcc/arm-none-eabi/10.3.1/../../../../arm-none-eabi/lib/thumb/v7-m/nofp\libc_nano.a(lib_a-nano-vfprintf_i.o)
                0x0000000008006bc8                _printf_i
 .text._scanf_chars
                0x0000000008006e14       0xb4 e:/programs/stm32cubeide_1.6.1/stm32cubeide/plugins/com.st.stm32cube.ide.mcu.externaltools.gnu-tools-for-stm32.10.3-2021.10.win32_1.0.0.202111181127/tools/bin/../lib/gcc/arm-none-eabi/10.3.1/../../../../arm-none-eabi/lib/thumb/v7-m/nofp\libc_nano.a(lib_a-nano-vfscanf_i.o)
                0x0000000008006e14                _scanf_chars
 .text._scanf_i
                0x0000000008006ec8      0x1f0 e:/programs/stm32cubeide_1.6.1/stm32cubeide/plugins/com.st.stm32cube.ide.mcu.externaltools.gnu-tools-for-stm32.10.3-2021.10.win32_1.0.0.202111181127/tools/bin/../lib/gcc/arm-none-eabi/10.3.1/../../../../arm-none-eabi/lib/thumb/v7-m/nofp\libc_nano.a(lib_a-nano-vfscanf_i.o)
                0x0000000008006ec8                _scanf_i
 .text.__sccl   0x00000000080070b8       0x70 e:/programs/stm32cubeide_1.6.1/stm32cubeide/plugins/com.st.stm32cube.ide.mcu.externaltools.gnu-tools-for-stm32.10.3-2021.10.win32_1.0.0.202111181127/tools/bin/../lib/gcc/arm-none-eabi/10.3.1/../../../../arm-none-eabi/lib/thumb/v7-m/nofp\libc_nano.a(lib_a-sccl.o)
                0x00000000080070b8                __sccl
 .text._strtol_l.constprop.0
                0x0000000008007128       0xf8 e:/programs/stm32cubeide_1.6.1/stm32cubeide/plugins/com.st.stm32cube.ide.mcu.externaltools.gnu-tools-for-stm32.10.3-2021.10.win32_1.0.0.202111181127/tools/bin/../lib/gcc/arm-none-eabi/10.3.1/../../../../arm-none-eabi/lib/thumb/v7-m/nofp\libc_nano.a(lib_a-strtol.o)
 .text._strtol_r
                0x0000000008007220        0x4 e:/programs/stm32cubeide_1.6.1/stm32cubeide/plugins/com.st.stm32cube.ide.mcu.externaltools.gnu-tools-for-stm32.10.3-2021.10.win32_1.0.0.202111181127/tools/bin/../lib/gcc/arm-none-eabi/10.3.1/../../../../arm-none-eabi/lib/thumb/v7-m/nofp\libc_nano.a(lib_a-strtol.o)
                0x0000000008007220                _strtol_r
 .text._strtoul_l.constprop.0
                0x0000000008007224       0xe4 e:/programs/stm32cubeide_1.6.1/stm32cubeide/plugins/com.st.stm32cube.ide.mcu.externaltools.gnu-tools-for-stm32.10.3-2021.10.win32_1.0.0.202111181127/tools/bin/../lib/gcc/arm-none-eabi/10.3.1/../../../../arm-none-eabi/lib/thumb/v7-m/nofp\libc_nano.a(lib_a-strtoul.o)
 .text._strtoul_r
                0x0000000008007308        0x4 e:/programs/stm32cubeide_1.6.1/stm32cubeide/plugins/com.st.stm32cube.ide.mcu.externaltools.gnu-tools-for-stm32.10.3-2021.10.win32_1.0.0.202111181127/tools/bin/../lib/gcc/arm-none-eabi/10.3.1/../../../../arm-none-eabi/lib/thumb/v7-m/nofp\libc_nano.a(lib_a-strtoul.o)
                0x0000000008007308                _strtoul_r
 .text.__submore
                0x000000000800730c       0x70 e:/programs/stm32cubeide_1.6.1/stm32cubeide/plugins/com.st.stm32cube.ide.mcu.externaltools.gnu-tools-for-stm32.10.3-2021.10.win32_1.0.0.202111181127/tools/bin/../lib/gcc/arm-none-eabi/10.3.1/../../../../arm-none-eabi/lib/thumb/v7-m/nofp\libc_nano.a(lib_a-ungetc.o)
                0x000000000800730c                __submore
 .text.__retarget_lock_acquire_recursive
                0x000000000800737c        0x2 e:/programs/stm32cubeide_1.6.1/stm32cubeide/plugins/com.st.stm32cube.ide.mcu.externaltools.gnu-tools-for-stm32.10.3-2021.10.win32_1.0.0.202111181127/tools/bin/../lib/gcc/arm-none-eabi/10.3.1/../../../../arm-none-eabi/lib/thumb/v7-m/nofp\libc_nano.a(lib_a-lock.o)
                0x000000000800737c                __retarget_lock_acquire_recursive
 .text.__retarget_lock_release_recursive
                0x000000000800737e        0x2 e:/programs/stm32cubeide_1.6.1/stm32cubeide/plugins/com.st.stm32cube.ide.mcu.externaltools.gnu-tools-for-stm32.10.3-2021.10.win32_1.0.0.202111181127/tools/bin/../lib/gcc/arm-none-eabi/10.3.1/../../../../arm-none-eabi/lib/thumb/v7-m/nofp\libc_nano.a(lib_a-lock.o)
                0x000000000800737e                __retarget_lock_release_recursive
 .text.memchr   0x0000000008007380       0x1c e:/programs/stm32cubeide_1.6.1/stm32cubeide/plugins/com.st.stm32cube.ide.mcu.externaltools.gnu-tools-for-stm32.10.3-2021.10.win32_1.0.0.202111181127/tools/bin/../lib/gcc/arm-none-eabi/10.3.1/../../../../arm-none-eabi/lib/thumb/v7-m/nofp\libc_nano.a(lib_a-memchr-stub.o)
                0x0000000008007380                memchr
 .text.memmove  0x000000000800739c       0x34 e:/programs/stm32cubeide_1.6.1/stm32cubeide/plugins/com.st.stm32cube.ide.mcu.externaltools.gnu-tools-for-stm32.10.3-2021.10.win32_1.0.0.202111181127/tools/bin/../lib/gcc/arm-none-eabi/10.3.1/../../../../arm-none-eabi/lib/thumb/v7-m/nofp\libc_nano.a(lib_a-memmove.o)
                0x000000000800739c                memmove
 .text._free_r  0x00000000080073d0       0x90 e:/programs/stm32cubeide_1.6.1/stm32cubeide/plugins/com.st.stm32cube.ide.mcu.externaltools.gnu-tools-for-stm32.10.3-2021.10.win32_1.0.0.202111181127/tools/bin/../lib/gcc/arm-none-eabi/10.3.1/../../../../arm-none-eabi/lib/thumb/v7-m/nofp\libc_nano.a(lib_a-nano-freer.o)
                0x00000000080073d0                _free_r
 .text.sbrk_aligned
                0x0000000008007460       0x40 e:/programs/stm32cubeide_1.6.1/stm32cubeide/plugins/com.st.stm32cube.ide.mcu.externaltools.gnu-tools-for-stm32.10.3-2021.10.win32_1.0.0.202111181127/tools/bin/../lib/gcc/arm-none-eabi/10.3.1/../../../../arm-none-eabi/lib/thumb/v7-m/nofp\libc_nano.a(lib_a-nano-mallocr.o)
 .text._malloc_r
                0x00000000080074a0       0xe8 e:/programs/stm32cubeide_1.6.1/stm32cubeide/plugins/com.st.stm32cube.ide.mcu.externaltools.gnu-tools-for-stm32.10.3-2021.10.win32_1.0.0.202111181127/tools/bin/../lib/gcc/arm-none-eabi/10.3.1/../../../../arm-none-eabi/lib/thumb/v7-m/nofp\libc_nano.a(lib_a-nano-mallocr.o)
                0x00000000080074a0                _malloc_r
 .text._realloc_r
                0x0000000008007588       0x5e e:/programs/stm32cubeide_1.6.1/stm32cubeide/plugins/com.st.stm32cube.ide.mcu.externaltools.gnu-tools-for-stm32.10.3-2021.10.win32_1.0.0.202111181127/tools/bin/../lib/gcc/arm-none-eabi/10.3.1/../../../../arm-none-eabi/lib/thumb/v7-m/nofp\libc_nano.a(lib_a-nano-reallocr.o)
                0x0000000008007588                _realloc_r
 *fill*         0x00000000080075e6        0x2 
 .text._sbrk_r  0x00000000080075e8       0x20 e:/programs/stm32cubeide_1.6.1/stm32cubeide/plugins/com.st.stm32cube.ide.mcu.externaltools.gnu-tools-for-stm32.10.3-2021.10.win32_1.0.0.202111181127/tools/bin/../lib/gcc/arm-none-eabi/10.3.1/../../../../arm-none-eabi/lib/thumb/v7-m/nofp\libc_nano.a(lib_a-sbrkr.o)
                0x00000000080075e8                _sbrk_r
 .text.__malloc_lock
                0x0000000008007608        0xc e:/programs/stm32cubeide_1.6.1/stm32cubeide/plugins/com.st.stm32cube.ide.mcu.externaltools.gnu-tools-for-stm32.10.3-2021.10.win32_1.0.0.202111181127/tools/bin/../lib/gcc/arm-none-eabi/10.3.1/../../../../arm-none-eabi/lib/thumb/v7-m/nofp\libc_nano.a(lib_a-mlock.o)
                0x0000000008007608                __malloc_lock
 .text.__malloc_unlock
                0x0000000008007614        0xc e:/programs/stm32cubeide_1.6.1/stm32cubeide/plugins/com.st.stm32cube.ide.mcu.externaltools.gnu-tools-for-stm32.10.3-2021.10.win32_1.0.0.202111181127/tools/bin/../lib/gcc/arm-none-eabi/10.3.1/../../../../arm-none-eabi/lib/thumb/v7-m/nofp\libc_nano.a(lib_a-mlock.o)
                0x0000000008007614                __malloc_unlock
 .text._malloc_usable_size_r
                0x0000000008007620       0x10 e:/programs/stm32cubeide_1.6.1/stm32cubeide/plugins/com.st.stm32cube.ide.mcu.externaltools.gnu-tools-for-stm32.10.3-2021.10.win32_1.0.0.202111181127/tools/bin/../lib/gcc/arm-none-eabi/10.3.1/../../../../arm-none-eabi/lib/thumb/v7-m/nofp\libc_nano.a(lib_a-nano-msizer.o)
                0x0000000008007620                _malloc_usable_size_r
 *(.glue_7)
 .glue_7        0x0000000008007630        0x0 linker stubs
 *(.glue_7t)
 .glue_7t       0x0000000008007630        0x0 linker stubs
 *(.eh_frame)
 .eh_frame      0x0000000008007630        0x0 e:/programs/stm32cubeide_1.6.1/stm32cubeide/plugins/com.st.stm32cube.ide.mcu.externaltools.gnu-tools-for-stm32.10.3-2021.10.win32_1.0.0.202111181127/tools/bin/../lib/gcc/arm-none-eabi/10.3.1/thumb/v7-m/nofp/crtbegin.o
 *(.init)
 .init          0x0000000008007630        0x4 e:/programs/stm32cubeide_1.6.1/stm32cubeide/plugins/com.st.stm32cube.ide.mcu.externaltools.gnu-tools-for-stm32.10.3-2021.10.win32_1.0.0.202111181127/tools/bin/../lib/gcc/arm-none-eabi/10.3.1/thumb/v7-m/nofp/crti.o
                0x0000000008007630                _init
 .init          0x0000000008007634        0x8 e:/programs/stm32cubeide_1.6.1/stm32cubeide/plugins/com.st.stm32cube.ide.mcu.externaltools.gnu-tools-for-stm32.10.3-2021.10.win32_1.0.0.202111181127/tools/bin/../lib/gcc/arm-none-eabi/10.3.1/thumb/v7-m/nofp/crtn.o
 *(.fini)
 .fini          0x000000000800763c        0x4 e:/programs/stm32cubeide_1.6.1/stm32cubeide/plugins/com.st.stm32cube.ide.mcu.externaltools.gnu-tools-for-stm32.10.3-2021.10.win32_1.0.0.202111181127/tools/bin/../lib/gcc/arm-none-eabi/10.3.1/thumb/v7-m/nofp/crti.o
                0x000000000800763c                _fini
 .fini          0x0000000008007640        0x8 e:/programs/stm32cubeide_1.6.1/stm32cubeide/plugins/com.st.stm32cube.ide.mcu.externaltools.gnu-tools-for-stm32.10.3-2021.10.win32_1.0.0.202111181127/tools/bin/../lib/gcc/arm-none-eabi/10.3.1/thumb/v7-m/nofp/crtn.o
                0x0000000008007648                . = ALIGN (0x4)
                0x0000000008007648                _etext = .

.vfp11_veneer   0x0000000008007648        0x0
 .vfp11_veneer  0x0000000008007648        0x0 linker stubs

.v4_bx          0x0000000008007648        0x0
 .v4_bx         0x0000000008007648        0x0 linker stubs

.iplt           0x0000000008007648        0x0
 .iplt          0x0000000008007648        0x0 e:/programs/stm32cubeide_1.6.1/stm32cubeide/plugins/com.st.stm32cube.ide.mcu.externaltools.gnu-tools-for-stm32.10.3-2021.10.win32_1.0.0.202111181127/tools/bin/../lib/gcc/arm-none-eabi/10.3.1/thumb/v7-m/nofp/crtbegin.o

.rodata         0x0000000008007648      0x33c
                0x0000000008007648                . = ALIGN (0x4)
 *(.rodata)
 .rodata        0x0000000008007648        0xc e:/programs/stm32cubeide_1.6.1/stm32cubeide/plugins/com.st.stm32cube.ide.mcu.externaltools.gnu-tools-for-stm32.10.3-2021.10.win32_1.0.0.202111181127/tools/bin/../lib/gcc/arm-none-eabi/10.3.1/../../../../arm-none-eabi/lib/thumb/v7-m/nofp\libc_nano.a(lib_a-nano-vfscanf_i.o)
 *(.rodata*)
 .rodata.AHBPrescTable
                0x0000000008007654       0x10 ./Core/Src/system_stm32l1xx.o
                0x0000000008007654                AHBPrescTable
 .rodata.APBPrescTable
                0x0000000008007664        0x8 ./Core/Src/system_stm32l1xx.o
                0x0000000008007664                APBPrescTable
 .rodata.PLLMulTable
                0x000000000800766c        0x9 ./Core/Src/system_stm32l1xx.o
                0x000000000800766c                PLLMulTable
 .rodata.vTaskStartScheduler.str1.1
                0x0000000008007675        0x5 ./Third_party/FreeRTOS/tasks.o
 .rodata.AT_CPIN_callback_func.str1.1
                0x000000000800767a        0xd ./app/libs/M66_lib/M66.o
 .rodata.AT_CREG_callback_func.str1.1
                0x0000000008007687       0x14 ./app/libs/M66_lib/M66.o
 .rodata.M66_send_cmd.part.0.str1.1
                0x000000000800769b       0x13 ./app/libs/M66_lib/M66.o
                                         0x2a (size before relaxing)
 .rodata.M66_disable_echo.str1.1
                0x00000000080076ae        0x7 ./app/libs/M66_lib/M66.o
 .rodata.M66_check_pin.str1.1
                0x00000000080076b5        0xb ./app/libs/M66_lib/M66.o
 .rodata.M66_switch_radio.str1.1
                0x00000000080076c0        0xd ./app/libs/M66_lib/M66.o
 .rodata.M66_save_config.str1.1
                0x00000000080076cd        0x7 ./app/libs/M66_lib/M66.o
 .rodata.M66_select_operator.str1.1
                0x00000000080076d4       0x14 ./app/libs/M66_lib/M66.o
 .rodata.M66_query_network_status.str1.1
                0x00000000080076e8        0xb ./app/libs/M66_lib/M66.o
 .rodata.M66_set_mode.str1.1
                0x00000000080076f3        0xd ./app/libs/M66_lib/M66.o
 .rodata.M66_send_sms.str1.1
                0x0000000008007700        0xf ./app/libs/M66_lib/M66.o
 .rodata.M66_set_bt_state.str1.1
                0x000000000800770f        0xf ./app/libs/M66_lib/M66.o
 .rodata.M66_set_bt_name.str1.1
                0x000000000800771e       0x12 ./app/libs/M66_lib/M66.o
 .rodata.M66_set_bt_visibility.str1.1
                0x0000000008007730       0x10 ./app/libs/M66_lib/M66.o
 .rodata.init_task_create.str1.1
                0x0000000008007740        0x7 ./app/tasks/core_tasks/init_task/init_task.o
 .rodata.manager_task_create.str1.1
                0x0000000008007747        0xa ./app/tasks/core_tasks/manager_task/manager_task.o
 .rodata.manager_task.str1.1
                0x0000000008007751       0x44 ./app/tasks/core_tasks/manager_task/manager_task.o
                                         0x4a (size before relaxing)
 .rodata.uart_task_create.str1.1
                0x0000000008007795        0x7 ./app/tasks/core_tasks/uart_task/uart_task.o
 .rodata.gsm_task.str1.1
                0x000000000800779c       0x1e ./app/tasks/gsm_task/gsm_task.o
 .rodata.gsm_task_create.str1.1
                0x00000000080077ba        0x6 ./app/tasks/gsm_task/gsm_task.o
 .rodata.io_task_create.str1.1
                0x00000000080077c0        0x5 ./app/tasks/io_task/io_task.o
 .rodata.lcd_task_create.str1.1
                0x00000000080077c5        0x6 ./app/tasks/lcd_task/lcd_task.o
 .rodata.numpad_task_create.str1.1
                0x00000000080077cb        0x9 ./app/tasks/numpad_task/numpad_task.o
 .rodata._svfprintf_r.str1.1
                0x00000000080077d4       0x11 e:/programs/stm32cubeide_1.6.1/stm32cubeide/plugins/com.st.stm32cube.ide.mcu.externaltools.gnu-tools-for-stm32.10.3-2021.10.win32_1.0.0.202111181127/tools/bin/../lib/gcc/arm-none-eabi/10.3.1/../../../../arm-none-eabi/lib/thumb/v7-m/nofp\libc_nano.a(lib_a-nano-svfprintf.o)
 .rodata.__ssvfscanf_r.str1.1
                0x00000000080077e5        0x4 e:/programs/stm32cubeide_1.6.1/stm32cubeide/plugins/com.st.stm32cube.ide.mcu.externaltools.gnu-tools-for-stm32.10.3-2021.10.win32_1.0.0.202111181127/tools/bin/../lib/gcc/arm-none-eabi/10.3.1/../../../../arm-none-eabi/lib/thumb/v7-m/nofp\libc_nano.a(lib_a-nano-svfscanf.o)
 .rodata._printf_i.str1.1
                0x00000000080077e5       0x22 e:/programs/stm32cubeide_1.6.1/stm32cubeide/plugins/com.st.stm32cube.ide.mcu.externaltools.gnu-tools-for-stm32.10.3-2021.10.win32_1.0.0.202111181127/tools/bin/../lib/gcc/arm-none-eabi/10.3.1/../../../../arm-none-eabi/lib/thumb/v7-m/nofp\libc_nano.a(lib_a-nano-vfprintf_i.o)
 .rodata.str1.1
                0x0000000008007807        0x9 e:/programs/stm32cubeide_1.6.1/stm32cubeide/plugins/com.st.stm32cube.ide.mcu.externaltools.gnu-tools-for-stm32.10.3-2021.10.win32_1.0.0.202111181127/tools/bin/../lib/gcc/arm-none-eabi/10.3.1/../../../../arm-none-eabi/lib/thumb/v7-m/nofp\libc_nano.a(lib_a-nano-vfscanf_i.o)
 .rodata._scanf_i.str1.1
                0x0000000008007810       0x12 e:/programs/stm32cubeide_1.6.1/stm32cubeide/plugins/com.st.stm32cube.ide.mcu.externaltools.gnu-tools-for-stm32.10.3-2021.10.win32_1.0.0.202111181127/tools/bin/../lib/gcc/arm-none-eabi/10.3.1/../../../../arm-none-eabi/lib/thumb/v7-m/nofp\libc_nano.a(lib_a-nano-vfscanf_i.o)
 .rodata._ctype_
                0x0000000008007822      0x101 e:/programs/stm32cubeide_1.6.1/stm32cubeide/plugins/com.st.stm32cube.ide.mcu.externaltools.gnu-tools-for-stm32.10.3-2021.10.win32_1.0.0.202111181127/tools/bin/../lib/gcc/arm-none-eabi/10.3.1/../../../../arm-none-eabi/lib/thumb/v7-m/nofp\libc_nano.a(lib_a-ctype_.o)
                0x0000000008007822                _ctype_
 *fill*         0x0000000008007923        0x1 
 .rodata.__sf_fake_stderr
                0x0000000008007924       0x20 e:/programs/stm32cubeide_1.6.1/stm32cubeide/plugins/com.st.stm32cube.ide.mcu.externaltools.gnu-tools-for-stm32.10.3-2021.10.win32_1.0.0.202111181127/tools/bin/../lib/gcc/arm-none-eabi/10.3.1/../../../../arm-none-eabi/lib/thumb/v7-m/nofp\libc_nano.a(lib_a-findfp.o)
                0x0000000008007924                __sf_fake_stderr
 .rodata.__sf_fake_stdin
                0x0000000008007944       0x20 e:/programs/stm32cubeide_1.6.1/stm32cubeide/plugins/com.st.stm32cube.ide.mcu.externaltools.gnu-tools-for-stm32.10.3-2021.10.win32_1.0.0.202111181127/tools/bin/../lib/gcc/arm-none-eabi/10.3.1/../../../../arm-none-eabi/lib/thumb/v7-m/nofp\libc_nano.a(lib_a-findfp.o)
                0x0000000008007944                __sf_fake_stdin
 .rodata.__sf_fake_stdout
                0x0000000008007964       0x20 e:/programs/stm32cubeide_1.6.1/stm32cubeide/plugins/com.st.stm32cube.ide.mcu.externaltools.gnu-tools-for-stm32.10.3-2021.10.win32_1.0.0.202111181127/tools/bin/../lib/gcc/arm-none-eabi/10.3.1/../../../../arm-none-eabi/lib/thumb/v7-m/nofp\libc_nano.a(lib_a-findfp.o)
                0x0000000008007964                __sf_fake_stdout
                0x0000000008007984                . = ALIGN (0x4)

.ARM.extab      0x0000000008007984        0x0
                0x0000000008007984                . = ALIGN (0x4)
 *(.ARM.extab* .gnu.linkonce.armextab.*)
                0x0000000008007984                . = ALIGN (0x4)

.ARM            0x0000000008007984        0x8
                0x0000000008007984                . = ALIGN (0x4)
                0x0000000008007984                __exidx_start = .
 *(.ARM.exidx*)
 .ARM.exidx     0x0000000008007984        0x8 e:/programs/stm32cubeide_1.6.1/stm32cubeide/plugins/com.st.stm32cube.ide.mcu.externaltools.gnu-tools-for-stm32.10.3-2021.10.win32_1.0.0.202111181127/tools/bin/../lib/gcc/arm-none-eabi/10.3.1/thumb/v7-m/nofp\libgcc.a(_udivmoddi4.o)
                0x000000000800798c                __exidx_end = .
                0x000000000800798c                . = ALIGN (0x4)

.rel.dyn        0x000000000800798c        0x0
 .rel.iplt      0x000000000800798c        0x0 e:/programs/stm32cubeide_1.6.1/stm32cubeide/plugins/com.st.stm32cube.ide.mcu.externaltools.gnu-tools-for-stm32.10.3-2021.10.win32_1.0.0.202111181127/tools/bin/../lib/gcc/arm-none-eabi/10.3.1/thumb/v7-m/nofp/crtbegin.o

.preinit_array  0x000000000800798c        0x0
                0x000000000800798c                . = ALIGN (0x4)
                0x000000000800798c                PROVIDE (__preinit_array_start = .)
 *(.preinit_array*)
                0x000000000800798c                PROVIDE (__preinit_array_end = .)
                0x000000000800798c                . = ALIGN (0x4)

.init_array     0x000000000800798c        0x4
                0x000000000800798c                . = ALIGN (0x4)
                0x000000000800798c                PROVIDE (__init_array_start = .)
 *(SORT_BY_NAME(.init_array.*))
 *(.init_array*)
 .init_array    0x000000000800798c        0x4 e:/programs/stm32cubeide_1.6.1/stm32cubeide/plugins/com.st.stm32cube.ide.mcu.externaltools.gnu-tools-for-stm32.10.3-2021.10.win32_1.0.0.202111181127/tools/bin/../lib/gcc/arm-none-eabi/10.3.1/thumb/v7-m/nofp/crtbegin.o
                0x0000000008007990                PROVIDE (__init_array_end = .)
                0x0000000008007990                . = ALIGN (0x4)

.fini_array     0x0000000008007990        0x4
                0x0000000008007990                . = ALIGN (0x4)
                [!provide]                        PROVIDE (__fini_array_start = .)
 *(SORT_BY_NAME(.fini_array.*))
 *(.fini_array*)
 .fini_array    0x0000000008007990        0x4 e:/programs/stm32cubeide_1.6.1/stm32cubeide/plugins/com.st.stm32cube.ide.mcu.externaltools.gnu-tools-for-stm32.10.3-2021.10.win32_1.0.0.202111181127/tools/bin/../lib/gcc/arm-none-eabi/10.3.1/thumb/v7-m/nofp/crtbegin.o
                [!provide]                        PROVIDE (__fini_array_end = .)
                0x0000000008007994                . = ALIGN (0x4)
                0x0000000008007994                _sidata = LOADADDR (.data)

.data           0x0000000020000000      0x108 load address 0x0000000008007994
                0x0000000020000000                . = ALIGN (0x4)
                0x0000000020000000                _sdata = .
 *(.data)
 *(.data*)
 .data.SystemCoreClock
                0x0000000020000000        0x4 ./Core/Src/system_stm32l1xx.o
                0x0000000020000000                SystemCoreClock
 .data.uwTickFreq
                0x0000000020000004        0x4 ./Drivers/STM32L1xx_HAL_Driver/Src/stm32l1xx_hal.o
                0x0000000020000004                uwTickFreq
 .data.uwTickPrio
                0x0000000020000008        0x4 ./Drivers/STM32L1xx_HAL_Driver/Src/stm32l1xx_hal.o
                0x0000000020000008                uwTickPrio
 .data.uxTopUsedPriority
                0x000000002000000c        0x4 ./Third_party/FreeRTOS/tasks.o
                0x000000002000000c                uxTopUsedPriority
 .data.uxCriticalNesting
                0x0000000020000010        0x4 ./Third_party/FreeRTOS/portable/GCC/ARM_CM3/port.o
 .data.AT_CPIN_callback
                0x0000000020000014       0x14 ./app/libs/M66_lib/M66.o
                0x0000000020000014                AT_CPIN_callback
 .data.AT_CREG_callback
                0x0000000020000028       0x14 ./app/libs/M66_lib/M66.o
                0x0000000020000028                AT_CREG_callback
 .data.default_config
                0x000000002000003c       0x20 ./app/libs/config_lib/config.o
                0x000000002000003c                default_config
 .data.io_struct
                0x000000002000005c       0x48 ./app/tasks/io_task/io_task.o
                0x000000002000005c                io_struct
 .data._impure_ptr
                0x00000000200000a4        0x4 e:/programs/stm32cubeide_1.6.1/stm32cubeide/plugins/com.st.stm32cube.ide.mcu.externaltools.gnu-tools-for-stm32.10.3-2021.10.win32_1.0.0.202111181127/tools/bin/../lib/gcc/arm-none-eabi/10.3.1/../../../../arm-none-eabi/lib/thumb/v7-m/nofp\libc_nano.a(lib_a-impure.o)
                0x00000000200000a4                _impure_ptr
 .data.impure_data
                0x00000000200000a8       0x60 e:/programs/stm32cubeide_1.6.1/stm32cubeide/plugins/com.st.stm32cube.ide.mcu.externaltools.gnu-tools-for-stm32.10.3-2021.10.win32_1.0.0.202111181127/tools/bin/../lib/gcc/arm-none-eabi/10.3.1/../../../../arm-none-eabi/lib/thumb/v7-m/nofp\libc_nano.a(lib_a-impure.o)
 *(.RamFunc)
 *(.RamFunc*)
                0x0000000020000108                . = ALIGN (0x4)
                0x0000000020000108                _edata = .

.igot.plt       0x0000000020000108        0x0 load address 0x0000000008007a9c
 .igot.plt      0x0000000020000108        0x0 e:/programs/stm32cubeide_1.6.1/stm32cubeide/plugins/com.st.stm32cube.ide.mcu.externaltools.gnu-tools-for-stm32.10.3-2021.10.win32_1.0.0.202111181127/tools/bin/../lib/gcc/arm-none-eabi/10.3.1/thumb/v7-m/nofp/crtbegin.o
                0x0000000020000108                . = ALIGN (0x4)

.bss            0x0000000020000108     0x2d04 load address 0x0000000008007a9c
                0x0000000020000108                _sbss = .
                0x0000000020000108                __bss_start__ = _sbss
 *(.bss)
 .bss           0x0000000020000108       0x1c e:/programs/stm32cubeide_1.6.1/stm32cubeide/plugins/com.st.stm32cube.ide.mcu.externaltools.gnu-tools-for-stm32.10.3-2021.10.win32_1.0.0.202111181127/tools/bin/../lib/gcc/arm-none-eabi/10.3.1/thumb/v7-m/nofp/crtbegin.o
 *(.bss*)
 .bss.hadc      0x0000000020000124       0x54 ./Core/Src/adc.o
                0x0000000020000124                hadc
 .bss.hi2c1     0x0000000020000178       0x54 ./Core/Src/i2c.o
                0x0000000020000178                hi2c1
 .bss.hspi1     0x00000000200001cc       0x58 ./Core/Src/spi.o
                0x00000000200001cc                hspi1
 .bss.htim6     0x0000000020000224       0x40 ./Core/Src/stm32l1xx_hal_timebase_tim.o
                0x0000000020000224                htim6
 .bss.__sbrk_heap_end
                0x0000000020000264        0x4 ./Core/Src/sysmem.o
 .bss.htim4     0x0000000020000268       0x40 ./Core/Src/tim.o
                0x0000000020000268                htim4
 .bss.hdma_usart2_rx
                0x00000000200002a8       0x44 ./Core/Src/usart.o
                0x00000000200002a8                hdma_usart2_rx
 .bss.huart2    0x00000000200002ec       0x44 ./Core/Src/usart.o
                0x00000000200002ec                huart2
 .bss.uwTick    0x0000000020000330        0x4 ./Drivers/STM32L1xx_HAL_Driver/Src/stm32l1xx_hal.o
                0x0000000020000330                uwTick
 .bss.pxCurrentTCB
                0x0000000020000334        0x4 ./Third_party/FreeRTOS/tasks.o
                0x0000000020000334                pxCurrentTCB
 .bss.pxDelayedTaskList
                0x0000000020000338        0x4 ./Third_party/FreeRTOS/tasks.o
 .bss.pxOverflowDelayedTaskList
                0x000000002000033c        0x4 ./Third_party/FreeRTOS/tasks.o
 .bss.pxReadyTasksLists
                0x0000000020000340       0x64 ./Third_party/FreeRTOS/tasks.o
 .bss.uxCurrentNumberOfTasks
                0x00000000200003a4        0x4 ./Third_party/FreeRTOS/tasks.o
 .bss.uxDeletedTasksWaitingCleanUp
                0x00000000200003a8        0x4 ./Third_party/FreeRTOS/tasks.o
 .bss.uxSchedulerSuspended
                0x00000000200003ac        0x4 ./Third_party/FreeRTOS/tasks.o
 .bss.uxTaskNumber
                0x00000000200003b0        0x4 ./Third_party/FreeRTOS/tasks.o
 .bss.uxTopReadyPriority
                0x00000000200003b4        0x4 ./Third_party/FreeRTOS/tasks.o
 .bss.xDelayedTaskList1
                0x00000000200003b8       0x14 ./Third_party/FreeRTOS/tasks.o
 .bss.xDelayedTaskList2
                0x00000000200003cc       0x14 ./Third_party/FreeRTOS/tasks.o
 .bss.xIdleTaskHandle
                0x00000000200003e0        0x4 ./Third_party/FreeRTOS/tasks.o
 .bss.xNextTaskUnblockTime
                0x00000000200003e4        0x4 ./Third_party/FreeRTOS/tasks.o
 .bss.xNumOfOverflows
                0x00000000200003e8        0x4 ./Third_party/FreeRTOS/tasks.o
 .bss.xPendedTicks
                0x00000000200003ec        0x4 ./Third_party/FreeRTOS/tasks.o
 .bss.xPendingReadyList
                0x00000000200003f0       0x14 ./Third_party/FreeRTOS/tasks.o
 .bss.xSchedulerRunning
                0x0000000020000404        0x4 ./Third_party/FreeRTOS/tasks.o
 .bss.xSuspendedTaskList
                0x0000000020000408       0x14 ./Third_party/FreeRTOS/tasks.o
 .bss.xTasksWaitingTermination
                0x000000002000041c       0x14 ./Third_party/FreeRTOS/tasks.o
 .bss.xTickCount
                0x0000000020000430        0x4 ./Third_party/FreeRTOS/tasks.o
 .bss.xYieldPending
                0x0000000020000434        0x4 ./Third_party/FreeRTOS/tasks.o
 .bss.pxEnd     0x0000000020000438        0x4 ./Third_party/FreeRTOS/portable/MemMang/heap_4.o
 .bss.ucHeap    0x000000002000043c     0x2800 ./Third_party/FreeRTOS/portable/MemMang/heap_4.o
 .bss.xBlockAllocatedBit
                0x0000000020002c3c        0x4 ./Third_party/FreeRTOS/portable/MemMang/heap_4.o
 .bss.xFreeBytesRemaining
                0x0000000020002c40        0x4 ./Third_party/FreeRTOS/portable/MemMang/heap_4.o
 .bss.xMinimumEverFreeBytesRemaining
                0x0000000020002c44        0x4 ./Third_party/FreeRTOS/portable/MemMang/heap_4.o
 .bss.xNumberOfSuccessfulAllocations
                0x0000000020002c48        0x4 ./Third_party/FreeRTOS/portable/MemMang/heap_4.o
 .bss.xNumberOfSuccessfulFrees
                0x0000000020002c4c        0x4 ./Third_party/FreeRTOS/portable/MemMang/heap_4.o
 .bss.xStart    0x0000000020002c50        0x8 ./Third_party/FreeRTOS/portable/MemMang/heap_4.o
 .bss.io_queue  0x0000000020002c58        0x4 ./app/interface/interface.o
                0x0000000020002c58                io_queue
 .bss.key_queue
                0x0000000020002c5c        0x4 ./app/interface/interface.o
                0x0000000020002c5c                key_queue
 .bss.lcd_queue
                0x0000000020002c60        0x4 ./app/interface/interface.o
                0x0000000020002c60                lcd_queue
 .bss.numpad_mutex
                0x0000000020002c64        0x4 ./app/interface/interface.o
                0x0000000020002c64                numpad_mutex
 .bss.m66_ctrl_local
                0x0000000020002c68        0x4 ./app/libs/M66_lib/M66.o
 .bss.circular_buffer
                0x0000000020002c6c       0x80 ./app/libs/circbuffer_lib/circbuffer.o
 .bss.rd_ptr    0x0000000020002cec        0x2 ./app/libs/circbuffer_lib/circbuffer.o
 .bss.wr_ptr    0x0000000020002cee        0x2 ./app/libs/circbuffer_lib/circbuffer.o
 .bss.config    0x0000000020002cf0       0x20 ./app/libs/config_lib/config.o
                0x0000000020002cf0                config
 .bss.spi_ctrl  0x0000000020002d10       0x10 ./app/libs/config_lib/config.o
                0x0000000020002d10                spi_ctrl
 .bss.spi_control_local
                0x0000000020002d20        0x4 ./app/libs/flash_lib/flash.o
 .bss.LCD_local_dev
                0x0000000020002d24        0x4 ./app/libs/lcd_lib/lcd.o
                0x0000000020002d24                LCD_local_dev
 .bss.numpad_local_dev
                0x0000000020002d28        0x4 ./app/libs/numpad_lib/numpad.o
                0x0000000020002d28                numpad_local_dev
 .bss.scan_array
                0x0000000020002d2c       0x90 ./app/libs/numpad_lib/numpad.o
                0x0000000020002d2c                scan_array
 .bss.system_state
                0x0000000020002dbc        0x1 ./app/tasks/core_tasks/manager_task/manager_task.o
                0x0000000020002dbc                system_state
 .bss.data_byte
                0x0000000020002dbd        0x1 ./app/tasks/core_tasks/uart_task/uart_task.o
                0x0000000020002dbd                data_byte
 .bss.gsm_sm    0x0000000020002dbe        0x1 ./app/tasks/gsm_task/gsm_task.o
                0x0000000020002dbe                gsm_sm
 *fill*         0x0000000020002dbf        0x1 
 .bss.m66_ctrl_struct
                0x0000000020002dc0        0xc ./app/tasks/gsm_task/gsm_task.o
                0x0000000020002dc0                m66_ctrl_struct
 .bss.lcd_i2c   0x0000000020002dcc        0xc ./app/tasks/lcd_task/lcd_task.o
                0x0000000020002dcc                lcd_i2c
 .bss.numpad_ctrl
                0x0000000020002dd8       0x24 ./app/tasks/numpad_task/numpad_task.o
                0x0000000020002dd8                numpad_ctrl
 .bss.errno     0x0000000020002dfc        0x4 e:/programs/stm32cubeide_1.6.1/stm32cubeide/plugins/com.st.stm32cube.ide.mcu.externaltools.gnu-tools-for-stm32.10.3-2021.10.win32_1.0.0.202111181127/tools/bin/../lib/gcc/arm-none-eabi/10.3.1/../../../../arm-none-eabi/lib/thumb/v7-m/nofp\libc_nano.a(lib_a-reent.o)
                0x0000000020002dfc                errno
 .bss.__lock___malloc_recursive_mutex
                0x0000000020002e00        0x1 e:/programs/stm32cubeide_1.6.1/stm32cubeide/plugins/com.st.stm32cube.ide.mcu.externaltools.gnu-tools-for-stm32.10.3-2021.10.win32_1.0.0.202111181127/tools/bin/../lib/gcc/arm-none-eabi/10.3.1/../../../../arm-none-eabi/lib/thumb/v7-m/nofp\libc_nano.a(lib_a-lock.o)
                0x0000000020002e00                __lock___malloc_recursive_mutex
 *fill*         0x0000000020002e01        0x3 
 .bss.__malloc_free_list
                0x0000000020002e04        0x4 e:/programs/stm32cubeide_1.6.1/stm32cubeide/plugins/com.st.stm32cube.ide.mcu.externaltools.gnu-tools-for-stm32.10.3-2021.10.win32_1.0.0.202111181127/tools/bin/../lib/gcc/arm-none-eabi/10.3.1/../../../../arm-none-eabi/lib/thumb/v7-m/nofp\libc_nano.a(lib_a-nano-mallocr.o)
                0x0000000020002e04                __malloc_free_list
 .bss.__malloc_sbrk_start
                0x0000000020002e08        0x4 e:/programs/stm32cubeide_1.6.1/stm32cubeide/plugins/com.st.stm32cube.ide.mcu.externaltools.gnu-tools-for-stm32.10.3-2021.10.win32_1.0.0.202111181127/tools/bin/../lib/gcc/arm-none-eabi/10.3.1/../../../../arm-none-eabi/lib/thumb/v7-m/nofp\libc_nano.a(lib_a-nano-mallocr.o)
                0x0000000020002e08                __malloc_sbrk_start
 *(COMMON)
                0x0000000020002e0c                . = ALIGN (0x4)
                0x0000000020002e0c                _ebss = .
                0x0000000020002e0c                __bss_end__ = _ebss

._user_heap_stack
                0x0000000020002e0c      0x604 load address 0x0000000008007a9c
                0x0000000020002e10                . = ALIGN (0x8)
 *fill*         0x0000000020002e0c        0x4 
                [!provide]                        PROVIDE (end = .)
                0x0000000020002e10                PROVIDE (_end = .)
                0x0000000020003010                . = (. + _Min_Heap_Size)
 *fill*         0x0000000020002e10      0x200 
                0x0000000020003410                . = (. + _Min_Stack_Size)
 *fill*         0x0000000020003010      0x400 
                0x0000000020003410                . = ALIGN (0x8)

/DISCARD/
 libc.a(*)
 libm.a(*)
 libgcc.a(*)

.ARM.attributes
                0x0000000000000000       0x29
 *(.ARM.attributes)
 .ARM.attributes
                0x0000000000000000       0x1d e:/programs/stm32cubeide_1.6.1/stm32cubeide/plugins/com.st.stm32cube.ide.mcu.externaltools.gnu-tools-for-stm32.10.3-2021.10.win32_1.0.0.202111181127/tools/bin/../lib/gcc/arm-none-eabi/10.3.1/thumb/v7-m/nofp/crti.o
 .ARM.attributes
                0x000000000000001d       0x2d e:/programs/stm32cubeide_1.6.1/stm32cubeide/plugins/com.st.stm32cube.ide.mcu.externaltools.gnu-tools-for-stm32.10.3-2021.10.win32_1.0.0.202111181127/tools/bin/../lib/gcc/arm-none-eabi/10.3.1/thumb/v7-m/nofp/crtbegin.o
 .ARM.attributes
                0x000000000000004a       0x2d ./Core/Src/adc.o
 .ARM.attributes
                0x0000000000000077       0x2d ./Core/Src/dma.o
 .ARM.attributes
                0x00000000000000a4       0x2d ./Core/Src/gpio.o
 .ARM.attributes
                0x00000000000000d1       0x2d ./Core/Src/i2c.o
 .ARM.attributes