Archive member included to satisfy reference by file (symbol)

e:/programs/stm32cubeide_1.6.1/stm32cubeide/plugins/com.st.stm32cube.ide.mcu.externaltools.gnu-tools-for-stm32.10.3-2021.10.win32_1.0.0.202111181127/tools/bin/../lib/gcc/arm-none-eabi/10.3.1/../../../../arm-none-eabi/lib/thumb/v7-m/nofp\libc_nano.a(lib_a-errno.o)
                              ./Core/Src/syscalls.o (__errno)
e:/programs/stm32cubeide_1.6.1/stm32cubeide/plugins/com.st.stm32cube.ide.mcu.externaltools.gnu-tools-for-stm32.10.3-2021.10.win32_1.0.0.202111181127/tools/bin/../lib/gcc/arm-none-eabi/10.3.1/../../../../arm-none-eabi/lib/thumb/v7-m/nofp\libc_nano.a(lib_a-exit.o)
                              e:/programs/stm32cubeide_1.6.1/stm32cubeide/plugins/com.st.stm32cube.ide.mcu.externaltools.gnu-tools-for-stm32.10.3-2021.10.win32_1.0.0.202111181127/tools/bin/../lib/gcc/arm-none-eabi/10.3.1/../../../../arm-none-eabi/lib/thumb/v7-m/nofp/crt0.o (exit)
e:/programs/stm32cubeide_1.6.1/stm32cubeide/plugins/com.st.stm32cube.ide.mcu.externaltools.gnu-tools-for-stm32.10.3-2021.10.win32_1.0.0.202111181127/tools/bin/../lib/gcc/arm-none-eabi/10.3.1/../../../../arm-none-eabi/lib/thumb/v7-m/nofp\libc_nano.a(lib_a-impure.o)
                              e:/programs/stm32cubeide_1.6.1/stm32cubeide/plugins/com.st.stm32cube.ide.mcu.externaltools.gnu-tools-for-stm32.10.3-2021.10.win32_1.0.0.202111181127/tools/bin/../lib/gcc/arm-none-eabi/10.3.1/../../../../arm-none-eabi/lib/thumb/v7-m/nofp\libc_nano.a(lib_a-exit.o) (_global_impure_ptr)
e:/programs/stm32cubeide_1.6.1/stm32cubeide/plugins/com.st.stm32cube.ide.mcu.externaltools.gnu-tools-for-stm32.10.3-2021.10.win32_1.0.0.202111181127/tools/bin/../lib/gcc/arm-none-eabi/10.3.1/../../../../arm-none-eabi/lib/thumb/v7-m/nofp\libc_nano.a(lib_a-init.o)
                              e:/programs/stm32cubeide_1.6.1/stm32cubeide/plugins/com.st.stm32cube.ide.mcu.externaltools.gnu-tools-for-stm32.10.3-2021.10.win32_1.0.0.202111181127/tools/bin/../lib/gcc/arm-none-eabi/10.3.1/../../../../arm-none-eabi/lib/thumb/v7-m/nofp/crt0.o (__libc_init_array)
e:/programs/stm32cubeide_1.6.1/stm32cubeide/plugins/com.st.stm32cube.ide.mcu.externaltools.gnu-tools-for-stm32.10.3-2021.10.win32_1.0.0.202111181127/tools/bin/../lib/gcc/arm-none-eabi/10.3.1/../../../../arm-none-eabi/lib/thumb/v7-m/nofp\libc_nano.a(lib_a-memcpy-stub.o)
                              ./Third_party/FreeRTOS/queue.o (memcpy)
e:/programs/stm32cubeide_1.6.1/stm32cubeide/plugins/com.st.stm32cube.ide.mcu.externaltools.gnu-tools-for-stm32.10.3-2021.10.win32_1.0.0.202111181127/tools/bin/../lib/gcc/arm-none-eabi/10.3.1/../../../../arm-none-eabi/lib/thumb/v7-m/nofp\libc_nano.a(lib_a-memset.o)
                              e:/programs/stm32cubeide_1.6.1/stm32cubeide/plugins/com.st.stm32cube.ide.mcu.externaltools.gnu-tools-for-stm32.10.3-2021.10.win32_1.0.0.202111181127/tools/bin/../lib/gcc/arm-none-eabi/10.3.1/../../../../arm-none-eabi/lib/thumb/v7-m/nofp/crt0.o (memset)
e:/programs/stm32cubeide_1.6.1/stm32cubeide/plugins/com.st.stm32cube.ide.mcu.externaltools.gnu-tools-for-stm32.10.3-2021.10.win32_1.0.0.202111181127/tools/bin/../lib/gcc/arm-none-eabi/10.3.1/../../../../arm-none-eabi/lib/thumb/v7-m/nofp\libc_nano.a(lib_a-strlen.o)
                              ./app/tasks/lcd_task/lcd_task.o (strlen)
e:/programs/stm32cubeide_1.6.1/stm32cubeide/plugins/com.st.stm32cube.ide.mcu.externaltools.gnu-tools-for-stm32.10.3-2021.10.win32_1.0.0.202111181127/tools/bin/../lib/gcc/arm-none-eabi/10.3.1/thumb/v7-m/nofp\libgcc.a(_arm_muldf3.o)
                              ./app/tasks/io_task/io_task.o (__aeabi_dmul)
e:/programs/stm32cubeide_1.6.1/stm32cubeide/plugins/com.st.stm32cube.ide.mcu.externaltools.gnu-tools-for-stm32.10.3-2021.10.win32_1.0.0.202111181127/tools/bin/../lib/gcc/arm-none-eabi/10.3.1/thumb/v7-m/nofp\libgcc.a(_arm_mulsf3.o)
                              ./app/tasks/io_task/io_task.o (__aeabi_fmul)
e:/programs/stm32cubeide_1.6.1/stm32cubeide/plugins/com.st.stm32cube.ide.mcu.externaltools.gnu-tools-for-stm32.10.3-2021.10.win32_1.0.0.202111181127/tools/bin/../lib/gcc/arm-none-eabi/10.3.1/thumb/v7-m/nofp\libgcc.a(_arm_addsubdf3.o)
                              ./app/tasks/io_task/io_task.o (__aeabi_ui2d)
e:/programs/stm32cubeide_1.6.1/stm32cubeide/plugins/com.st.stm32cube.ide.mcu.externaltools.gnu-tools-for-stm32.10.3-2021.10.win32_1.0.0.202111181127/tools/bin/../lib/gcc/arm-none-eabi/10.3.1/thumb/v7-m/nofp\libgcc.a(_arm_cmpdf2.o)
                              ./app/tasks/core_tasks/manager_task/manager_task.o (__aeabi_dcmpge)
e:/programs/stm32cubeide_1.6.1/stm32cubeide/plugins/com.st.stm32cube.ide.mcu.externaltools.gnu-tools-for-stm32.10.3-2021.10.win32_1.0.0.202111181127/tools/bin/../lib/gcc/arm-none-eabi/10.3.1/thumb/v7-m/nofp\libgcc.a(_arm_truncdfsf2.o)
                              ./app/tasks/io_task/io_task.o (__aeabi_d2f)
[...]
Memory Configuration

Name             Origin             Length             Attributes
RAM              0x0000000020000000 0x0000000000004000 xrw
FLASH            0x0000000008000000 0x0000000000008000 xr
*default*        0x0000000000000000 0xffffffffffffffff

Linker script and memory map

LOAD e:/programs/stm32cubeide_1.6.1/stm32cubeide/plugins/com.st.stm32cube.ide.mcu.externaltools.gnu-tools-for-stm32.10.3-2021.10.win32_1.0.0.202111181127/tools/bin/../lib/gcc/arm-none-eabi/10.3.1/thumb/v7-m/nofp/crti.o
LOAD e:/programs/stm32cubeide_1.6.1/stm32cubeide/plugins/com.st.stm32cube.ide.mcu.externaltools.gnu-tools-for-stm32.10.3-2021.10.win32_1.0.0.202111181127/tools/bin/../lib/gcc/arm-none-eabi/10.3.1/thumb/v7-m/nofp/crtbegin.o
LOAD e:/programs/stm32cubeide_1.6.1/stm32cubeide/plugins/com.st.stm32cube.ide.mcu.externaltools.gnu-tools-for-stm32.10.3-2021.10.win32_1.0.0.202111181127/tools/bin/../lib/gcc/arm-none-eabi/10.3.1/../../../../arm-none-eabi/lib/thumb/v7-m/nofp/crt0.o
LOAD ./Core/Src/adc.o
LOAD ./Core/Src/dma.o
LOAD ./Core/Src/gpio.o
LOAD ./Core/Src/i2c.o
LOAD ./Core/Src/main.o
LOAD ./Core/Src/spi.o
LOAD ./Core/Src/stm32l1xx_hal_msp.o
LOAD ./Core/Src/stm32l1xx_hal_timebase_tim.o
LOAD ./Core/Src/stm32l1xx_it.o
LOAD ./Core/Src/syscalls.o
LOAD ./Core/Src/sysmem.o
LOAD ./Core/Src/system_stm32l1xx.o
LOAD ./Core/Src/tim.o
LOAD ./Core/Src/usart.o
LOAD ./Core/Startup/startup_stm32l152c6txa.o
LOAD ./Drivers/STM32L1xx_HAL_Driver/Src/stm32l1xx_hal.o
LOAD ./Drivers/STM32L1xx_HAL_Driver/Src/stm32l1xx_hal_adc.o
LOAD ./Drivers/STM32L1xx_HAL_Driver/Src/stm32l1xx_hal_adc_ex.o
LOAD ./Drivers/STM32L1xx_HAL_Driver/Src/stm32l1xx_hal_cortex.o
LOAD ./Drivers/STM32L1xx_HAL_Driver/Src/stm32l1xx_hal_dma.o
LOAD ./Drivers/STM32L1xx_HAL_Driver/Src/stm32l1xx_hal_exti.o
LOAD ./Drivers/STM32L1xx_HAL_Driver/Src/stm32l1xx_hal_flash.o
LOAD ./Drivers/STM32L1xx_HAL_Driver/Src/stm32l1xx_hal_flash_ex.o
LOAD ./Drivers/STM32L1xx_HAL_Driver/Src/stm32l1xx_hal_flash_ramfunc.o
LOAD ./Drivers/STM32L1xx_HAL_Driver/Src/stm32l1xx_hal_gpio.o
LOAD ./Drivers/STM32L1xx_HAL_Driver/Src/stm32l1xx_hal_i2c.o
LOAD ./Drivers/STM32L1xx_HAL_Driver/Src/stm32l1xx_hal_pwr.o
LOAD ./Drivers/STM32L1xx_HAL_Driver/Src/stm32l1xx_hal_pwr_ex.o
LOAD ./Drivers/STM32L1xx_HAL_Driver/Src/stm32l1xx_hal_rcc.o
LOAD ./Drivers/STM32L1xx_HAL_Driver/Src/stm32l1xx_hal_rcc_ex.o
LOAD ./Drivers/STM32L1xx_HAL_Driver/Src/stm32l1xx_hal_spi.o
LOAD ./Drivers/STM32L1xx_HAL_Driver/Src/stm32l1xx_hal_tim.o
LOAD ./Drivers/STM32L1xx_HAL_Driver/Src/stm32l1xx_hal_tim_ex.o
LOAD ./Drivers/STM32L1xx_HAL_Driver/Src/stm32l1xx_hal_uart.o
LOAD ./Third_party/FreeRTOS/croutine.o
LOAD ./Third_party/FreeRTOS/event_groups.o
LOAD ./Third_party/FreeRTOS/list.o
LOAD ./Third_party/FreeRTOS/queue.o
LOAD ./Third_party/FreeRTOS/stream_buffer.o
LOAD ./Third_party/FreeRTOS/tasks.o
LOAD ./Third_party/FreeRTOS/timers.o
LOAD ./Third_party/FreeRTOS/portable/GCC/ARM_CM3/port.o
LOAD ./Third_party/FreeRTOS/portable/MemMang/heap_4.o
LOAD ./app/app.o
LOAD ./app/interface/interface.o
LOAD ./app/libs/lcd_lib/lcd.o
LOAD ./app/libs/numpad_lib/numpad.o
LOAD ./app/tasks/core_tasks/init_task/init_task.o
LOAD ./app/tasks/core_tasks/manager_task/manager_task.o
LOAD ./app/tasks/core_tasks/uart_task/uart_task.o
LOAD ./app/tasks/gsm_task/gsm_task.o
LOAD ./app/tasks/io_task/io_task.o
LOAD ./app/tasks/lcd_task/lcd_task.o
LOAD ./app/tasks/numpad_task/numpad_task.o
START GROUP
LOAD e:/programs/stm32cubeide_1.6.1/stm32cubeide/plugins/com.st.stm32cube.ide.mcu.externaltools.gnu-tools-for-stm32.10.3-2021.10.win32_1.0.0.202111181127/tools/bin/../lib/gcc/arm-none-eabi/10.3.1/../../../../arm-none-eabi/lib/thumb/v7-m/nofp\libc_nano.a
LOAD e:/programs/stm32cubeide_1.6.1/stm32cubeide/plugins/com.st.stm32cube.ide.mcu.externaltools.gnu-tools-for-stm32.10.3-2021.10.win32_1.0.0.202111181127/tools/bin/../lib/gcc/arm-none-eabi/10.3.1/../../../../arm-none-eabi/lib/thumb/v7-m/nofp\libm.a
END GROUP
START GROUP
LOAD e:/programs/stm32cubeide_1.6.1/stm32cubeide/plugins/com.st.stm32cube.ide.mcu.externaltools.gnu-tools-for-stm32.10.3-2021.10.win32_1.0.0.202111181127/tools/bin/../lib/gcc/arm-none-eabi/10.3.1/thumb/v7-m/nofp\libgcc.a
LOAD e:/programs/stm32cubeide_1.6.1/stm32cubeide/plugins/com.st.stm32cube.ide.mcu.externaltools.gnu-tools-for-stm32.10.3-2021.10.win32_1.0.0.202111181127/tools/bin/../lib/gcc/arm-none-eabi/10.3.1/../../../../arm-none-eabi/lib/thumb/v7-m/nofp\libc_nano.a
END GROUP
START GROUP
LOAD e:/programs/stm32cubeide_1.6.1/stm32cubeide/plugins/com.st.stm32cube.ide.mcu.externaltools.gnu-tools-for-stm32.10.3-2021.10.win32_1.0.0.202111181127/tools/bin/../lib/gcc/arm-none-eabi/10.3.1/thumb/v7-m/nofp\libgcc.a
LOAD e:/programs/stm32cubeide_1.6.1/stm32cubeide/plugins/com.st.stm32cube.ide.mcu.externaltools.gnu-tools-for-stm32.10.3-2021.10.win32_1.0.0.202111181127/tools/bin/../lib/gcc/arm-none-eabi/10.3.1/../../../../arm-none-eabi/lib/thumb/v7-m/nofp\libc_nano.a
LOAD e:/programs/stm32cubeide_1.6.1/stm32cubeide/plugins/com.st.stm32cube.ide.mcu.externaltools.gnu-tools-for-stm32.10.3-2021.10.win32_1.0.0.202111181127/tools/bin/../lib/gcc/arm-none-eabi/10.3.1/../../../../arm-none-eabi/lib/thumb/v7-m/nofp\libnosys.a
END GROUP
START GROUP
LOAD e:/programs/stm32cubeide_1.6.1/stm32cubeide/plugins/com.st.stm32cube.ide.mcu.externaltools.gnu-tools-for-stm32.10.3-2021.10.win32_1.0.0.202111181127/tools/bin/../lib/gcc/arm-none-eabi/10.3.1/thumb/v7-m/nofp\libgcc.a
LOAD e:/programs/stm32cubeide_1.6.1/stm32cubeide/plugins/com.st.stm32cube.ide.mcu.externaltools.gnu-tools-for-stm32.10.3-2021.10.win32_1.0.0.202111181127/tools/bin/../lib/gcc/arm-none-eabi/10.3.1/../../../../arm-none-eabi/lib/thumb/v7-m/nofp\libc_nano.a
LOAD e:/programs/stm32cubeide_1.6.1/stm32cubeide/plugins/com.st.stm32cube.ide.mcu.externaltools.gnu-tools-for-stm32.10.3-2021.10.win32_1.0.0.202111181127/tools/bin/../lib/gcc/arm-none-eabi/10.3.1/../../../../arm-none-eabi/lib/thumb/v7-m/nofp\libnosys.a
END GROUP
LOAD e:/programs/stm32cubeide_1.6.1/stm32cubeide/plugins/com.st.stm32cube.ide.mcu.externaltools.gnu-tools-for-stm32.10.3-2021.10.win32_1.0.0.202111181127/tools/bin/../lib/gcc/arm-none-eabi/10.3.1/thumb/v7-m/nofp/crtend.o
LOAD e:/programs/stm32cubeide_1.6.1/stm32cubeide/plugins/com.st.stm32cube.ide.mcu.externaltools.gnu-tools-for-stm32.10.3-2021.10.win32_1.0.0.202111181127/tools/bin/../lib/gcc/arm-none-eabi/10.3.1/thumb/v7-m/nofp/crtn.o
                0x0000000020004000                _estack = (ORIGIN (RAM) + LENGTH (RAM))
                0x0000000000000200                _Min_Heap_Size = 0x200
                0x0000000000000400                _Min_Stack_Size = 0x400

.isr_vector     0x0000000008000000      0x13c
                0x0000000008000000                . = ALIGN (0x4)
 *(.isr_vector)
 .isr_vector    0x0000000008000000      0x13c ./Core/Startup/startup_stm32l152c6txa.o
                0x0000000008000000                g_pfnVectors
                0x000000000800013c                . = ALIGN (0x4)

.text           0x0000000008000140     0x4d4c
                0x0000000008000140                . = ALIGN (0x4)
 *(.text)
 .text          0x0000000008000140       0x40 e:/programs/stm32cubeide_1.6.1/stm32cubeide/plugins/com.st.stm32cube.ide.mcu.externaltools.gnu-tools-for-stm32.10.3-2021.10.win32_1.0.0.202111181127/tools/bin/../lib/gcc/arm-none-eabi/10.3.1/thumb/v7-m/nofp/crtbegin.o
 .text          0x0000000008000180       0x10 e:/programs/stm32cubeide_1.6.1/stm32cubeide/plugins/com.st.stm32cube.ide.mcu.externaltools.gnu-tools-for-stm32.10.3-2021.10.win32_1.0.0.202111181127/tools/bin/../lib/gcc/arm-none-eabi/10.3.1/../../../../arm-none-eabi/lib/thumb/v7-m/nofp\libc_nano.a(lib_a-strlen.o)
                0x0000000008000180                strlen
 .text          0x0000000008000190      0x254 e:/programs/stm32cubeide_1.6.1/stm32cubeide/plugins/com.st.stm32cube.ide.mcu.externaltools.gnu-tools-for-stm32.10.3-2021.10.win32_1.0.0.202111181127/tools/bin/../lib/gcc/arm-none-eabi/10.3.1/thumb/v7-m/nofp\libgcc.a(_arm_muldf3.o)
                0x0000000008000190                __muldf3
                0x0000000008000190                __aeabi_dmul
 .text          0x00000000080003e4      0x378 e:/programs/stm32cubeide_1.6.1/stm32cubeide/plugins/com.st.stm32cube.ide.mcu.externaltools.gnu-tools-for-stm32.10.3-2021.10.win32_1.0.0.202111181127/tools/bin/../lib/gcc/arm-none-eabi/10.3.1/thumb/v7-m/nofp\libgcc.a(_arm_addsubdf3.o)
                0x00000000080003e4                __aeabi_drsub
                0x00000000080003ec                __aeabi_dsub
                0x00000000080003ec                __subdf3
                0x00000000080003f0                __aeabi_dadd
                0x00000000080003f0                __adddf3
                0x0000000008000668                __floatunsidf
                0x0000000008000668                __aeabi_ui2d
                0x0000000008000688                __floatsidf
                0x0000000008000688                __aeabi_i2d
                0x00000000080006ac                __aeabi_f2d
                0x00000000080006ac                __extendsfdf2
                0x00000000080006f0                __floatundidf
                0x00000000080006f0                __aeabi_ul2d
                0x0000000008000700                __floatdidf
                0x0000000008000700                __aeabi_l2d
 .text          0x000000000800075c      0x110 e:/programs/stm32cubeide_1.6.1/stm32cubeide/plugins/com.st.stm32cube.ide.mcu.externaltools.gnu-tools-for-stm32.10.3-2021.10.win32_1.0.0.202111181127/tools/bin/../lib/gcc/arm-none-eabi/10.3.1/thumb/v7-m/nofp\libgcc.a(_arm_cmpdf2.o)
                0x000000000800075c                __gtdf2
                0x000000000800075c                __gedf2
                0x0000000008000764                __ltdf2
                0x0000000008000764                __ledf2
                0x000000000800076c                __nedf2
                0x000000000800076c                __eqdf2
                0x000000000800076c                __cmpdf2
                0x00000000080007e8                __aeabi_cdrcmple
                0x00000000080007f8                __aeabi_cdcmpeq
                0x00000000080007f8                __aeabi_cdcmple
                0x0000000008000808                __aeabi_dcmpeq
                0x000000000800081c                __aeabi_dcmplt
                0x0000000008000830                __aeabi_dcmple
                0x0000000008000844                __aeabi_dcmpge
                0x0000000008000858                __aeabi_dcmpgt
 .text          0x000000000800086c       0xa0 e:/programs/stm32cubeide_1.6.1/stm32cubeide/plugins/com.st.stm32cube.ide.mcu.externaltools.gnu-tools-for-stm32.10.3-2021.10.win32_1.0.0.202111181127/tools/bin/../lib/gcc/arm-none-eabi/10.3.1/thumb/v7-m/nofp\libgcc.a(_arm_truncdfsf2.o)
                0x000000000800086c                __truncdfsf2
                0x000000000800086c                __aeabi_d2f
 .text          0x000000000800090c      0x2a0 e:/programs/stm32cubeide_1.6.1/stm32cubeide/plugins/com.st.stm32cube.ide.mcu.externaltools.gnu-tools-for-stm32.10.3-2021.10.win32_1.0.0.202111181127/tools/bin/../lib/gcc/arm-none-eabi/10.3.1/thumb/v7-m/nofp\libgcc.a(_arm_muldivsf3.o)
                0x000000000800090c                __mulsf3
                0x000000000800090c                __aeabi_fmul
                0x0000000008000a74                __aeabi_fdiv
                0x0000000008000a74                __divsf3
 .text          0x0000000008000bac       0x30 e:/programs/stm32cubeide_1.6.1/stm32cubeide/plugins/com.st.stm32cube.ide.mcu.externaltools.gnu-tools-for-stm32.10.3-2021.10.win32_1.0.0.202111181127/tools/bin/../lib/gcc/arm-none-eabi/10.3.1/thumb/v7-m/nofp\libgcc.a(_aeabi_uldivmod.o)
                0x0000000008000bac                __aeabi_uldivmod
 .text          0x0000000008000bdc      0x2d4 e:/programs/stm32cubeide_1.6.1/stm32cubeide/plugins/com.st.stm32cube.ide.mcu.externaltools.gnu-tools-for-stm32.10.3-2021.10.win32_1.0.0.202111181127/tools/bin/../lib/gcc/arm-none-eabi/10.3.1/thumb/v7-m/nofp\libgcc.a(_udivmoddi4.o)
                0x0000000008000bdc                __udivmoddi4
 .text          0x0000000008000eb0        0x4 e:/programs/stm32cubeide_1.6.1/stm32cubeide/plugins/com.st.stm32cube.ide.mcu.externaltools.gnu-tools-for-stm32.10.3-2021.10.win32_1.0.0.202111181127/tools/bin/../lib/gcc/arm-none-eabi/10.3.1/thumb/v7-m/nofp\libgcc.a(_dvmd_tls.o)
                0x0000000008000eb0                __aeabi_idiv0
                0x0000000008000eb0                __aeabi_ldiv0
 *(.text*)
 .text.MX_ADC_Init
                0x0000000008000eb4       0x64 ./Core/Src/adc.o
                0x0000000008000eb4                MX_ADC_Init
 .text.HAL_ADC_MspInit
                0x0000000008000f18       0x5c ./Core/Src/adc.o
                0x0000000008000f18                HAL_ADC_MspInit
 .text.MX_DMA_Init
                0x0000000008000f74       0x30 ./Core/Src/dma.o
                0x0000000008000f74                MX_DMA_Init
 .text.MX_GPIO_Init
                0x0000000008000fa4      0x15c ./Core/Src/gpio.o
                0x0000000008000fa4                MX_GPIO_Init
 .text.MX_I2C1_Init
                0x0000000008001100       0x3c ./Core/Src/i2c.o
                0x0000000008001100                MX_I2C1_Init
 .text.HAL_I2C_MspInit
                0x000000000800113c       0x68 ./Core/Src/i2c.o
                0x000000000800113c                HAL_I2C_MspInit
 .text.SystemClock_Config
                0x00000000080011a4       0x74 ./Core/Src/main.o
                0x00000000080011a4                SystemClock_Config
 .text.startup.main
                0x0000000008001218       0x2e ./Core/Src/main.o
                0x0000000008001218                main
 *fill*         0x0000000008001246        0x2 
 .text.HAL_TIM_PeriodElapsedCallback
                0x0000000008001248       0x14 ./Core/Src/main.o
                0x0000000008001248                HAL_TIM_PeriodElapsedCallback
 .text.Error_Handler
                0x000000000800125c        0x4 ./Core/Src/main.o
                0x000000000800125c                Error_Handler
 .text.MX_SPI1_Init
                0x0000000008001260       0x44 ./Core/Src/spi.o
                0x0000000008001260                MX_SPI1_Init
 .text.HAL_SPI_MspInit
                0x00000000080012a4       0x64 ./Core/Src/spi.o
                0x00000000080012a4                HAL_SPI_MspInit
 .text.HAL_MspInit
                0x0000000008001308       0x44 ./Core/Src/stm32l1xx_hal_msp.o
                0x0000000008001308                HAL_MspInit
 .text.HAL_InitTick
                0x000000000800134c       0x98 ./Core/Src/stm32l1xx_hal_timebase_tim.o
                0x000000000800134c                HAL_InitTick
 .text.NMI_Handler
                0x00000000080013e4        0x2 ./Core/Src/stm32l1xx_it.o
                0x00000000080013e4                NMI_Handler
 .text.HardFault_Handler
                0x00000000080013e6        0x2 ./Core/Src/stm32l1xx_it.o
                0x00000000080013e6                HardFault_Handler
 .text.MemManage_Handler
                0x00000000080013e8        0x2 ./Core/Src/stm32l1xx_it.o
                0x00000000080013e8                MemManage_Handler
 .text.BusFault_Handler
                0x00000000080013ea        0x2 ./Core/Src/stm32l1xx_it.o
                0x00000000080013ea                BusFault_Handler
 .text.UsageFault_Handler
                0x00000000080013ec        0x2 ./Core/Src/stm32l1xx_it.o
                0x00000000080013ec                UsageFault_Handler
 .text.DebugMon_Handler
                0x00000000080013ee        0x2 ./Core/Src/stm32l1xx_it.o
                0x00000000080013ee                DebugMon_Handler
 .text.EXTI0_IRQHandler
                0x00000000080013f0        0x6 ./Core/Src/stm32l1xx_it.o
                0x00000000080013f0                EXTI0_IRQHandler
 .text.EXTI1_IRQHandler
                0x00000000080013f6        0x6 ./Core/Src/stm32l1xx_it.o
                0x00000000080013f6                EXTI1_IRQHandler
 .text.EXTI2_IRQHandler
                0x00000000080013fc        0x6 ./Core/Src/stm32l1xx_it.o
                0x00000000080013fc                EXTI2_IRQHandler
 .text.EXTI4_IRQHandler
                0x0000000008001402        0x6 ./Core/Src/stm32l1xx_it.o
                0x0000000008001402                EXTI4_IRQHandler
 .text.DMA1_Channel6_IRQHandler
                0x0000000008001408        0xc ./Core/Src/stm32l1xx_it.o
                0x0000000008001408                DMA1_Channel6_IRQHandler
 .text.EXTI9_5_IRQHandler
                0x0000000008001414       0x18 ./Core/Src/stm32l1xx_it.o
                0x0000000008001414                EXTI9_5_IRQHandler
 .text.EXTI15_10_IRQHandler
                0x000000000800142c       0x16 ./Core/Src/stm32l1xx_it.o
                0x000000000800142c                EXTI15_10_IRQHandler
 *fill*         0x0000000008001442        0x2 
 .text.TIM6_IRQHandler
                0x0000000008001444        0xc ./Core/Src/stm32l1xx_it.o
                0x0000000008001444                TIM6_IRQHandler
 .text.SystemInit
                0x0000000008001450        0x2 ./Core/Src/system_stm32l1xx.o
                0x0000000008001450                SystemInit
 *fill*         0x0000000008001452        0x2 
 .text.HAL_TIM_PWM_MspInit
                0x0000000008001454       0x28 ./Core/Src/tim.o
                0x0000000008001454                HAL_TIM_PWM_MspInit
 .text.HAL_TIM_MspPostInit
                0x000000000800147c       0x4c ./Core/Src/tim.o
                0x000000000800147c                HAL_TIM_MspPostInit
 .text.MX_TIM4_Init
                0x00000000080014c8       0x74 ./Core/Src/tim.o
                0x00000000080014c8                MX_TIM4_Init
 .text.MX_USART2_UART_Init
                0x000000000800153c       0x38 ./Core/Src/usart.o
                0x000000000800153c                MX_USART2_UART_Init
 .text.HAL_UART_MspInit
                0x0000000008001574       0x9c ./Core/Src/usart.o
                0x0000000008001574                HAL_UART_MspInit
 .text.Reset_Handler
                0x0000000008001610       0x48 ./Core/Startup/startup_stm32l152c6txa.o
                0x0000000008001610                Reset_Handler
 .text.Default_Handler
                0x0000000008001658        0x2 ./Core/Startup/startup_stm32l152c6txa.o
                0x0000000008001658                RTC_Alarm_IRQHandler
                0x0000000008001658                TIM10_IRQHandler
                0x0000000008001658                USB_HP_IRQHandler
                0x0000000008001658                PVD_IRQHandler
                0x0000000008001658                EXTI3_IRQHandler
                0x0000000008001658                I2C2_EV_IRQHandler
                0x0000000008001658                SPI1_IRQHandler
                0x0000000008001658                USB_FS_WKUP_IRQHandler
                0x0000000008001658                DMA1_Channel4_IRQHandler
                0x0000000008001658                ADC1_IRQHandler
                0x0000000008001658                USART3_IRQHandler
                0x0000000008001658                DMA1_Channel7_IRQHandler
                0x0000000008001658                LCD_IRQHandler
                0x0000000008001658                TIM4_IRQHandler
                0x0000000008001658                I2C1_EV_IRQHandler
                0x0000000008001658                TIM3_IRQHandler
                0x0000000008001658                RCC_IRQHandler
                0x0000000008001658                DMA1_Channel1_IRQHandler
                0x0000000008001658                Default_Handler
                0x0000000008001658                TIM7_IRQHandler
                0x0000000008001658                TIM9_IRQHandler
                0x0000000008001658                TAMPER_STAMP_IRQHandler
                0x0000000008001658                RTC_WKUP_IRQHandler
                0x0000000008001658                SPI2_IRQHandler
                0x0000000008001658                DMA1_Channel5_IRQHandler
                0x0000000008001658                USB_LP_IRQHandler
                0x0000000008001658                DMA1_Channel3_IRQHandler
                0x0000000008001658                COMP_IRQHandler
                0x0000000008001658                WWDG_IRQHandler
                0x0000000008001658                TIM2_IRQHandler
                0x0000000008001658                DAC_IRQHandler
                0x0000000008001658                TIM11_IRQHandler
                0x0000000008001658                USART2_IRQHandler
                0x0000000008001658                I2C2_ER_IRQHandler
                0x0000000008001658                DMA1_Channel2_IRQHandler
                0x0000000008001658                FLASH_IRQHandler
                0x0000000008001658                USART1_IRQHandler
                0x0000000008001658                I2C1_ER_IRQHandler
 .text.HAL_Init
                0x000000000800165a       0x1e ./Drivers/STM32L1xx_HAL_Driver/Src/stm32l1xx_hal.o
                0x000000000800165a                HAL_Init
 .text.HAL_IncTick
                0x0000000008001678       0x18 ./Drivers/STM32L1xx_HAL_Driver/Src/stm32l1xx_hal.o
                0x0000000008001678                HAL_IncTick
 .text.HAL_GetTick
                0x0000000008001690        0xc ./Drivers/STM32L1xx_HAL_Driver/Src/stm32l1xx_hal.o
                0x0000000008001690                HAL_GetTick
 .text.HAL_ADC_Init
                0x000000000800169c      0x184 ./Drivers/STM32L1xx_HAL_Driver/Src/stm32l1xx_hal_adc.o
                0x000000000800169c                HAL_ADC_Init
 .text.HAL_ADC_PollForConversion
                0x0000000008001820       0xac ./Drivers/STM32L1xx_HAL_Driver/Src/stm32l1xx_hal_adc.o
                0x0000000008001820                HAL_ADC_PollForConversion
 .text.HAL_ADC_GetValue
                0x00000000080018cc        0x6 ./Drivers/STM32L1xx_HAL_Driver/Src/stm32l1xx_hal_adc.o
                0x00000000080018cc                HAL_ADC_GetValue
 *fill*         0x00000000080018d2        0x2 
 .text.HAL_ADC_ConfigChannel
                0x00000000080018d4      0x154 ./Drivers/STM32L1xx_HAL_Driver/Src/stm32l1xx_hal_adc.o
                0x00000000080018d4                HAL_ADC_ConfigChannel
 .text.ADC_Enable
                0x0000000008001a28       0x7c ./Drivers/STM32L1xx_HAL_Driver/Src/stm32l1xx_hal_adc.o
                0x0000000008001a28                ADC_Enable
 .text.HAL_ADC_Start
                0x0000000008001aa4       0x6e ./Drivers/STM32L1xx_HAL_Driver/Src/stm32l1xx_hal_adc.o
                0x0000000008001aa4                HAL_ADC_Start
 *fill*         0x0000000008001b12        0x2 
 .text.HAL_NVIC_SetPriorityGrouping
                0x0000000008001b14       0x24 ./Drivers/STM32L1xx_HAL_Driver/Src/stm32l1xx_hal_cortex.o
                0x0000000008001b14                HAL_NVIC_SetPriorityGrouping
 .text.HAL_NVIC_SetPriority
                0x0000000008001b38       0x64 ./Drivers/STM32L1xx_HAL_Driver/Src/stm32l1xx_hal_cortex.o
                0x0000000008001b38                HAL_NVIC_SetPriority
 .text.HAL_NVIC_EnableIRQ
                0x0000000008001b9c       0x1c ./Drivers/STM32L1xx_HAL_Driver/Src/stm32l1xx_hal_cortex.o
                0x0000000008001b9c                HAL_NVIC_EnableIRQ
 .text.HAL_DMA_Init
                0x0000000008001bb8       0x64 ./Drivers/STM32L1xx_HAL_Driver/Src/stm32l1xx_hal_dma.o
                0x0000000008001bb8                HAL_DMA_Init
 .text.HAL_DMA_IRQHandler
                0x0000000008001c1c       0x94 ./Drivers/STM32L1xx_HAL_Driver/Src/stm32l1xx_hal_dma.o
                0x0000000008001c1c                HAL_DMA_IRQHandler
 .text.HAL_GPIO_Init
                0x0000000008001cb0      0x18c ./Drivers/STM32L1xx_HAL_Driver/Src/stm32l1xx_hal_gpio.o
                0x0000000008001cb0                HAL_GPIO_Init
 .text.HAL_GPIO_ReadPin
                0x0000000008001e3c        0xc ./Drivers/STM32L1xx_HAL_Driver/Src/stm32l1xx_hal_gpio.o
                0x0000000008001e3c                HAL_GPIO_ReadPin
 .text.HAL_GPIO_WritePin
                0x0000000008001e48        0xa ./Drivers/STM32L1xx_HAL_Driver/Src/stm32l1xx_hal_gpio.o
                0x0000000008001e48                HAL_GPIO_WritePin
 *fill*         0x0000000008001e52        0x2 
 .text.HAL_GPIO_EXTI_IRQHandler
                0x0000000008001e54       0x18 ./Drivers/STM32L1xx_HAL_Driver/Src/stm32l1xx_hal_gpio.o
                0x0000000008001e54                HAL_GPIO_EXTI_IRQHandler
 .text.I2C_IsAcknowledgeFailed
                0x0000000008001e6c       0x32 ./Drivers/STM32L1xx_HAL_Driver/Src/stm32l1xx_hal_i2c.o
 .text.I2C_WaitOnFlagUntilTimeout
                0x0000000008001e9e       0x64 ./Drivers/STM32L1xx_HAL_Driver/Src/stm32l1xx_hal_i2c.o
 .text.I2C_WaitOnMasterAddressFlagUntilTimeout
                0x0000000008001f02       0x76 ./Drivers/STM32L1xx_HAL_Driver/Src/stm32l1xx_hal_i2c.o
 .text.I2C_WaitOnRXNEFlagUntilTimeout
                0x0000000008001f78       0x5e ./Drivers/STM32L1xx_HAL_Driver/Src/stm32l1xx_hal_i2c.o
 .text.I2C_WaitOnBTFFlagUntilTimeout
                0x0000000008001fd6       0x4c ./Drivers/STM32L1xx_HAL_Driver/Src/stm32l1xx_hal_i2c.o
 .text.I2C_WaitOnTXEFlagUntilTimeout
                0x0000000008002022       0x4c ./Drivers/STM32L1xx_HAL_Driver/Src/stm32l1xx_hal_i2c.o
 *fill*         0x000000000800206e        0x2 
 .text.HAL_I2C_Init
                0x0000000008002070      0x150 ./Drivers/STM32L1xx_HAL_Driver/Src/stm32l1xx_hal_i2c.o
                0x0000000008002070                HAL_I2C_Init
 .text.HAL_I2C_Master_Transmit
                0x00000000080021c0      0x1b0 ./Drivers/STM32L1xx_HAL_Driver/Src/stm32l1xx_hal_i2c.o
                0x00000000080021c0                HAL_I2C_Master_Transmit
 .text.HAL_I2C_Master_Receive
                0x0000000008002370      0x2e0 ./Drivers/STM32L1xx_HAL_Driver/Src/stm32l1xx_hal_i2c.o
                0x0000000008002370                HAL_I2C_Master_Receive
 .text.RCC_SetFlashLatencyFromMSIRange
                0x0000000008002650       0x80 ./Drivers/STM32L1xx_HAL_Driver/Src/stm32l1xx_hal_rcc.o
 .text.HAL_RCC_OscConfig
                0x00000000080026d0      0x43c ./Drivers/STM32L1xx_HAL_Driver/Src/stm32l1xx_hal_rcc.o
                0x00000000080026d0                HAL_RCC_OscConfig
 .text.HAL_RCC_GetSysClockFreq
                0x0000000008002b0c       0x68 ./Drivers/STM32L1xx_HAL_Driver/Src/stm32l1xx_hal_rcc.o
                0x0000000008002b0c                HAL_RCC_GetSysClockFreq
 .text.HAL_RCC_ClockConfig
                0x0000000008002b74      0x184 ./Drivers/STM32L1xx_HAL_Driver/Src/stm32l1xx_hal_rcc.o
                0x0000000008002b74                HAL_RCC_ClockConfig
 .text.HAL_RCC_GetPCLK1Freq
                0x0000000008002cf8       0x20 ./Drivers/STM32L1xx_HAL_Driver/Src/stm32l1xx_hal_rcc.o
                0x0000000008002cf8                HAL_RCC_GetPCLK1Freq
 .text.HAL_RCC_GetPCLK2Freq
                0x0000000008002d18       0x20 ./Drivers/STM32L1xx_HAL_Driver/Src/stm32l1xx_hal_rcc.o
                0x0000000008002d18                HAL_RCC_GetPCLK2Freq
 .text.HAL_RCC_GetClockConfig
                0x0000000008002d38       0x3c ./Drivers/STM32L1xx_HAL_Driver/Src/stm32l1xx_hal_rcc.o
                0x0000000008002d38                HAL_RCC_GetClockConfig
 .text.HAL_SPI_Init
                0x0000000008002d74       0xa8 ./Drivers/STM32L1xx_HAL_Driver/Src/stm32l1xx_hal_spi.o
                0x0000000008002d74                HAL_SPI_Init
 .text.TIM_Base_SetConfig
                0x0000000008002e1c       0x74 ./Drivers/STM32L1xx_HAL_Driver/Src/stm32l1xx_hal_tim.o
 .text.TIM_OC1_SetConfig
                0x0000000008002e90       0x2c ./Drivers/STM32L1xx_HAL_Driver/Src/stm32l1xx_hal_tim.o
 .text.TIM_OC2_SetConfig
                0x0000000008002ebc       0x30 ./Drivers/STM32L1xx_HAL_Driver/Src/stm32l1xx_hal_tim.o
 .text.TIM_CCxChannelCmd
                0x0000000008002eec       0x1c ./Drivers/STM32L1xx_HAL_Driver/Src/stm32l1xx_hal_tim.o
 .text.HAL_TIM_Base_MspInit
                0x0000000008002f08        0x2 ./Drivers/STM32L1xx_HAL_Driver/Src/stm32l1xx_hal_tim.o
                0x0000000008002f08                HAL_TIM_Base_MspInit
 .text.HAL_TIM_Base_Init
                0x0000000008002f0a       0x48 ./Drivers/STM32L1xx_HAL_Driver/Src/stm32l1xx_hal_tim.o
                0x0000000008002f0a                HAL_TIM_Base_Init
 *fill*         0x0000000008002f52        0x2 
 .text.HAL_TIM_Base_Start_IT
                0x0000000008002f54       0x54 ./Drivers/STM32L1xx_HAL_Driver/Src/stm32l1xx_hal_tim.o
                0x0000000008002f54                HAL_TIM_Base_Start_IT
 .text.HAL_TIM_OC_Start
                0x0000000008002fa8       0x90 ./Drivers/STM32L1xx_HAL_Driver/Src/stm32l1xx_hal_tim.o
                0x0000000008002fa8                HAL_TIM_OC_Start
 .text.HAL_TIM_OC_Stop
                0x0000000008003038       0x46 ./Drivers/STM32L1xx_HAL_Driver/Src/stm32l1xx_hal_tim.o
                0x0000000008003038                HAL_TIM_OC_Stop
 .text.HAL_TIM_PWM_Init
                0x000000000800307e       0x48 ./Drivers/STM32L1xx_HAL_Driver/Src/stm32l1xx_hal_tim.o
                0x000000000800307e                HAL_TIM_PWM_Init
 .text.HAL_TIM_PWM_Start
                0x00000000080030c6        0x4 ./Drivers/STM32L1xx_HAL_Driver/Src/stm32l1xx_hal_tim.o
                0x00000000080030c6                HAL_TIM_PWM_Start
 .text.HAL_TIM_PWM_Stop
                0x00000000080030ca        0x4 ./Drivers/STM32L1xx_HAL_Driver/Src/stm32l1xx_hal_tim.o
                0x00000000080030ca                HAL_TIM_PWM_Stop
 .text.HAL_TIM_PWM_ConfigChannel
                0x00000000080030ce      0x102 ./Drivers/STM32L1xx_HAL_Driver/Src/stm32l1xx_hal_tim.o
                0x00000000080030ce                HAL_TIM_PWM_ConfigChannel
 .text.HAL_TIM_OC_DelayElapsedCallback
                0x00000000080031d0        0x2 ./Drivers/STM32L1xx_HAL_Driver/Src/stm32l1xx_hal_tim.o
                0x00000000080031d0                HAL_TIM_OC_DelayElapsedCallback
 .text.HAL_TIM_IC_CaptureCallback
                0x00000000080031d2        0x2 ./Drivers/STM32L1xx_HAL_Driver/Src/stm32l1xx_hal_tim.o
                0x00000000080031d2                HAL_TIM_IC_CaptureCallback
 .text.HAL_TIM_PWM_PulseFinishedCallback
                0x00000000080031d4        0x2 ./Drivers/STM32L1xx_HAL_Driver/Src/stm32l1xx_hal_tim.o
                0x00000000080031d4                HAL_TIM_PWM_PulseFinishedCallback
 .text.HAL_TIM_TriggerCallback
                0x00000000080031d6        0x2 ./Drivers/STM32L1xx_HAL_Driver/Src/stm32l1xx_hal_tim.o
                0x00000000080031d6                HAL_TIM_TriggerCallback
 .text.HAL_TIM_IRQHandler
                0x00000000080031d8      0x10c ./Drivers/STM32L1xx_HAL_Driver/Src/stm32l1xx_hal_tim.o
                0x00000000080031d8                HAL_TIM_IRQHandler
 .text.HAL_TIMEx_MasterConfigSynchronization
                0x00000000080032e4       0x5c ./Drivers/STM32L1xx_HAL_Driver/Src/stm32l1xx_hal_tim_ex.o
                0x00000000080032e4                HAL_TIMEx_MasterConfigSynchronization
 .text.UART_SetConfig
                0x0000000008003340       0xa8 ./Drivers/STM32L1xx_HAL_Driver/Src/stm32l1xx_hal_uart.o
 .text.HAL_UART_Init
                0x00000000080033e8       0x5c ./Drivers/STM32L1xx_HAL_Driver/Src/stm32l1xx_hal_uart.o
                0x00000000080033e8                HAL_UART_Init
 .text.vListInitialise
                0x0000000008003444       0x16 ./Third_party/FreeRTOS/list.o
                0x0000000008003444                vListInitialise
 .text.vListInitialiseItem
                0x000000000800345a        0x6 ./Third_party/FreeRTOS/list.o
                0x000000000800345a                vListInitialiseItem
 .text.vListInsertEnd
                0x0000000008003460       0x18 ./Third_party/FreeRTOS/list.o
                0x0000000008003460                vListInsertEnd
 .text.vListInsert
                0x0000000008003478       0x2e ./Third_party/FreeRTOS/list.o
                0x0000000008003478                vListInsert
 .text.uxListRemove
                0x00000000080034a6       0x20 ./Third_party/FreeRTOS/list.o
                0x00000000080034a6                uxListRemove
 .text.prvIsQueueEmpty
                0x00000000080034c6       0x16 ./Third_party/FreeRTOS/queue.o
 .text.prvCopyDataToQueue
                0x00000000080034dc       0x6a ./Third_party/FreeRTOS/queue.o
 .text.prvCopyDataFromQueue
                0x0000000008003546       0x28 ./Third_party/FreeRTOS/queue.o
 .text.prvUnlockQueue
                0x000000000800356e       0x70 ./Third_party/FreeRTOS/queue.o
 .text.xQueueGenericReset
                0x00000000080035de       0x7a ./Third_party/FreeRTOS/queue.o
                0x00000000080035de                xQueueGenericReset
 .text.xQueueGenericCreate
                0x0000000008003658       0x4a ./Third_party/FreeRTOS/queue.o
                0x0000000008003658                xQueueGenericCreate
 .text.xQueueGenericSend
                0x00000000080036a2      0x104 ./Third_party/FreeRTOS/queue.o
                0x00000000080036a2                xQueueGenericSend
 .text.xQueueReceive
                0x00000000080037a6       0xee ./Third_party/FreeRTOS/queue.o
                0x00000000080037a6                xQueueReceive
 .text.prvAddCurrentTaskToDelayedList
                0x0000000008003894       0xa4 ./Third_party/FreeRTOS/tasks.o
 .text.prvResetNextTaskUnblockTime
                0x0000000008003938       0x24 ./Third_party/FreeRTOS/tasks.o
 .text.prvIdleTask
                0x000000000800395c       0x68 ./Third_party/FreeRTOS/tasks.o
 .text.xTaskCreate
                0x00000000080039c4      0x1c4 ./Third_party/FreeRTOS/tasks.o
                0x00000000080039c4                xTaskCreate
 .text.vTaskDelete
                0x0000000008003b88       0xc4 ./Third_party/FreeRTOS/tasks.o
                0x0000000008003b88                vTaskDelete
 .text.vTaskStartScheduler
                0x0000000008003c4c       0x64 ./Third_party/FreeRTOS/tasks.o
                0x0000000008003c4c                vTaskStartScheduler
 .text.vTaskSuspendAll
                0x0000000008003cb0       0x10 ./Third_party/FreeRTOS/tasks.o
                0x0000000008003cb0                vTaskSuspendAll
 .text.xTaskIncrementTick
                0x0000000008003cc0      0x160 ./Third_party/FreeRTOS/tasks.o
                0x0000000008003cc0                xTaskIncrementTick
 .text.xTaskResumeAll
                0x0000000008003e20      0x128 ./Third_party/FreeRTOS/tasks.o
                0x0000000008003e20                xTaskResumeAll
 .text.vTaskDelay
                0x0000000008003f48       0x2e ./Third_party/FreeRTOS/tasks.o
                0x0000000008003f48                vTaskDelay
 *fill*         0x0000000008003f76        0x2 
 .text.vTaskSwitchContext
                0x0000000008003f78       0x60 ./Third_party/FreeRTOS/tasks.o
                0x0000000008003f78                vTaskSwitchContext
 .text.vTaskPlaceOnEventList
                0x0000000008003fd8       0x20 ./Third_party/FreeRTOS/tasks.o
                0x0000000008003fd8                vTaskPlaceOnEventList
 .text.xTaskRemoveFromEventList
                0x0000000008003ff8       0xbc ./Third_party/FreeRTOS/tasks.o
                0x0000000008003ff8                xTaskRemoveFromEventList
 .text.vTaskInternalSetTimeOutState
                0x00000000080040b4       0x18 ./Third_party/FreeRTOS/tasks.o
                0x00000000080040b4                vTaskInternalSetTimeOutState
 .text.xTaskCheckForTimeOut
                0x00000000080040cc       0x50 ./Third_party/FreeRTOS/tasks.o
                0x00000000080040cc                xTaskCheckForTimeOut
 .text.vTaskMissedYield
                0x000000000800411c        0xc ./Third_party/FreeRTOS/tasks.o
                0x000000000800411c                vTaskMissedYield
 .text.xTaskPriorityDisinherit
                0x0000000008004128       0x74 ./Third_party/FreeRTOS/tasks.o
                0x0000000008004128                xTaskPriorityDisinherit
 .text.prvTaskExitError
                0x000000000800419c       0x20 ./Third_party/FreeRTOS/portable/GCC/ARM_CM3/port.o
 .text.prvPortStartFirstTask
                0x00000000080041bc       0x20 ./Third_party/FreeRTOS/portable/GCC/ARM_CM3/port.o
 .text.pxPortInitialiseStack
                0x00000000080041dc       0x24 ./Third_party/FreeRTOS/portable/GCC/ARM_CM3/port.o
                0x00000000080041dc                pxPortInitialiseStack
 .text.SVC_Handler
                0x0000000008004200       0x24 ./Third_party/FreeRTOS/portable/GCC/ARM_CM3/port.o
                0x0000000008004200                SVC_Handler
 .text.vPortEnterCritical
                0x0000000008004224       0x20 ./Third_party/FreeRTOS/portable/GCC/ARM_CM3/port.o
                0x0000000008004224                vPortEnterCritical
 .text.vPortExitCritical
                0x0000000008004244       0x14 ./Third_party/FreeRTOS/portable/GCC/ARM_CM3/port.o
                0x0000000008004244                vPortExitCritical
 *fill*         0x0000000008004258        0x8 
 .text.PendSV_Handler
                0x0000000008004260       0x44 ./Third_party/FreeRTOS/portable/GCC/ARM_CM3/port.o
                0x0000000008004260                PendSV_Handler
 .text.SysTick_Handler
                0x00000000080042a4       0x2c ./Third_party/FreeRTOS/portable/GCC/ARM_CM3/port.o
                0x00000000080042a4                SysTick_Handler
 .text.vPortSetupTimerInterrupt
                0x00000000080042d0       0x24 ./Third_party/FreeRTOS/portable/GCC/ARM_CM3/port.o
                0x00000000080042d0                vPortSetupTimerInterrupt
 .text.xPortStartScheduler
                0x00000000080042f4       0x3c ./Third_party/FreeRTOS/portable/GCC/ARM_CM3/port.o
                0x00000000080042f4                xPortStartScheduler
 .text.prvInsertBlockIntoFreeList
                0x0000000008004330       0x48 ./Third_party/FreeRTOS/portable/MemMang/heap_4.o
 .text.pvPortMalloc
                0x0000000008004378      0x108 ./Third_party/FreeRTOS/portable/MemMang/heap_4.o
                0x0000000008004378                pvPortMalloc
 .text.vPortFree
                0x0000000008004480       0x58 ./Third_party/FreeRTOS/portable/MemMang/heap_4.o
                0x0000000008004480                vPortFree
 .text.app_main
                0x00000000080044d8        0xc ./app/app.o
                0x00000000080044d8                app_main
 .text.interface_init
                0x00000000080044e4       0x28 ./app/interface/interface.o
                0x00000000080044e4                interface_init
 .text.LCD_send
                0x000000000800450c       0xe8 ./app/libs/lcd_lib/lcd.o
 .text.LCD_I2C_init
                0x00000000080045f4       0x10 ./app/libs/lcd_lib/lcd.o
                0x00000000080045f4                LCD_I2C_init
 .text.LCD_init
                0x0000000008004604       0x84 ./app/libs/lcd_lib/lcd.o
                0x0000000008004604                LCD_init
 .text.LCD_write
                0x0000000008004688       0x68 ./app/libs/lcd_lib/lcd.o
                0x0000000008004688                LCD_write
 .text.LCD_clear
                0x00000000080046f0       0x34 ./app/libs/lcd_lib/lcd.o
                0x00000000080046f0                LCD_clear
 .text.Numpad_init
                0x0000000008004724       0xa0 ./app/libs/numpad_lib/numpad.o
                0x0000000008004724                Numpad_init
 .text.Numpad_scan
                0x00000000080047c4       0x90 ./app/libs/numpad_lib/numpad.o
                0x00000000080047c4                Numpad_scan
 .text.init_task
                0x0000000008004854       0x26 ./app/tasks/core_tasks/init_task/init_task.o
                0x0000000008004854                init_task
 *fill*         0x000000000800487a        0x2 
 .text.init_task_create
                0x000000000800487c       0x24 ./app/tasks/core_tasks/init_task/init_task.o
                0x000000000800487c                init_task_create
 .text.manager_task
                0x00000000080048a0      0x1a4 ./app/tasks/core_tasks/manager_task/manager_task.o
                0x00000000080048a0                manager_task
 .text.manager_task_create
                0x0000000008004a44       0x24 ./app/tasks/core_tasks/manager_task/manager_task.o
                0x0000000008004a44                manager_task_create
 .text.uart_task
                0x0000000008004a68       0x10 ./app/tasks/core_tasks/uart_task/uart_task.o
                0x0000000008004a68                uart_task
 .text.uart_task_create
                0x0000000008004a78       0x24 ./app/tasks/core_tasks/uart_task/uart_task.o
                0x0000000008004a78                uart_task_create
 .text.gsm_task
                0x0000000008004a9c       0x10 ./app/tasks/gsm_task/gsm_task.o
                0x0000000008004a9c                gsm_task
 .text.gsm_task_create
                0x0000000008004aac       0x24 ./app/tasks/gsm_task/gsm_task.o
                0x0000000008004aac                gsm_task_create
 .text.io_task  0x0000000008004ad0       0x80 ./app/tasks/io_task/io_task.o
                0x0000000008004ad0                io_task
 .text.io_task_create
                0x0000000008004b50       0x24 ./app/tasks/io_task/io_task.o
                0x0000000008004b50                io_task_create
 .text.HAL_GPIO_EXTI_Callback
                0x0000000008004b74        0xc ./app/tasks/io_task/io_task.o
                0x0000000008004b74                HAL_GPIO_EXTI_Callback
 .text.lcd_task
                0x0000000008004b80       0x7c ./app/tasks/lcd_task/lcd_task.o
                0x0000000008004b80                lcd_task
 .text.i2c_write
                0x0000000008004bfc       0x24 ./app/tasks/lcd_task/lcd_task.o
                0x0000000008004bfc                i2c_write
 .text.i2c_read
                0x0000000008004c20       0x40 ./app/tasks/lcd_task/lcd_task.o
                0x0000000008004c20                i2c_read
 .text.i2c_delay
                0x0000000008004c60        0x4 ./app/tasks/lcd_task/lcd_task.o
                0x0000000008004c60                i2c_delay
 .text.lcd_task_create
                0x0000000008004c64       0x24 ./app/tasks/lcd_task/lcd_task.o
                0x0000000008004c64                lcd_task_create
 .text.numpad_task
                0x0000000008004c88       0x9c ./app/tasks/numpad_task/numpad_task.o
                0x0000000008004c88                numpad_task
 .text.numpad_delay
                0x0000000008004d24        0x4 ./app/tasks/numpad_task/numpad_task.o
                0x0000000008004d24                numpad_delay
 .text.col0_write
                0x0000000008004d28       0x10 ./app/tasks/numpad_task/numpad_task.o
                0x0000000008004d28                col0_write
 .text.col1_write
                0x0000000008004d38       0x10 ./app/tasks/numpad_task/numpad_task.o
                0x0000000008004d38                col1_write
 .text.col2_write
                0x0000000008004d48       0x10 ./app/tasks/numpad_task/numpad_task.o
                0x0000000008004d48                col2_write
 .text.row0_read
                0x0000000008004d58       0x18 ./app/tasks/numpad_task/numpad_task.o
                0x0000000008004d58                row0_read
 .text.row1_read
                0x0000000008004d70       0x18 ./app/tasks/numpad_task/numpad_task.o
                0x0000000008004d70                row1_read
 .text.row2_read
                0x0000000008004d88       0x18 ./app/tasks/numpad_task/numpad_task.o
                0x0000000008004d88                row2_read
 .text.row3_read
                0x0000000008004da0       0x18 ./app/tasks/numpad_task/numpad_task.o
                0x0000000008004da0                row3_read
 .text.buzzer_write
                0x0000000008004db8       0x24 ./app/tasks/numpad_task/numpad_task.o
                0x0000000008004db8                buzzer_write
 .text.numpad_task_create
                0x0000000008004ddc       0x24 ./app/tasks/numpad_task/numpad_task.o
                0x0000000008004ddc                numpad_task_create
 .text.__libc_init_array
                0x0000000008004e00       0x48 e:/programs/stm32cubeide_1.6.1/stm32cubeide/plugins/com.st.stm32cube.ide.mcu.externaltools.gnu-tools-for-stm32.10.3-2021.10.win32_1.0.0.202111181127/tools/bin/../lib/gcc/arm-none-eabi/10.3.1/../../../../arm-none-eabi/lib/thumb/v7-m/nofp\libc_nano.a(lib_a-init.o)
                0x0000000008004e00                __libc_init_array
 .text.memcpy   0x0000000008004e48       0x1c e:/programs/stm32cubeide_1.6.1/stm32cubeide/plugins/com.st.stm32cube.ide.mcu.externaltools.gnu-tools-for-stm32.10.3-2021.10.win32_1.0.0.202111181127/tools/bin/../lib/gcc/arm-none-eabi/10.3.1/../../../../arm-none-eabi/lib/thumb/v7-m/nofp\libc_nano.a(lib_a-memcpy-stub.o)
                0x0000000008004e48                memcpy
 .text.memset   0x0000000008004e64       0x10 e:/programs/stm32cubeide_1.6.1/stm32cubeide/plugins/com.st.stm32cube.ide.mcu.externaltools.gnu-tools-for-stm32.10.3-2021.10.win32_1.0.0.202111181127/tools/bin/../lib/gcc/arm-none-eabi/10.3.1/../../../../arm-none-eabi/lib/thumb/v7-m/nofp\libc_nano.a(lib_a-memset.o)
                0x0000000008004e64                memset
 *(.glue_7)
 .glue_7        0x0000000008004e74        0x0 linker stubs
 *(.glue_7t)
 .glue_7t       0x0000000008004e74        0x0 linker stubs
 *(.eh_frame)
 .eh_frame      0x0000000008004e74        0x0 e:/programs/stm32cubeide_1.6.1/stm32cubeide/plugins/com.st.stm32cube.ide.mcu.externaltools.gnu-tools-for-stm32.10.3-2021.10.win32_1.0.0.202111181127/tools/bin/../lib/gcc/arm-none-eabi/10.3.1/thumb/v7-m/nofp/crtbegin.o
 *(.init)
 .init          0x0000000008004e74        0x4 e:/programs/stm32cubeide_1.6.1/stm32cubeide/plugins/com.st.stm32cube.ide.mcu.externaltools.gnu-tools-for-stm32.10.3-2021.10.win32_1.0.0.202111181127/tools/bin/../lib/gcc/arm-none-eabi/10.3.1/thumb/v7-m/nofp/crti.o
                0x0000000008004e74                _init
 .init          0x0000000008004e78        0x8 e:/programs/stm32cubeide_1.6.1/stm32cubeide/plugins/com.st.stm32cube.ide.mcu.externaltools.gnu-tools-for-stm32.10.3-2021.10.win32_1.0.0.202111181127/tools/bin/../lib/gcc/arm-none-eabi/10.3.1/thumb/v7-m/nofp/crtn.o
 *(.fini)
 .fini          0x0000000008004e80        0x4 e:/programs/stm32cubeide_1.6.1/stm32cubeide/plugins/com.st.stm32cube.ide.mcu.externaltools.gnu-tools-for-stm32.10.3-2021.10.win32_1.0.0.202111181127/tools/bin/../lib/gcc/arm-none-eabi/10.3.1/thumb/v7-m/nofp/crti.o
                0x0000000008004e80                _fini
 .fini          0x0000000008004e84        0x8 e:/programs/stm32cubeide_1.6.1/stm32cubeide/plugins/com.st.stm32cube.ide.mcu.externaltools.gnu-tools-for-stm32.10.3-2021.10.win32_1.0.0.202111181127/tools/bin/../lib/gcc/arm-none-eabi/10.3.1/thumb/v7-m/nofp/crtn.o
                0x0000000008004e8c                . = ALIGN (0x4)
                0x0000000008004e8c                _etext = .

.vfp11_veneer   0x0000000008004e8c        0x0
 .vfp11_veneer  0x0000000008004e8c        0x0 linker stubs

.v4_bx          0x0000000008004e8c        0x0
 .v4_bx         0x0000000008004e8c        0x0 linker stubs

.iplt           0x0000000008004e8c        0x0
 .iplt          0x0000000008004e8c        0x0 e:/programs/stm32cubeide_1.6.1/stm32cubeide/plugins/com.st.stm32cube.ide.mcu.externaltools.gnu-tools-for-stm32.10.3-2021.10.win32_1.0.0.202111181127/tools/bin/../lib/gcc/arm-none-eabi/10.3.1/thumb/v7-m/nofp/crtbegin.o

.rodata         0x0000000008004e8c       0xfc
                0x0000000008004e8c                . = ALIGN (0x4)
 *(.rodata)
 .rodata        0x0000000008004e8c       0x20 ./app/tasks/core_tasks/manager_task/manager_task.o
 .rodata        0x0000000008004eac       0x20 ./app/tasks/lcd_task/lcd_task.o
 .rodata        0x0000000008004ecc       0x20 ./app/tasks/numpad_task/numpad_task.o
 *(.rodata*)
 .rodata.AHBPrescTable
                0x0000000008004eec       0x10 ./Core/Src/system_stm32l1xx.o
                0x0000000008004eec                AHBPrescTable
 .rodata.APBPrescTable
                0x0000000008004efc        0x8 ./Core/Src/system_stm32l1xx.o
                0x0000000008004efc                APBPrescTable
 .rodata.PLLMulTable
                0x0000000008004f04        0x9 ./Core/Src/system_stm32l1xx.o
                0x0000000008004f04                PLLMulTable
 .rodata.vTaskStartScheduler.str1.1
                0x0000000008004f0d        0x5 ./Third_party/FreeRTOS/tasks.o
 .rodata.init_task_create.str1.1
                0x0000000008004f12        0x7 ./app/tasks/core_tasks/init_task/init_task.o
 .rodata.manager_task.str1.1
                0x0000000008004f19       0x44 ./app/tasks/core_tasks/manager_task/manager_task.o
 .rodata.manager_task_create.str1.1
                0x0000000008004f5d        0xa ./app/tasks/core_tasks/manager_task/manager_task.o
 .rodata.uart_task_create.str1.1
                0x0000000008004f67        0x7 ./app/tasks/core_tasks/uart_task/uart_task.o
 .rodata.gsm_task_create.str1.1
                0x0000000008004f6e        0x6 ./app/tasks/gsm_task/gsm_task.o
 .rodata.io_task_create.str1.1
                0x0000000008004f74        0x5 ./app/tasks/io_task/io_task.o
 .rodata.lcd_task_create.str1.1
                0x0000000008004f79        0x6 ./app/tasks/lcd_task/lcd_task.o
 .rodata.numpad_task_create.str1.1
                0x0000000008004f7f        0x9 ./app/tasks/numpad_task/numpad_task.o
                0x0000000008004f88                . = ALIGN (0x4)

.ARM.extab      0x0000000008004f88        0x0
                0x0000000008004f88                . = ALIGN (0x4)
 *(.ARM.extab* .gnu.linkonce.armextab.*)
                0x0000000008004f88                . = ALIGN (0x4)

.ARM            0x0000000008004f88        0x8
                0x0000000008004f88                . = ALIGN (0x4)
                0x0000000008004f88                __exidx_start = .
 *(.ARM.exidx*)
 .ARM.exidx     0x0000000008004f88        0x8 e:/programs/stm32cubeide_1.6.1/stm32cubeide/plugins/com.st.stm32cube.ide.mcu.externaltools.gnu-tools-for-stm32.10.3-2021.10.win32_1.0.0.202111181127/tools/bin/../lib/gcc/arm-none-eabi/10.3.1/thumb/v7-m/nofp\libgcc.a(_udivmoddi4.o)
                0x0000000008004f90                __exidx_end = .
                0x0000000008004f90                . = ALIGN (0x4)

.rel.dyn        0x0000000008004f90        0x0
 .rel.iplt      0x0000000008004f90        0x0 e:/programs/stm32cubeide_1.6.1/stm32cubeide/plugins/com.st.stm32cube.ide.mcu.externaltools.gnu-tools-for-stm32.10.3-2021.10.win32_1.0.0.202111181127/tools/bin/../lib/gcc/arm-none-eabi/10.3.1/thumb/v7-m/nofp/crtbegin.o

.preinit_array  0x0000000008004f90        0x0
                0x0000000008004f90                . = ALIGN (0x4)
                0x0000000008004f90                PROVIDE (__preinit_array_start = .)
 *(.preinit_array*)
                0x0000000008004f90                PROVIDE (__preinit_array_end = .)
                0x0000000008004f90                . = ALIGN (0x4)

.init_array     0x0000000008004f90        0x4
                0x0000000008004f90                . = ALIGN (0x4)
                0x0000000008004f90                PROVIDE (__init_array_start = .)
 *(SORT_BY_NAME(.init_array.*))
 *(.init_array*)
 .init_array    0x0000000008004f90        0x4 e:/programs/stm32cubeide_1.6.1/stm32cubeide/plugins/com.st.stm32cube.ide.mcu.externaltools.gnu-tools-for-stm32.10.3-2021.10.win32_1.0.0.202111181127/tools/bin/../lib/gcc/arm-none-eabi/10.3.1/thumb/v7-m/nofp/crtbegin.o
                0x0000000008004f94                PROVIDE (__init_array_end = .)
                0x0000000008004f94                . = ALIGN (0x4)

.fini_array     0x0000000008004f94        0x4
                0x0000000008004f94                . = ALIGN (0x4)
                [!provide]                        PROVIDE (__fini_array_start = .)
 *(SORT_BY_NAME(.fini_array.*))
 *(.fini_array*)
 .fini_array    0x0000000008004f94        0x4 e:/programs/stm32cubeide_1.6.1/stm32cubeide/plugins/com.st.stm32cube.ide.mcu.externaltools.gnu-tools-for-stm32.10.3-2021.10.win32_1.0.0.202111181127/tools/bin/../lib/gcc/arm-none-eabi/10.3.1/thumb/v7-m/nofp/crtbegin.o
                [!provide]                        PROVIDE (__fini_array_end = .)
                0x0000000008004f98                . = ALIGN (0x4)
                0x0000000008004f98                _sidata = LOADADDR (.data)

.data           0x0000000020000000       0x14 load address 0x0000000008004f98
                0x0000000020000000                . = ALIGN (0x4)
                0x0000000020000000                _sdata = .
 *(.data)
 *(.data*)
 .data.SystemCoreClock
                0x0000000020000000        0x4 ./Core/Src/system_stm32l1xx.o
                0x0000000020000000                SystemCoreClock
 .data.uwTickFreq
                0x0000000020000004        0x4 ./Drivers/STM32L1xx_HAL_Driver/Src/stm32l1xx_hal.o
                0x0000000020000004                uwTickFreq
 .data.uwTickPrio
                0x0000000020000008        0x4 ./Drivers/STM32L1xx_HAL_Driver/Src/stm32l1xx_hal.o
                0x0000000020000008                uwTickPrio
 .data.uxTopUsedPriority
                0x000000002000000c        0x4 ./Third_party/FreeRTOS/tasks.o
                0x000000002000000c                uxTopUsedPriority
 .data.uxCriticalNesting
                0x0000000020000010        0x4 ./Third_party/FreeRTOS/portable/GCC/ARM_CM3/port.o
 *(.RamFunc)
 *(.RamFunc*)
                0x0000000020000014                . = ALIGN (0x4)
                0x0000000020000014                _edata = .

.igot.plt       0x0000000020000014        0x0 load address 0x0000000008004fac
 .igot.plt      0x0000000020000014        0x0 e:/programs/stm32cubeide_1.6.1/stm32cubeide/plugins/com.st.stm32cube.ide.mcu.externaltools.gnu-tools-for-stm32.10.3-2021.10.win32_1.0.0.202111181127/tools/bin/../lib/gcc/arm-none-eabi/10.3.1/thumb/v7-m/nofp/crtbegin.o
                0x0000000020000014                . = ALIGN (0x4)

.bss            0x0000000020000014     0x2c20 load address 0x0000000008004fac
                0x0000000020000014                _sbss = .
                0x0000000020000014                __bss_start__ = _sbss
 *(.bss)
 .bss           0x0000000020000014       0x1c e:/programs/stm32cubeide_1.6.1/stm32cubeide/plugins/com.st.stm32cube.ide.mcu.externaltools.gnu-tools-for-stm32.10.3-2021.10.win32_1.0.0.202111181127/tools/bin/../lib/gcc/arm-none-eabi/10.3.1/thumb/v7-m/nofp/crtbegin.o
 *(.bss*)
 .bss.hadc      0x0000000020000030       0x54 ./Core/Src/adc.o
                0x0000000020000030                hadc
 .bss.hi2c1     0x0000000020000084       0x54 ./Core/Src/i2c.o
                0x0000000020000084                hi2c1
 .bss.hspi1     0x00000000200000d8       0x58 ./Core/Src/spi.o
                0x00000000200000d8                hspi1
 .bss.htim6     0x0000000020000130       0x40 ./Core/Src/stm32l1xx_hal_timebase_tim.o
                0x0000000020000130                htim6
 .bss.htim4     0x0000000020000170       0x40 ./Core/Src/tim.o
                0x0000000020000170                htim4
 .bss.hdma_usart2_rx
                0x00000000200001b0       0x44 ./Core/Src/usart.o
                0x00000000200001b0                hdma_usart2_rx
 .bss.huart2    0x00000000200001f4       0x44 ./Core/Src/usart.o
                0x00000000200001f4                huart2
 .bss.uwTick    0x0000000020000238        0x4 ./Drivers/STM32L1xx_HAL_Driver/Src/stm32l1xx_hal.o
                0x0000000020000238                uwTick
 .bss.pxCurrentTCB
                0x000000002000023c        0x4 ./Third_party/FreeRTOS/tasks.o
                0x000000002000023c                pxCurrentTCB
 .bss.pxDelayedTaskList
                0x0000000020000240        0x4 ./Third_party/FreeRTOS/tasks.o
 .bss.pxOverflowDelayedTaskList
                0x0000000020000244        0x4 ./Third_party/FreeRTOS/tasks.o
 .bss.pxReadyTasksLists
                0x0000000020000248       0x64 ./Third_party/FreeRTOS/tasks.o
 .bss.uxCurrentNumberOfTasks
                0x00000000200002ac        0x4 ./Third_party/FreeRTOS/tasks.o
 .bss.uxDeletedTasksWaitingCleanUp
                0x00000000200002b0        0x4 ./Third_party/FreeRTOS/tasks.o
 .bss.uxSchedulerSuspended
                0x00000000200002b4        0x4 ./Third_party/FreeRTOS/tasks.o
 .bss.uxTaskNumber
                0x00000000200002b8        0x4 ./Third_party/FreeRTOS/tasks.o
 .bss.uxTopReadyPriority
                0x00000000200002bc        0x4 ./Third_party/FreeRTOS/tasks.o
 .bss.xDelayedTaskList1
                0x00000000200002c0       0x14 ./Third_party/FreeRTOS/tasks.o
 .bss.xDelayedTaskList2
                0x00000000200002d4       0x14 ./Third_party/FreeRTOS/tasks.o
 .bss.xIdleTaskHandle
                0x00000000200002e8        0x4 ./Third_party/FreeRTOS/tasks.o
 .bss.xNextTaskUnblockTime
                0x00000000200002ec        0x4 ./Third_party/FreeRTOS/tasks.o
 .bss.xNumOfOverflows
                0x00000000200002f0        0x4 ./Third_party/FreeRTOS/tasks.o
 .bss.xPendedTicks
                0x00000000200002f4        0x4 ./Third_party/FreeRTOS/tasks.o
 .bss.xPendingReadyList
                0x00000000200002f8       0x14 ./Third_party/FreeRTOS/tasks.o
 .bss.xSchedulerRunning
                0x000000002000030c        0x4 ./Third_party/FreeRTOS/tasks.o
 .bss.xSuspendedTaskList
                0x0000000020000310       0x14 ./Third_party/FreeRTOS/tasks.o
 .bss.xTasksWaitingTermination
                0x0000000020000324       0x14 ./Third_party/FreeRTOS/tasks.o
 .bss.xTickCount
                0x0000000020000338        0x4 ./Third_party/FreeRTOS/tasks.o
 .bss.xYieldPending
                0x000000002000033c        0x4 ./Third_party/FreeRTOS/tasks.o
 .bss.pxEnd     0x0000000020000340        0x4 ./Third_party/FreeRTOS/portable/MemMang/heap_4.o
 .bss.ucHeap    0x0000000020000344     0x2800 ./Third_party/FreeRTOS/portable/MemMang/heap_4.o
 .bss.xBlockAllocatedBit
                0x0000000020002b44        0x4 ./Third_party/FreeRTOS/portable/MemMang/heap_4.o
 .bss.xFreeBytesRemaining
                0x0000000020002b48        0x4 ./Third_party/FreeRTOS/portable/MemMang/heap_4.o
 .bss.xMinimumEverFreeBytesRemaining
                0x0000000020002b4c        0x4 ./Third_party/FreeRTOS/portable/MemMang/heap_4.o
 .bss.xNumberOfSuccessfulAllocations
                0x0000000020002b50        0x4 ./Third_party/FreeRTOS/portable/MemMang/heap_4.o
 .bss.xNumberOfSuccessfulFrees
                0x0000000020002b54        0x4 ./Third_party/FreeRTOS/portable/MemMang/heap_4.o
 .bss.xStart    0x0000000020002b58        0x8 ./Third_party/FreeRTOS/portable/MemMang/heap_4.o
 .bss.io_queue  0x0000000020002b60        0x4 ./app/interface/interface.o
                0x0000000020002b60                io_queue
 .bss.lcd_queue
                0x0000000020002b64        0x4 ./app/interface/interface.o
                0x0000000020002b64                lcd_queue
 .bss.LCD_local_dev
                0x0000000020002b68        0x4 ./app/libs/lcd_lib/lcd.o
                0x0000000020002b68                LCD_local_dev
 .bss.numpad_local_dev
                0x0000000020002b6c        0x4 ./app/libs/numpad_lib/numpad.o
                0x0000000020002b6c                numpad_local_dev
 .bss.scan_array
                0x0000000020002b70       0x90 ./app/libs/numpad_lib/numpad.o
                0x0000000020002b70                scan_array
 .bss.system_state
                0x0000000020002c00        0x1 ./app/tasks/core_tasks/manager_task/manager_task.o
                0x0000000020002c00                system_state
 .bss.it_flag   0x0000000020002c01        0x1 ./app/tasks/io_task/io_task.o
                0x0000000020002c01                it_flag
 *fill*         0x0000000020002c02        0x2 
 .bss.lcd_i2c   0x0000000020002c04        0xc ./app/tasks/lcd_task/lcd_task.o
                0x0000000020002c04                lcd_i2c
 .bss.numpad_ctrl
                0x0000000020002c10       0x24 ./app/tasks/numpad_task/numpad_task.o
                0x0000000020002c10                numpad_ctrl
 *(COMMON)
                0x0000000020002c34                . = ALIGN (0x4)
                0x0000000020002c34                _ebss = .
                0x0000000020002c34                __bss_end__ = _ebss

._user_heap_stack
                0x0000000020002c34      0x604 load address 0x0000000008004fac
                0x0000000020002c38                . = ALIGN (0x8)
 *fill*         0x0000000020002c34        0x4 
                [!provide]                        PROVIDE (end = .)
                0x0000000020002c38                PROVIDE (_end = .)
                0x0000000020002e38                . = (. + _Min_Heap_Size)
 *fill*         0x0000000020002c38      0x200 
                0x0000000020003238                . = (. + _Min_Stack_Size)
 *fill*         0x0000000020002e38      0x400 
                0x0000000020003238                . = ALIGN (0x8)

/DISCARD/
 libc.a(*)
 libm.a(*)
 libgcc.a(*)

.ARM.attributes
                0x0000000000000000       0x29
 *(.ARM.attributes)
 .ARM.attributes
                0x0000000000000000       0x1d e:/programs/stm32cubeide_1.6.1/stm32cubeide/plugins/com.st.stm32cube.ide.mcu.externaltools.gnu-tools-for-stm32.10.3-2021.10.win32_1.0.0.202111181127/tools/bin/../lib/gcc/arm-none-eabi/10.3.1/thumb/v7-m/nofp/crti.o
 .ARM.attributes
                0x000000000000001d       0x2d e:/programs/stm32cubeide_1.6.1/stm32cubeide/plugins/com.st.stm32cube.ide.mcu.externaltools.gnu-tools-for-stm32.10.3-2021.10.win32_1.0.0.202111181127/tools/bin/../lib/gcc/arm-none-eabi/10.3.1/thumb/v7-m/nofp/crtbegin.o
 .ARM.attributes
                0x000000000000004a       0x2d ./Core/Src/adc.o
 .ARM.attributes
                0x0000000000000077       0x2d ./Core/Src/dma.o
 .ARM.attributes
                0x00000000000000a4       0x2d ./Core/Src/gpio.o
 .ARM.attributes
                0x00000000000000d1       0x2d ./Core/Src/i2c.o
 .ARM.attributes
                0x00000000000000fe       0x2d ./Core/Src/main.o
 .ARM.attributes
                0x000000000000012b       0x2d ./Core/Src/spi.o
 .ARM.attributes
                0x0000000000000158       0x2d ./Core/Src/stm32l1xx_hal_msp.o
 .ARM.attributes
                0x0000000000000185       0x2d ./Core/Src/stm32l1xx_hal_timebase_tim.o
 .ARM.attributes
                0x00000000000001b2       0x2d ./Core/Src/stm32l1xx_it.o
 .ARM.attributes
                0x00000000000001df       0x2d ./Core/Src/system_stm32l1xx.o
 .ARM.attributes
                0x000000000000020c       0x2d ./Core/Src/tim.o
 .ARM.attributes
                0x0000000000000239       0x2d ./Core/Src/usart.o
 .ARM.attributes
                0x0000000000000266       0x21 ./Core/Startup/startup_stm32l152c6txa.o
 .ARM.attributes
                0x0000000000000287       0x2d ./Drivers/STM32L1xx_HAL_Driver/Src/stm32l1xx_hal.o
 .ARM.attributes
                0x00000000000002b4       0x2d ./Drivers/STM32L1xx_HAL_Driver/Src/stm32l1xx_hal_adc.o
 .ARM.attributes
                0x00000000000002e1       0x2d ./Drivers/STM32L1xx_HAL_Driver/Src/stm32l1xx_hal_cortex.o
 .ARM.attributes
                0x000000000000030e       0x2d ./Drivers/STM32L1xx_HAL_Driver/Src/stm32l1xx_hal_dma.o
 .ARM.attributes
                0x000000000000033b       0x2d ./Drivers/STM32L1xx_HAL_Driver/Src/stm32l1xx_hal_gpio.o
 .ARM.attributes
                0x0000000000000368       0x2d ./Drivers/STM32L1xx_HAL_Driver/Src/stm32l1xx_hal_i2c.o
 .ARM.attributes
                0x0000000000000395       0x2d ./Drivers/STM32L1xx_HAL_Driver/Src/stm32l1xx_hal_rcc.o
 .ARM.attributes
                0x00000000000003c2       0x2d ./Drivers/STM32L1xx_HAL_Driver/Src/stm32l1xx_hal_spi.o
 .ARM.attributes
                0x00000000000003ef       0x2d ./Drivers/STM32L1xx_HAL_Driver/Src/stm32l1xx_hal_tim.o
 .ARM.attributes
                0x000000000000041c       0x2d ./Drivers/STM32L1xx_HAL_Driver/Src/stm32l1xx_hal_tim_ex.o
 .ARM.attributes
                0x0000000000000449       0x2d ./Drivers/STM32L1xx_HAL_Driver/Src/stm32l1xx_hal_uart.o
 .ARM.attributes
                0x0000000000000476       0x2d ./Third_party/FreeRTOS/list.o
 .ARM.attributes
                0x00000000000004a3       0x2d ./Third_party/FreeRTOS/queue.o
 .ARM.attributes
                0x00000000000004d0       0x2d ./Third_party/FreeRTOS/tasks.o
 .ARM.attributes
                0x00000000000004fd       0x2d ./Third_party/FreeRTOS/portable/GCC/ARM_CM3/port.o
 .ARM.attributes
                0x000000000000052a       0x2d ./Third_party/FreeRTOS/portable/MemMang/heap_4.o
 .ARM.attributes
                0x0000000000000557       0x2d ./app/app.o
 .ARM.attributes
                0x0000000000000584       0x2d ./app/interface/interface.o
 .ARM.attributes
                0x00000000000005b1       0x2d ./app/libs/lcd_lib/lcd.o
 .ARM.attributes
                0x00000000000005de       0x2d ./app/libs/numpad_lib/numpad.o
 .ARM.attributes
                0x000000000000060b       0x2d ./app/tasks/core_tasks/init_task/init_task.o
 .ARM.attributes
                0x0000000000000638       0x2d ./app/tasks/core_tasks/manager_task/manager_task.o
 .ARM.attributes
                0x0000000000000665       0x2d ./app/tasks/core_tasks/uart_task/uart_task.o
 .ARM.attributes
                0x0000000000000692       0x2d ./app/tasks/gsm_task/gsm_task.o
 .ARM.attributes
                0x00000000000006bf       0x2d ./app/tasks/io_task/io_task.o
 .ARM.attributes
                0x00000000000006ec       0x2d ./app/tasks/lcd_task/lcd_task.o
 .ARM.attributes
                0x0000000000000719       0x2d ./app/tasks/numpad_task/numpad_task.o
 .ARM.attributes
                0x0000000000000746       0x2d e:/programs/stm32cubeide_1.6.1/stm32cubeide/plugins/com.st.stm32cube.ide.mcu.externaltools.gnu-tools-for-stm32.10.3-2021.10.win32_1.0.0.202111181127/tools/bin/../lib/gcc/arm-none-eabi/10.3.1/../../../../arm-none-eabi/lib/thumb/v7-m/nofp\libc_nano.a(lib_a-init.o)
 .ARM.attributes
                0x0000000000000773       0x2d e:/programs/stm32cubeide_1.6.1/stm32cubeide/plugins/com.st.stm32cube.ide.mcu.externaltools.gnu-tools-for-stm32.10.3-2021.10.win32_1.0.0.202111181127/tools/bin/../lib/gcc/arm-none-eabi/10.3.1/../../../../arm-none-eabi/lib/thumb/v7-m/nofp\libc_nano.a(lib_a-memcpy-stub.o)
 .ARM.attributes
                0x00000000000007a0       0x2d e:/programs/stm32cubeide_1.6.1/stm32cubeide/plugins/com.st.stm32cube.ide.mcu.externaltools.gnu-tools-for-stm32.10.3-2021.10.win32_1.0.0.202111181127/tools/bin/../lib/gcc/arm-none-eabi/10.3.1/../../../../arm-none-eabi/lib/thumb/v7-m/nofp\libc_nano.a(lib_a-memset.o)
 .ARM.attributes
                0x00000000000007cd       0x17 e:/programs/stm32cubeide_1.6.1/stm32cubeide/plugins/com.st.stm32cube.ide.mcu.externaltools.gnu-tools-for-stm32.10.3-2021.10.win32_1.0.0.202111181127/tools/bin/../lib/gcc/arm-none-eabi/10.3.1/../../../../arm-none-eabi/lib/thumb/v7-m/nofp\libc_nano.a(lib_a-strlen.o)
 .ARM.attributes
                0x00000000000007e4       0x1d e:/programs/stm32cubeide_1.6.1/stm32cubeide/plugins/com.st.stm32cube.ide.mcu.externaltools.gnu-tools-for-stm32.10.3-2021.10.win32_1.0.0.202111181127/tools/bin/../lib/gcc/arm-none-eabi/10.3.1/thumb/v7-m/nofp\libgcc.a(_arm_muldf3.o)
 .ARM.attributes
                0x0000000000000801       0x1d e:/programs/stm32cubeide_1.6.1/stm32cubeide/plugins/com.st.stm32cube.ide.mcu.externaltools.gnu-tools-for-stm32.10.3-2021.10.win32_1.0.0.202111181127/tools/bin/../lib/gcc/arm-none-eabi/10.3.1/thumb/v7-m/nofp\libgcc.a(_arm_addsubdf3.o)
 .ARM.attributes
                0x000000000000081e       0x1d e:/programs/stm32cubeide_1.6.1/stm32cubeide/plugins/com.st.stm32cube.ide.mcu.externaltools.gnu-tools-for-stm32.10.3-2021.10.win32_1.0.0.202111181127/tools/bin/../lib/gcc/arm-none-eabi/10.3.1/thumb/v7-m/nofp\libgcc.a(_arm_cmpdf2.o)
 .ARM.attributes
                0x000000000000083b       0x1d e:/programs/stm32cubeide_1.6.1/stm32cubeide/plugins/com.st.stm32cube.ide.mcu.externaltools.gnu-tools-for-stm32.10.3-2021.10.win32_1.0.0.202111181127/tools/bin/../lib/gcc/arm-none-eabi/10.3.1/thumb/v7-m/nofp\libgcc.a(_arm_truncdfsf2.o)
 .ARM.attributes
                0x0000000000000858       0x1d e:/programs/stm32cubeide_1.6.1/stm32cubeide/plugins/com.st.stm32cube.ide.mcu.externaltools.gnu-tools-for-stm32.10.3-2021.10.win32_1.0.0.202111181127/tools/bin/../lib/gcc/arm-none-eabi/10.3.1/thumb/v7-m/nofp\libgcc.a(_arm_muldivsf3.o)
 .ARM.attributes
                0x0000000000000875       0x1d e:/programs/stm32cubeide_1.6.1/stm32cubeide/plugins/com.st.stm32cube.ide.mcu.externaltools.gnu-tools-for-stm32.10.3-2021.10.win32_1.0.0.202111181127/tools/bin/../lib/gcc/arm-none-eabi/10.3.1/thumb/v7-m/nofp\libgcc.a(_aeabi_uldivmod.o)
 .ARM.attributes
                0x0000000000000892       0x2d e:/programs/stm32cubeide_1.6.1/stm32cubeide/plugins/com.st.stm32cube.ide.mcu.externaltools.gnu-tools-for-stm32.10.3-2021.10.win32_1.0.0.202111181127/tools/bin/../lib/gcc/arm-none-eabi/10.3.1/thumb/v7-m/nofp\libgcc.a(_udivmoddi4.o)
 .ARM.attributes
                0x00000000000008bf       0x1d e:/programs/stm32cubeide_1.6.1/stm32cubeide/plugins/com.st.stm32cube.ide.mcu.externaltools.gnu-tools-for-stm32.10.3-2021.10.win32_1.0.0.202111181127/tools/bin/../lib/gcc/arm-none-eabi/10.3.1/thumb/v7-m/nofp\libgcc.a(_dvmd_tls.o)
 .ARM.attributes
                0x00000000000008dc       0x1d e:/programs/stm32cubeide_1.6.1/stm32cubeide/plugins/com.st.stm32cube.ide.mcu.externaltools.gnu-tools-for-stm32.10.3-2021.10.win32_1.0.0.202111181127/tools/bin/../lib/gcc/arm-none-eabi/10.3.1/thumb/v7-m/nofp/crtn.o
OUTPUT(home_alarm.elf elf32-littlearm)
LOAD linker stubs
LOAD e:/programs/stm32cubeide_1.6.1/stm32cubeide/plugins/com.st.stm32cube.ide.mcu.externaltools.gnu-tools-for-stm32.10.3-2021.10.win32_1.0.0.202111181127/tools/bin/../lib/gcc/arm-none-eabi/10.3.1/../../../../arm-none-eabi/lib/thumb/v7-m/nofp\libc.a
LOAD e:/programs/stm32cubeide_1.6.1/stm32cubeide/plugins/com.st.stm32cube.ide.mcu.externaltools.gnu-tools-for-stm32.10.3-2021.10.win32_1.0.0.202111181127/tools/bin/../lib/gcc/arm-none-eabi/10.3.1/../../../../arm-none-eabi/lib/thumb/v7-m/nofp\libm.a
LOAD e:/programs/stm32cubeide_1.6.1/stm32cubeide/plugins/com.st.stm32cube.ide.mcu.externaltools.gnu-tools-for-stm32.10.3-2021.10.win32_1.0.0.202111181127/tools/bin/../lib/gcc/arm-none-eabi/10.3.1/thumb/v7-m/nofp\libgcc.a

.debug_info     0x0000000000000000    0x1ecff
 .debug_info    0x0000000000000000      0x9e7 ./Core/Src/adc.o
 .debug_info    0x00000000000009e7      0x356 ./Core/Src/dma.o
 .debug_info    0x0000000000000d3d      0x73c ./Core/Src/gpio.o
 .debug_info    0x0000000000001479      0x979 ./Core/Src/i2c.o
 .debug_info    0x0000000000001df2      0xa18 ./Core/Src/main.o
 .debug_info    0x000000000000280a      0x917 ./Core/Src/spi.o
 .debug_info    0x0000000000003121      0x1d1 ./Core/Src/stm32l1xx_hal_msp.o
 .debug_info    0x00000000000032f2      0xac2 ./Core/Src/stm32l1xx_hal_timebase_tim.o
 .debug_info    0x0000000000003db4      0x825 ./Core/Src/stm32l1xx_it.o
 .debug_info    0x00000000000045d9      0x2c0 ./Core/Src/system_stm32l1xx.o
 .debug_info    0x0000000000004899      0xb1a ./Core/Src/tim.o
 .debug_info    0x00000000000053b3      0x94a ./Core/Src/usart.o
 .debug_info    0x0000000000005cfd       0x22 ./Core/Startup/startup_stm32l152c6txa.o
 .debug_info    0x0000000000005d1f      0x7d9 ./Drivers/STM32L1xx_HAL_Driver/Src/stm32l1xx_hal.o
 .debug_info    0x00000000000064f8     0x11be ./Drivers/STM32L1xx_HAL_Driver/Src/stm32l1xx_hal_adc.o
 .debug_info    0x00000000000076b6      0xfa7 ./Drivers/STM32L1xx_HAL_Driver/Src/stm32l1xx_hal_cortex.o
 .debug_info    0x000000000000865d      0x844 ./Drivers/STM32L1xx_HAL_Driver/Src/stm32l1xx_hal_dma.o
 .debug_info    0x0000000000008ea1      0x663 ./Drivers/STM32L1xx_HAL_Driver/Src/stm32l1xx_hal_gpio.o
 .debug_info    0x0000000000009504     0x3919 ./Drivers/STM32L1xx_HAL_Driver/Src/stm32l1xx_hal_i2c.o
 .debug_info    0x000000000000ce1d      0xbfb ./Drivers/STM32L1xx_HAL_Driver/Src/stm32l1xx_hal_rcc.o
 .debug_info    0x000000000000da18     0x1e26 ./Drivers/STM32L1xx_HAL_Driver/Src/stm32l1xx_hal_spi.o
 .debug_info    0x000000000000f83e     0x402b ./Drivers/STM32L1xx_HAL_Driver/Src/stm32l1xx_hal_tim.o
 .debug_info    0x0000000000013869      0x6fc ./Drivers/STM32L1xx_HAL_Driver/Src/stm32l1xx_hal_tim_ex.o
 .debug_info    0x0000000000013f65     0x1d0f ./Drivers/STM32L1xx_HAL_Driver/Src/stm32l1xx_hal_uart.o
 .debug_info    0x0000000000015c74      0x2e4 ./Third_party/FreeRTOS/list.o
 .debug_info    0x0000000000015f58     0x1e81 ./Third_party/FreeRTOS/queue.o
 .debug_info    0x0000000000017dd9     0x2dc1 ./Third_party/FreeRTOS/tasks.o
 .debug_info    0x000000000001ab9a      0x35e ./Third_party/FreeRTOS/portable/GCC/ARM_CM3/port.o
 .debug_info    0x000000000001aef8      0x54e ./Third_party/FreeRTOS/portable/MemMang/heap_4.o
 .debug_info    0x000000000001b446       0xba ./app/app.o
 .debug_info    0x000000000001b500      0x169 ./app/interface/interface.o
 .debug_info    0x000000000001b669      0x635 ./app/libs/lcd_lib/lcd.o
 .debug_info    0x000000000001bc9e      0x2d5 ./app/libs/numpad_lib/numpad.o
 .debug_info    0x000000000001bf73      0x288 ./app/tasks/core_tasks/init_task/init_task.o
 .debug_info    0x000000000001c1fb      0x4f0 ./app/tasks/core_tasks/manager_task/manager_task.o
 .debug_info    0x000000000001c6eb      0x20a ./app/tasks/core_tasks/uart_task/uart_task.o
 .debug_info    0x000000000001c8f5      0x20a ./app/tasks/gsm_task/gsm_task.o
 .debug_info    0x000000000001caff      0x972 ./app/tasks/io_task/io_task.o
 .debug_info    0x000000000001d471      0xb44 ./app/tasks/lcd_task/lcd_task.o
 .debug_info    0x000000000001dfb5      0xd4a ./app/tasks/numpad_task/numpad_task.o

.debug_abbrev   0x0000000000000000     0x570d
 .debug_abbrev  0x0000000000000000      0x20c ./Core/Src/adc.o
 .debug_abbrev  0x000000000000020c      0x11f ./Core/Src/dma.o
 .debug_abbrev  0x000000000000032b      0x17b ./Core/Src/gpio.o
 .debug_abbrev  0x00000000000004a6      0x21a ./Core/Src/i2c.o
 .debug_abbrev  0x00000000000006c0      0x29f ./Core/Src/main.o
 .debug_abbrev  0x000000000000095f      0x20f ./Core/Src/spi.o
 .debug_abbrev  0x0000000000000b6e       0xcb ./Core/Src/stm32l1xx_hal_msp.o
 .debug_abbrev  0x0000000000000c39      0x232 ./Core/Src/stm32l1xx_hal_timebase_tim.o
 .debug_abbrev  0x0000000000000e6b      0x1d5 ./Core/Src/stm32l1xx_it.o
 .debug_abbrev  0x0000000000001040      0x11c ./Core/Src/system_stm32l1xx.o
 .debug_abbrev  0x000000000000115c      0x242 ./Core/Src/tim.o
 .debug_abbrev  0x000000000000139e      0x214 ./Core/Src/usart.o
 .debug_abbrev  0x00000000000015b2       0x12 ./Core/Startup/startup_stm32l152c6txa.o
 .debug_abbrev  0x00000000000015c4      0x2ea ./Drivers/STM32L1xx_HAL_Driver/Src/stm32l1xx_hal.o
 .debug_abbrev  0x00000000000018ae      0x377 ./Drivers/STM32L1xx_HAL_Driver/Src/stm32l1xx_hal_adc.o
 .debug_abbrev  0x0000000000001c25      0x37b ./Drivers/STM32L1xx_HAL_Driver/Src/stm32l1xx_hal_cortex.o
 .debug_abbrev  0x0000000000001fa0      0x23b ./Drivers/STM32L1xx_HAL_Driver/Src/stm32l1xx_hal_dma.o
 .debug_abbrev  0x00000000000021db      0x1f0 ./Drivers/STM32L1xx_HAL_Driver/Src/stm32l1xx_hal_gpio.o
 .debug_abbrev  0x00000000000023cb      0x425 ./Drivers/STM32L1xx_HAL_Driver/Src/stm32l1xx_hal_i2c.o
 .debug_abbrev  0x00000000000027f0      0x30d ./Drivers/STM32L1xx_HAL_Driver/Src/stm32l1xx_hal_rcc.o
 .debug_abbrev  0x0000000000002afd      0x377 ./Drivers/STM32L1xx_HAL_Driver/Src/stm32l1xx_hal_spi.o
 .debug_abbrev  0x0000000000002e74      0x375 ./Drivers/STM32L1xx_HAL_Driver/Src/stm32l1xx_hal_tim.o
 .debug_abbrev  0x00000000000031e9      0x17d ./Drivers/STM32L1xx_HAL_Driver/Src/stm32l1xx_hal_tim_ex.o
 .debug_abbrev  0x0000000000003366      0x3a5 ./Drivers/STM32L1xx_HAL_Driver/Src/stm32l1xx_hal_uart.o
 .debug_abbrev  0x000000000000370b      0x109 ./Third_party/FreeRTOS/list.o
 .debug_abbrev  0x0000000000003814      0x3fa ./Third_party/FreeRTOS/queue.o
 .debug_abbrev  0x0000000000003c0e      0x4ca ./Third_party/FreeRTOS/tasks.o
 .debug_abbrev  0x00000000000040d8      0x253 ./Third_party/FreeRTOS/portable/GCC/ARM_CM3/port.o
 .debug_abbrev  0x000000000000432b      0x25c ./Third_party/FreeRTOS/portable/MemMang/heap_4.o
 .debug_abbrev  0x0000000000004587       0x7b ./app/app.o
 .debug_abbrev  0x0000000000004602       0xd1 ./app/interface/interface.o
 .debug_abbrev  0x00000000000046d3      0x1fc ./app/libs/lcd_lib/lcd.o
 .debug_abbrev  0x00000000000048cf      0x13a ./app/libs/numpad_lib/numpad.o
 .debug_abbrev  0x0000000000004a09      0x12e ./app/tasks/core_tasks/init_task/init_task.o
 .debug_abbrev  0x0000000000004b37      0x1e8 ./app/tasks/core_tasks/manager_task/manager_task.o
 .debug_abbrev  0x0000000000004d1f      0x10b ./app/tasks/core_tasks/uart_task/uart_task.o
 .debug_abbrev  0x0000000000004e2a      0x10b ./app/tasks/gsm_task/gsm_task.o
 .debug_abbrev  0x0000000000004f35      0x20b ./app/tasks/io_task/io_task.o
 .debug_abbrev  0x0000000000005140      0x2a9 ./app/tasks/lcd_task/lcd_task.o
 .debug_abbrev  0x00000000000053e9      0x324 ./app/tasks/numpad_task/numpad_task.o

.debug_loc      0x0000000000000000    0x11d19
 .debug_loc     0x0000000000000000       0x64 ./Core/Src/adc.o
 .debug_loc     0x0000000000000064       0x64 ./Core/Src/i2c.o
 .debug_loc     0x00000000000000c8       0x32 ./Core/Src/main.o
 .debug_loc     0x00000000000000fa       0x64 ./Core/Src/spi.o
 .debug_loc     0x000000000000015e      0x11f ./Core/Src/stm32l1xx_hal_timebase_tim.o
 .debug_loc     0x000000000000027d      0x183 ./Core/Src/system_stm32l1xx.o
 .debug_loc     0x0000000000000400       0x32 ./Core/Src/tim.o
 .debug_loc     0x0000000000000432       0x71 ./Core/Src/usart.o
 .debug_loc     0x00000000000004a3      0x1b1 ./Drivers/STM32L1xx_HAL_Driver/Src/stm32l1xx_hal.o
 .debug_loc     0x0000000000000654      0x9a6 ./Drivers/STM32L1xx_HAL_Driver/Src/stm32l1xx_hal_adc.o
 .debug_loc     0x0000000000000ffa      0x4ea ./Drivers/STM32L1xx_HAL_Driver/Src/stm32l1xx_hal_cortex.o
 .debug_loc     0x00000000000014e4      0x6a9 ./Drivers/STM32L1xx_HAL_Driver/Src/stm32l1xx_hal_dma.o
 .debug_loc     0x0000000000001b8d      0x383 ./Drivers/STM32L1xx_HAL_Driver/Src/stm32l1xx_hal_gpio.o
 .debug_loc     0x0000000000001f10     0x381a ./Drivers/STM32L1xx_HAL_Driver/Src/stm32l1xx_hal_i2c.o
 .debug_loc     0x000000000000572a      0x64e ./Drivers/STM32L1xx_HAL_Driver/Src/stm32l1xx_hal_rcc.o
 .debug_loc     0x0000000000005d78     0x1953 ./Drivers/STM32L1xx_HAL_Driver/Src/stm32l1xx_hal_spi.o
 .debug_loc     0x00000000000076cb     0x430f ./Drivers/STM32L1xx_HAL_Driver/Src/stm32l1xx_hal_tim.o
 .debug_loc     0x000000000000b9da       0xbb ./Drivers/STM32L1xx_HAL_Driver/Src/stm32l1xx_hal_tim_ex.o
 .debug_loc     0x000000000000ba95     0x1a25 ./Drivers/STM32L1xx_HAL_Driver/Src/stm32l1xx_hal_uart.o
 .debug_loc     0x000000000000d4ba       0xaf ./Third_party/FreeRTOS/list.o
 .debug_loc     0x000000000000d569     0x1827 ./Third_party/FreeRTOS/queue.o
 .debug_loc     0x000000000000ed90     0x2394 ./Third_party/FreeRTOS/tasks.o
 .debug_loc     0x0000000000011124       0xbe ./Third_party/FreeRTOS/portable/GCC/ARM_CM3/port.o
 .debug_loc     0x00000000000111e2      0x420 ./Third_party/FreeRTOS/portable/MemMang/heap_4.o
 .debug_loc     0x0000000000011602      0x1f7 ./app/libs/lcd_lib/lcd.o
 .debug_loc     0x00000000000117f9       0xa5 ./app/libs/numpad_lib/numpad.o
 .debug_loc     0x000000000001189e       0x3b ./app/tasks/core_tasks/init_task/init_task.o
 .debug_loc     0x00000000000118d9       0x3b ./app/tasks/core_tasks/manager_task/manager_task.o
 .debug_loc     0x0000000000011914       0x3b ./app/tasks/core_tasks/uart_task/uart_task.o
 .debug_loc     0x000000000001194f       0x3b ./app/tasks/gsm_task/gsm_task.o
 .debug_loc     0x000000000001198a       0x99 ./app/tasks/io_task/io_task.o
 .debug_loc     0x0000000000011a23      0x1ab ./app/tasks/lcd_task/lcd_task.o
 .debug_loc     0x0000000000011bce      0x14b ./app/tasks/numpad_task/numpad_task.o

.debug_aranges  0x0000000000000000     0x1378
 .debug_aranges
                0x0000000000000000       0x30 ./Core/Src/adc.o
 .debug_aranges
                0x0000000000000030       0x20 ./Core/Src/dma.o
 .debug_aranges
                0x0000000000000050       0x20 ./Core/Src/gpio.o
 .debug_aranges
                0x0000000000000070       0x30 ./Core/Src/i2c.o
 .debug_aranges
                0x00000000000000a0       0x38 ./Core/Src/main.o
 .debug_aranges
                0x00000000000000d8       0x30 ./Core/Src/spi.o
 .debug_aranges
                0x0000000000000108       0x20 ./Core/Src/stm32l1xx_hal_msp.o
 .debug_aranges
                0x0000000000000128       0x30 ./Core/Src/stm32l1xx_hal_timebase_tim.o
 .debug_aranges
                0x0000000000000158       0x88 ./Core/Src/stm32l1xx_it.o
 .debug_aranges
                0x00000000000001e0       0x28 ./Core/Src/system_stm32l1xx.o
 .debug_aranges
                0x0000000000000208       0x38 ./Core/Src/tim.o
 .debug_aranges
                0x0000000000000240       0x30 ./Core/Src/usart.o
 .debug_aranges
                0x0000000000000270       0x28 ./Core/Startup/startup_stm32l152c6txa.o
 .debug_aranges
                0x0000000000000298       0xd8 ./Drivers/STM32L1xx_HAL_Driver/Src/stm32l1xx_hal.o
 .debug_aranges
                0x0000000000000370       0xc8 ./Drivers/STM32L1xx_HAL_Driver/Src/stm32l1xx_hal_adc.o
 .debug_aranges
                0x0000000000000438       0xa8 ./Drivers/STM32L1xx_HAL_Driver/Src/stm32l1xx_hal_cortex.o
 .debug_aranges
                0x00000000000004e0       0x78 ./Drivers/STM32L1xx_HAL_Driver/Src/stm32l1xx_hal_dma.o
 .debug_aranges
                0x0000000000000558       0x58 ./Drivers/STM32L1xx_HAL_Driver/Src/stm32l1xx_hal_gpio.o
 .debug_aranges
                0x00000000000005b0      0x1b8 ./Drivers/STM32L1xx_HAL_Driver/Src/stm32l1xx_hal_i2c.o
 .debug_aranges
                0x0000000000000768       0x90 ./Drivers/STM32L1xx_HAL_Driver/Src/stm32l1xx_hal_rcc.o
 .debug_aranges
                0x00000000000007f8      0x188 ./Drivers/STM32L1xx_HAL_Driver/Src/stm32l1xx_hal_spi.o
 .debug_aranges
                0x0000000000000980      0x270 ./Drivers/STM32L1xx_HAL_Driver/Src/stm32l1xx_hal_tim.o
 .debug_aranges
                0x0000000000000bf0       0x28 ./Drivers/STM32L1xx_HAL_Driver/Src/stm32l1xx_hal_tim_ex.o
 .debug_aranges
                0x0000000000000c18      0x1a0 ./Drivers/STM32L1xx_HAL_Driver/Src/stm32l1xx_hal_uart.o
 .debug_aranges
                0x0000000000000db8       0x40 ./Third_party/FreeRTOS/list.o
 .debug_aranges
                0x0000000000000df8       0xf0 ./Third_party/FreeRTOS/queue.o
 .debug_aranges
                0x0000000000000ee8      0x1a8 ./Third_party/FreeRTOS/tasks.o
 .debug_aranges
                0x0000000000001090       0x70 ./Third_party/FreeRTOS/portable/GCC/ARM_CM3/port.o
 .debug_aranges
                0x0000000000001100       0x50 ./Third_party/FreeRTOS/portable/MemMang/heap_4.o
 .debug_aranges
                0x0000000000001150       0x20 ./app/app.o
 .debug_aranges
                0x0000000000001170       0x20 ./app/interface/interface.o
 .debug_aranges
                0x0000000000001190       0x40 ./app/libs/lcd_lib/lcd.o
 .debug_aranges
                0x00000000000011d0       0x28 ./app/libs/numpad_lib/numpad.o
 .debug_aranges
                0x00000000000011f8       0x28 ./app/tasks/core_tasks/init_task/init_task.o
 .debug_aranges
                0x0000000000001220       0x28 ./app/tasks/core_tasks/manager_task/manager_task.o
 .debug_aranges
                0x0000000000001248       0x28 ./app/tasks/core_tasks/uart_task/uart_task.o
 .debug_aranges
                0x0000000000001270       0x28 ./app/tasks/gsm_task/gsm_task.o
 .debug_aranges
                0x0000000000001298       0x30 ./app/tasks/io_task/io_task.o
 .debug_aranges
                0x00000000000012c8       0x40 ./app/tasks/lcd_task/lcd_task.o
 .debug_aranges
                0x0000000000001308       0x70 ./app/tasks/numpad_task/numpad_task.o

.debug_ranges   0x0000000000000000     0x1fb0
 .debug_ranges  0x0000000000000000       0x58 ./Core/Src/adc.o
 .debug_ranges  0x0000000000000058       0x40 ./Core/Src/dma.o
 .debug_ranges  0x0000000000000098       0x58 ./Core/Src/gpio.o
 .debug_ranges  0x00000000000000f0       0x48 ./Core/Src/i2c.o
 .debug_ranges  0x0000000000000138       0x58 ./Core/Src/main.o
 .debug_ranges  0x0000000000000190       0x58 ./Core/Src/spi.o
 .debug_ranges  0x00000000000001e8       0x28 ./Core/Src/stm32l1xx_hal_msp.o
 .debug_ranges  0x0000000000000210       0x50 ./Core/Src/stm32l1xx_hal_timebase_tim.o
 .debug_ranges  0x0000000000000260       0x78 ./Core/Src/stm32l1xx_it.o
 .debug_ranges  0x00000000000002d8       0x18 ./Core/Src/system_stm32l1xx.o
 .debug_ranges  0x00000000000002f0       0x48 ./Core/Src/tim.o
 .debug_ranges  0x0000000000000338       0x60 ./Core/Src/usart.o
 .debug_ranges  0x0000000000000398       0x20 ./Core/Startup/startup_stm32l152c6txa.o
 .debug_ranges  0x00000000000003b8       0xc8 ./Drivers/STM32L1xx_HAL_Driver/Src/stm32l1xx_hal.o
 .debug_ranges  0x0000000000000480       0xd0 ./Drivers/STM32L1xx_HAL_Driver/Src/stm32l1xx_hal_adc.o
 .debug_ranges  0x0000000000000550      0x160 ./Drivers/STM32L1xx_HAL_Driver/Src/stm32l1xx_hal_cortex.o
 .debug_ranges  0x00000000000006b0       0x98 ./Drivers/STM32L1xx_HAL_Driver/Src/stm32l1xx_hal_dma.o
 .debug_ranges  0x0000000000000748       0x70 ./Drivers/STM32L1xx_HAL_Driver/Src/stm32l1xx_hal_gpio.o
 .debug_ranges  0x00000000000007b8      0x510 ./Drivers/STM32L1xx_HAL_Driver/Src/stm32l1xx_hal_i2c.o
 .debug_ranges  0x0000000000000cc8       0xc8 ./Drivers/STM32L1xx_HAL_Driver/Src/stm32l1xx_hal_rcc.o
 .debug_ranges  0x0000000000000d90      0x1a8 ./Drivers/STM32L1xx_HAL_Driver/Src/stm32l1xx_hal_spi.o
 .debug_ranges  0x0000000000000f38      0x398 ./Drivers/STM32L1xx_HAL_Driver/Src/stm32l1xx_hal_tim.o
 .debug_ranges  0x00000000000012d0       0x18 ./Drivers/STM32L1xx_HAL_Driver/Src/stm32l1xx_hal_tim_ex.o
 .debug_ranges  0x00000000000012e8      0x1c8 ./Drivers/STM32L1xx_HAL_Driver/Src/stm32l1xx_hal_uart.o
 .debug_ranges  0x00000000000014b0       0x30 ./Third_party/FreeRTOS/list.o
 .debug_ranges  0x00000000000014e0      0x2f8 ./Third_party/FreeRTOS/queue.o
 .debug_ranges  0x00000000000017d8      0x4b8 ./Third_party/FreeRTOS/tasks.o
 .debug_ranges  0x0000000000001c90       0x78 ./Third_party/FreeRTOS/portable/GCC/ARM_CM3/port.o
 .debug_ranges  0x0000000000001d08       0x40 ./Third_party/FreeRTOS/portable/MemMang/heap_4.o
 .debug_ranges  0x0000000000001d48       0x10 ./app/app.o
 .debug_ranges  0x0000000000001d58       0x10 ./app/interface/interface.o
 .debug_ranges  0x0000000000001d68       0x70 ./app/libs/lcd_lib/lcd.o
 .debug_ranges  0x0000000000001dd8       0x60 ./app/libs/numpad_lib/numpad.o
 .debug_ranges  0x0000000000001e38       0x18 ./app/tasks/core_tasks/init_task/init_task.o
 .debug_ranges  0x0000000000001e50       0x18 ./app/tasks/core_tasks/manager_task/manager_task.o
 .debug_ranges  0x0000000000001e68       0x18 ./app/tasks/core_tasks/uart_task/uart_task.o
 .debug_ranges  0x0000000000001e80       0x18 ./app/tasks/gsm_task/gsm_task.o
 .debug_ranges  0x0000000000001e98       0x38 ./app/tasks/io_task/io_task.o
 .debug_ranges  0x0000000000001ed0       0x50 ./app/tasks/lcd_task/lcd_task.o
 .debug_ranges  0x0000000000001f20       0x90 ./app/tasks/numpad_task/numpad_task.o

.debug_macro    0x0000000000000000    0x179be
 .debug_macro   0x0000000000000000      0x1f0 ./Core/Src/adc.o
 .debug_macro   0x00000000000001f0      0xa72 ./Core/Src/adc.o
 .debug_macro   0x0000000000000c62      0x121 ./Core/Src/adc.o
 .debug_macro   0x0000000000000d83       0x2e ./Core/Src/adc.o
 .debug_macro   0x0000000000000db1       0x22 ./Core/Src/adc.o
 .debug_macro   0x0000000000000dd3       0x22 ./Core/Src/adc.o
 .debug_macro   0x0000000000000df5       0x8e ./Core/Src/adc.o
 .debug_macro   0x0000000000000e83       0x51 ./Core/Src/adc.o
 .debug_macro   0x0000000000000ed4      0x103 ./Core/Src/adc.o
 .debug_macro   0x0000000000000fd7       0x6a ./Core/Src/adc.o
 .debug_macro   0x0000000000001041      0x1df ./Core/Src/adc.o
 .debug_macro   0x0000000000001220       0x1c ./Core/Src/adc.o
 .debug_macro   0x000000000000123c       0x22 ./Core/Src/adc.o
 .debug_macro   0x000000000000125e       0xbd ./Core/Src/adc.o
 .debug_macro   0x000000000000131b      0xe49 ./Core/Src/adc.o
 .debug_macro   0x0000000000002164      0x11f ./Core/Src/adc.o
 .debug_macro   0x0000000000002283     0x9e5d ./Core/Src/adc.o
 .debug_macro   0x000000000000c0e0       0x6d ./Core/Src/adc.o
 .debug_macro   0x000000000000c14d     0x34ca ./Core/Src/adc.o
 .debug_macro   0x000000000000f617      0x174 ./Core/Src/adc.o
 .debug_macro   0x000000000000f78b       0x5b ./Core/Src/adc.o
 .debug_macro   0x000000000000f7e6      0xe38 ./Core/Src/adc.o
 .debug_macro   0x000000000001061e      0x12b ./Core/Src/adc.o
 .debug_macro   0x0000000000010749      0x1b9 ./Core/Src/adc.o
 .debug_macro   0x0000000000010902       0xad ./Core/Src/adc.o
 .debug_macro   0x00000000000109af      0x21e ./Core/Src/adc.o
 .debug_macro   0x0000000000010bcd      0x236 ./Core/Src/adc.o
 .debug_macro   0x0000000000010e03      0x631 ./Core/Src/adc.o
 .debug_macro   0x0000000000011434      0x15e ./Core/Src/adc.o
 .debug_macro   0x0000000000011592      0x10f ./Core/Src/adc.o
 .debug_macro   0x00000000000116a1      0x3a0 ./Core/Src/adc.o
 .debug_macro   0x0000000000011a41      0x287 ./Core/Src/adc.o
 .debug_macro   0x0000000000011cc8      0x1e9 ./Core/Src/adc.o
 .debug_macro   0x0000000000011eb1       0x22 ./Core/Src/adc.o
 .debug_macro   0x0000000000011ed3      0x217 ./Core/Src/adc.o
 .debug_macro   0x00000000000120ea      0x76c ./Core/Src/adc.o
 .debug_macro   0x0000000000012856       0x59 ./Core/Src/adc.o
 .debug_macro   0x00000000000128af      0x295 ./Core/Src/adc.o
 .debug_macro   0x0000000000012b44      0x15c ./Core/Src/adc.o
 .debug_macro   0x0000000000012ca0      0x3dc ./Core/Src/adc.o
 .debug_macro   0x000000000001307c      0x12a ./Core/Src/adc.o
 .debug_macro   0x00000000000131a6      0x1f0 ./Core/Src/dma.o
 .debug_macro   0x0000000000013396      0x1f0 ./Core/Src/gpio.o
 .debug_macro   0x0000000000013586      0x1f0 ./Core/Src/i2c.o
 .debug_macro   0x0000000000013776      0x23a ./Core/Src/main.o
 .debug_macro   0x00000000000139b0      0x1f0 ./Core/Src/spi.o
 .debug_macro   0x0000000000013ba0      0x1e6 ./Core/Src/stm32l1xx_hal_msp.o
 .debug_macro   0x0000000000013d86      0x1d7 ./Core/Src/stm32l1xx_hal_timebase_tim.o
 .debug_macro   0x0000000000013f5d      0x1f0 ./Core/Src/stm32l1xx_it.o
 .debug_macro   0x000000000001414d      0x1d7 ./Core/Src/system_stm32l1xx.o
 .debug_macro   0x0000000000014324      0x1f0 ./Core/Src/tim.o
 .debug_macro   0x0000000000014514      0x1f0 ./Core/Src/usart.o
 .debug_macro   0x0000000000014704      0x1fb ./Drivers/STM32L1xx_HAL_Driver/Src/stm32l1xx_hal.o
 .debug_macro   0x00000000000148ff      0x1f4 ./Drivers/STM32L1xx_HAL_Driver/Src/stm32l1xx_hal_adc.o
 .debug_macro   0x0000000000014af3      0x1d7 ./Drivers/STM32L1xx_HAL_Driver/Src/stm32l1xx_hal_cortex.o
 .debug_macro   0x0000000000014cca      0x1d7 ./Drivers/STM32L1xx_HAL_Driver/Src/stm32l1xx_hal_dma.o
 .debug_macro   0x0000000000014ea1      0x1de ./Drivers/STM32L1xx_HAL_Driver/Src/stm32l1xx_hal_gpio.o
 .debug_macro   0x000000000001507f      0x21e ./Drivers/STM32L1xx_HAL_Driver/Src/stm32l1xx_hal_i2c.o
 .debug_macro   0x000000000001529d      0x1e9 ./Drivers/STM32L1xx_HAL_Driver/Src/stm32l1xx_hal_rcc.o
 .debug_macro   0x0000000000015486      0x1e6 ./Drivers/STM32L1xx_HAL_Driver/Src/stm32l1xx_hal_spi.o
 .debug_macro   0x000000000001566c      0x1d8 ./Drivers/STM32L1xx_HAL_Driver/Src/stm32l1xx_hal_tim.o
 .debug_macro   0x0000000000015844      0x1d7 ./Drivers/STM32L1xx_HAL_Driver/Src/stm32l1xx_hal_tim_ex.o
 .debug_macro   0x0000000000015a1b      0x1d8 ./Drivers/STM32L1xx_HAL_Driver/Src/stm32l1xx_hal_uart.o
 .debug_macro   0x0000000000015bf3      0x198 ./Third_party/FreeRTOS/list.o
 .debug_macro   0x0000000000015d8b      0x221 ./Third_party/FreeRTOS/queue.o
 .debug_macro   0x0000000000015fac       0x16 ./Third_party/FreeRTOS/queue.o
 .debug_macro   0x0000000000015fc2       0x20 ./Third_party/FreeRTOS/queue.o
 .debug_macro   0x0000000000015fe2       0x80 ./Third_party/FreeRTOS/queue.o
 .debug_macro   0x0000000000016062      0x27e ./Third_party/FreeRTOS/tasks.o
 .debug_macro   0x00000000000162e0       0x17 ./Third_party/FreeRTOS/tasks.o
 .debug_macro   0x00000000000162f7      0x177 ./Third_party/FreeRTOS/portable/GCC/ARM_CM3/port.o
 .debug_macro   0x000000000001646e      0x1b3 ./Third_party/FreeRTOS/portable/MemMang/heap_4.o
 .debug_macro   0x0000000000016621       0xe9 ./app/app.o
 .debug_macro   0x000000000001670a       0xf8 ./app/interface/interface.o
 .debug_macro   0x0000000000016802      0x179 ./app/libs/lcd_lib/lcd.o
 .debug_macro   0x000000000001697b       0x22 ./app/libs/lcd_lib/lcd.o
 .debug_macro   0x000000000001699d      0x155 ./app/libs/numpad_lib/numpad.o
 .debug_macro   0x0000000000016af2      0x13e ./app/tasks/core_tasks/init_task/init_task.o
 .debug_macro   0x0000000000016c30      0x1fe ./app/tasks/core_tasks/manager_task/manager_task.o
 .debug_macro   0x0000000000016e2e       0xdf ./app/tasks/core_tasks/uart_task/uart_task.o
 .debug_macro   0x0000000000016f0d       0xdf ./app/tasks/gsm_task/gsm_task.o
 .debug_macro   0x0000000000016fec      0x29d ./app/tasks/io_task/io_task.o
 .debug_macro   0x0000000000017289      0x36b ./app/tasks/lcd_task/lcd_task.o
 .debug_macro   0x00000000000175f4       0x55 ./app/tasks/lcd_task/lcd_task.o
 .debug_macro   0x0000000000017649      0x375 ./app/tasks/numpad_task/numpad_task.o

.debug_line     0x0000000000000000    0x257f1
 .debug_line    0x0000000000000000      0x82e ./Core/Src/adc.o
 .debug_line    0x000000000000082e      0x72a ./Core/Src/dma.o
 .debug_line    0x0000000000000f58      0x820 ./Core/Src/gpio.o
 .debug_line    0x0000000000001778      0x805 ./Core/Src/i2c.o
 .debug_line    0x0000000000001f7d      0x8eb ./Core/Src/main.o
 .debug_line    0x0000000000002868      0x811 ./Core/Src/spi.o
 .debug_line    0x0000000000003079      0x72e ./Core/Src/stm32l1xx_hal_msp.o
 .debug_line    0x00000000000037a7      0x80d ./Core/Src/stm32l1xx_hal_timebase_tim.o
 .debug_line    0x0000000000003fb4      0x89f ./Core/Src/stm32l1xx_it.o
 .debug_line    0x0000000000004853      0x7d2 ./Core/Src/system_stm32l1xx.o
 .debug_line    0x0000000000005025      0x857 ./Core/Src/tim.o
 .debug_line    0x000000000000587c      0x85d ./Core/Src/usart.o
 .debug_line    0x00000000000060d9       0x88 ./Core/Startup/startup_stm32l152c6txa.o
 .debug_line    0x0000000000006161      0xa61 ./Drivers/STM32L1xx_HAL_Driver/Src/stm32l1xx_hal.o
 .debug_line    0x0000000000006bc2     0x1384 ./Drivers/STM32L1xx_HAL_Driver/Src/stm32l1xx_hal_adc.o
 .debug_line    0x0000000000007f46      0xce5 ./Drivers/STM32L1xx_HAL_Driver/Src/stm32l1xx_hal_cortex.o