../app/tasks/numpad_task/numpad_task.c:46:6:numpad_task	56	static
../app/tasks/numpad_task/numpad_task.c:121:6:numpad_delay	0	static
../app/tasks/numpad_task/numpad_task.c:79:6:col0_write	0	static
../app/tasks/numpad_task/numpad_task.c:84:6:col1_write	0	static
../app/tasks/numpad_task/numpad_task.c:89:6:col2_write	0	static
../app/tasks/numpad_task/numpad_task.c:94:6:row0_read	8	static
../app/tasks/numpad_task/numpad_task.c:99:6:row1_read	8	static
../app/tasks/numpad_task/numpad_task.c:104:6:row2_read	8	static
../app/tasks/numpad_task/numpad_task.c:109:6:row3_read	8	static
../app/tasks/numpad_task/numpad_task.c:114:6:buzzer_write	0	static
../app/tasks/numpad_task/numpad_task.c:32:6:numpad_task_create	16	static
