../app/tasks/numpad_task/numpad_task.c:46:6:numpad_task	48	static
../app/tasks/numpad_task/numpad_task.c:127:6:numpad_delay	0	static
../app/tasks/numpad_task/numpad_task.c:85:6:col0_write	0	static
../app/tasks/numpad_task/numpad_task.c:90:6:col1_write	0	static
../app/tasks/numpad_task/numpad_task.c:95:6:col2_write	0	static
../app/tasks/numpad_task/numpad_task.c:100:6:row0_read	8	static
../app/tasks/numpad_task/numpad_task.c:105:6:row1_read	8	static
../app/tasks/numpad_task/numpad_task.c:110:6:row2_read	8	static
../app/tasks/numpad_task/numpad_task.c:115:6:row3_read	8	static
../app/tasks/numpad_task/numpad_task.c:120:6:buzzer_write	0	static
../app/tasks/numpad_task/numpad_task.c:32:6:numpad_task_create	16	static
